#! /c/Source/iverilog-install/bin/vvp
:ivl_version "12.0 (devel)" "(s20150603-1539-g2693dd32b)";
:ivl_delay_selection "TYPICAL";
:vpi_time_precision - 12;
:vpi_module "C:\Users\iverilog\lib\ivl\system.vpi";
:vpi_module "C:\Users\iverilog\lib\ivl\vhdl_sys.vpi";
:vpi_module "C:\Users\iverilog\lib\ivl\vhdl_textio.vpi";
:vpi_module "C:\Users\iverilog\lib\ivl\v2005_math.vpi";
:vpi_module "C:\Users\iverilog\lib\ivl\va_math.vpi";
:vpi_module "C:\Users\iverilog\lib\ivl\v2009.vpi";
S_0000023276a44e30 .scope package, "$unit" "$unit" 2 1;
 .timescale 0 0;
S_0000023276a40080 .scope module, "sync_fifo_tb" "sync_fifo_tb" 3 3;
 .timescale -9 -12;
P_0000023276788650 .param/l "DATA_WIDTH" 0 3 5, +C4<00000000000000000000000000001000>;
P_0000023276788688 .param/l "FIFO_DEPTH" 0 3 6, +C4<00000000000000000000000000001000>;
v0000023276ac8b60_0 .net "almost_empty", 0 0, L_0000023276ac9cb0;  1 drivers
v0000023276ac8480_0 .var "almost_empty_val", 3 0;
v0000023276ac8c00_0 .net "almost_full", 0 0, L_0000023276acab10;  1 drivers
v0000023276ac8200_0 .var "almost_full_val", 3 0;
v0000023276ac8ca0_0 .var "clk", 0 0;
v0000023276ac8e80_0 .net "data_count", 3 0, L_0000023276a5dba0;  1 drivers
v0000023276ac8d40_0 .var "din", 7 0;
v0000023276ac80c0_0 .net "dout", 7 0, v0000023276a6f560_0;  1 drivers
v0000023276ac8f20_0 .net "empty", 0 0, L_0000023276a5cfd0;  1 drivers
v0000023276ac87a0_0 .net "full", 0 0, L_0000023276a5cf60;  1 drivers
v0000023276ac8520_0 .var/i "i", 31 0;
v0000023276ac85c0_0 .var "rd_en", 0 0;
v0000023276ac9c10_0 .var "rst_n", 0 0;
v0000023276acaa70_0 .var "wr_en", 0 0;
S_0000023276a6f3d0 .scope autotask, "check_condition" "check_condition" 3 43, 3 43 0, S_0000023276a40080;
 .timescale -9 -12;
v0000023276a3b1f0_0 .var "condition", 0 0;
v0000023276a3c2a0_0 .var/str "msg";
TD_sync_fifo_tb.check_condition ;
    %load/vec4 v0000023276a3b1f0_0;
    %nor/r;
    %flag_set/vec4 8;
    %jmp/0xz  T_0.0, 8;
    %vpi_call/w 3 48 "$display", "FAIL: %s", v0000023276a3c2a0_0 {0 0 0};
    %vpi_call/w 3 49 "$finish" {0 0 0};
T_0.0 ;
    %end;
S_0000023276a5c940 .scope module, "dut" "sync_fifo" 3 27, 4 1 0, S_0000023276a40080;
 .timescale -9 -12;
    .port_info 0 /INPUT 1 "clk";
    .port_info 1 /INPUT 1 "rst_n";
    .port_info 2 /INPUT 1 "wr_en";
    .port_info 3 /INPUT 1 "rd_en";
    .port_info 4 /INPUT 8 "din";
    .port_info 5 /INPUT 4 "almost_full_val";
    .port_info 6 /INPUT 4 "almost_empty_val";
    .port_info 7 /OUTPUT 8 "dout";
    .port_info 8 /OUTPUT 1 "full";
    .port_info 9 /OUTPUT 1 "empty";
    .port_info 10 /OUTPUT 1 "almost_full";
    .port_info 11 /OUTPUT 1 "almost_empty";
    .port_info 12 /OUTPUT 4 "data_count";
P_000002327678bd80 .param/l "ADDR_WIDTH" 1 4 22, +C4<00000000000000000000000000000011>;
P_000002327678bdb8 .param/l "DATA_WIDTH" 0 4 2, +C4<00000000000000000000000000001000>;
P_000002327678bdf0 .param/l "FIFO_DEPTH" 0 4 3, +C4<00000000000000000000000000001000>;
L_0000023276a5cf60 .functor BUFZ 1, v0000023276ac8660_0, C4<0>, C4<0>, C4<0>;
L_0000023276a5cfd0 .functor BUFZ 1, v0000023276ac8a20_0, C4<0>, C4<0>, C4<0>;
L_0000023276a5dba0 .functor BUFZ 4, v0000023276a429f0_0, C4<0000>, C4<0000>, C4<0000>;
v0000023276a69ed0_0 .net "almost_empty", 0 0, L_0000023276ac9cb0;  alias, 1 drivers
v0000023276a132f0_0 .net "almost_empty_val", 3 0, v0000023276ac8480_0;  1 drivers
v0000023276a70f60_0 .net "almost_full", 0 0, L_0000023276acab10;  alias, 1 drivers
v0000023276a71000_0 .net "almost_full_val", 3 0, v0000023276ac8200_0;  1 drivers
v0000023276a40210_0 .net "clk", 0 0, v0000023276ac8ca0_0;  1 drivers
v0000023276a402b0_0 .net "data_count", 3 0, L_0000023276a5dba0;  alias, 1 drivers
v0000023276a429f0_0 .var "data_count_reg", 3 0;
v0000023276a42a90_0 .net "din", 7 0, v0000023276ac8d40_0;  1 drivers
v0000023276a6f560_0 .var "dout", 7 0;
v0000023276ac8de0_0 .net "empty", 0 0, L_0000023276a5cfd0;  alias, 1 drivers
v0000023276ac8a20_0 .var "empty_val", 0 0;
v0000023276ac82a0_0 .net "full", 0 0, L_0000023276a5cf60;  alias, 1 drivers
v0000023276ac8660_0 .var "full_val", 0 0;
v0000023276ac8160 .array "mem", 7 0, 7 0;
v0000023276ac8340_0 .net "rd_en", 0 0, v0000023276ac85c0_0;  1 drivers
v0000023276ac8020_0 .var "rd_ptr", 3 0;
v0000023276ac88e0_0 .var "rd_ptr_next", 3 0;
v0000023276ac8840_0 .net "rst_n", 0 0, v0000023276ac9c10_0;  1 drivers
v0000023276ac83e0_0 .net "wr_en", 0 0, v0000023276acaa70_0;  1 drivers
v0000023276ac8ac0_0 .var "wr_ptr", 3 0;
v0000023276ac8700_0 .var "wr_ptr_next", 3 0;
E_0000023276a727b0 .event anyedge, v0000023276ac8ac0_0, v0000023276ac8020_0;
v0000023276ac8160_0 .array/port v0000023276ac8160, 0;
v0000023276ac8160_1 .array/port v0000023276ac8160, 1;
v0000023276ac8160_2 .array/port v0000023276ac8160, 2;
E_0000023276a72930/0 .event anyedge, v0000023276ac8020_0, v0000023276ac8160_0, v0000023276ac8160_1, v0000023276ac8160_2;
v0000023276ac8160_3 .array/port v0000023276ac8160, 3;
v0000023276ac8160_4 .array/port v0000023276ac8160, 4;
v0000023276ac8160_5 .array/port v0000023276ac8160, 5;
v0000023276ac8160_6 .array/port v0000023276ac8160, 6;
E_0000023276a72930/1 .event anyedge, v0000023276ac8160_3, v0000023276ac8160_4, v0000023276ac8160_5, v0000023276ac8160_6;
v0000023276ac8160_7 .array/port v0000023276ac8160, 7;
E_0000023276a72930/2 .event anyedge, v0000023276ac8160_7;
E_0000023276a72930 .event/or E_0000023276a72930/0, E_0000023276a72930/1, E_0000023276a72930/2;
E_0000023276a724b0 .event posedge, v0000023276a40210_0;
E_0000023276a72a70/0 .event negedge, v0000023276ac8840_0;
E_0000023276a72a70/1 .event posedge, v0000023276a40210_0;
E_0000023276a72a70 .event/or E_0000023276a72a70/0, E_0000023276a72a70/1;
E_0000023276a73370/0 .event anyedge, v0000023276ac8ac0_0, v0000023276ac8020_0, v0000023276ac83e0_0, v0000023276ac8660_0;
E_0000023276a73370/1 .event anyedge, v0000023276ac8340_0, v0000023276ac8a20_0;
E_0000023276a73370 .event/or E_0000023276a73370/0, E_0000023276a73370/1;
L_0000023276acab10 .cmp/ge 4, v0000023276a429f0_0, v0000023276ac8200_0;
L_0000023276ac9cb0 .cmp/ge 4, v0000023276ac8480_0, v0000023276a429f0_0;
S_0000023276a5cbe0 .scope task, "read_word" "read_word" 3 65, 3 65 0, S_0000023276a40080;
 .timescale -9 -12;
TD_sync_fifo_tb.read_word ;
    %wait E_0000023276a724b0;
    %pushi/vec4 1, 0, 1;
    %store/vec4 v0000023276ac85c0_0, 0, 1;
    %delay 1000, 0;
    %wait E_0000023276a724b0;
    %pushi/vec4 0, 0, 1;
    %store/vec4 v0000023276ac85c0_0, 0, 1;
    %end;
S_0000023276a12ce0 .scope autotask, "reset_fifo" "reset_fifo" 3 75, 3 75 0, S_0000023276a40080;
 .timescale -9 -12;
TD_sync_fifo_tb.reset_fifo ;
    %pushi/vec4 0, 0, 1;
    %store/vec4 v0000023276ac9c10_0, 0, 1;
    %pushi/vec4 0, 0, 1;
    %store/vec4 v0000023276acaa70_0, 0, 1;
    %pushi/vec4 0, 0, 1;
    %store/vec4 v0000023276ac85c0_0, 0, 1;
    %pushi/vec4 0, 0, 8;
    %store/vec4 v0000023276ac8d40_0, 0, 8;
    %pushi/vec4 0, 0, 4;
    %store/vec4 v0000023276ac8200_0, 0, 4;
    %pushi/vec4 0, 0, 4;
    %store/vec4 v0000023276ac8480_0, 0, 4;
    %pushi/vec4 3, 0, 32;
T_2.2 %dup/vec4;
    %pushi/vec4 0, 0, 32;
    %cmp/s;
    %jmp/1xz T_2.3, 5;
    %jmp/1 T_2.3, 4;
    %pushi/vec4 1, 0, 32;
    %sub;
    %wait E_0000023276a724b0;
    %jmp T_2.2;
T_2.3 ;
    %pop/vec4 1;
    %pushi/vec4 1, 0, 1;
    %store/vec4 v0000023276ac9c10_0, 0, 1;
    %delay 1000, 0;
    %end;
S_0000023276a12e70 .scope task, "write_word" "write_word" 3 54, 3 54 0, S_0000023276a40080;
 .timescale -9 -12;
v0000023276ac8980_0 .var "value", 7 0;
TD_sync_fifo_tb.write_word ;
    %wait E_0000023276a724b0;
    %pushi/vec4 1, 0, 1;
    %store/vec4 v0000023276acaa70_0, 0, 1;
    %load/vec4 v0000023276ac8980_0;
    %store/vec4 v0000023276ac8d40_0, 0, 8;
    %wait E_0000023276a724b0;
    %pushi/vec4 0, 0, 1;
    %store/vec4 v0000023276acaa70_0, 0, 1;
    %end;
    .scope S_0000023276a5c940;
T_4 ;
    %wait E_0000023276a73370;
    %load/vec4 v0000023276ac8ac0_0;
    %store/vec4 v0000023276ac8700_0, 0, 4;
    %load/vec4 v0000023276ac8020_0;
    %store/vec4 v0000023276ac88e0_0, 0, 4;
    %load/vec4 v0000023276ac83e0_0;
    %flag_set/vec4 9;
    %flag_get/vec4 9;
    %jmp/0 T_4.2, 9;
    %load/vec4 v0000023276ac8660_0;
    %nor/r;
    %and;
T_4.2;
    %flag_set/vec4 8;
    %jmp/0xz  T_4.0, 8;
    %load/vec4 v0000023276ac8ac0_0;
    %addi 1, 0, 4;
    %store/vec4 v0000023276ac8700_0, 0, 4;
T_4.0 ;
    %load/vec4 v0000023276ac8340_0;
    %flag_set/vec4 9;
    %flag_get/vec4 9;
    %jmp/0 T_4.5, 9;
    %load/vec4 v0000023276ac8a20_0;
    %nor/r;
    %and;
T_4.5;
    %flag_set/vec4 8;
    %jmp/0xz  T_4.3, 8;
    %load/vec4 v0000023276ac8020_0;
    %addi 1, 0, 4;
    %store/vec4 v0000023276ac88e0_0, 0, 4;
T_4.3 ;
    %jmp T_4;
    .thread T_4, $push;
    .scope S_0000023276a5c940;
T_5 ;
    %wait E_0000023276a72a70;
    %load/vec4 v0000023276ac8840_0;
    %nor/r;
    %flag_set/vec4 8;
    %jmp/0xz  T_5.0, 8;
    %pushi/vec4 0, 0, 4;
    %assign/vec4 v0000023276ac8ac0_0, 0;
    %pushi/vec4 0, 0, 4;
    %assign/vec4 v0000023276ac8020_0, 0;
    %jmp T_5.1;
T_5.0 ;
    %load/vec4 v0000023276ac8700_0;
    %assign/vec4 v0000023276ac8ac0_0, 0;
    %load/vec4 v0000023276ac88e0_0;
    %assign/vec4 v0000023276ac8020_0, 0;
T_5.1 ;
    %jmp T_5;
    .thread T_5;
    .scope S_0000023276a5c940;
T_6 ;
    %wait E_0000023276a724b0;
    %load/vec4 v0000023276ac83e0_0;
    %flag_set/vec4 9;
    %flag_get/vec4 9;
    %jmp/0 T_6.2, 9;
    %load/vec4 v0000023276ac8660_0;
    %nor/r;
    %and;
T_6.2;
    %flag_set/vec4 8;
    %jmp/0xz  T_6.0, 8;
    %load/vec4 v0000023276a42a90_0;
    %load/vec4 v0000023276ac8ac0_0;
    %parti/s 3, 0, 2;
    %pad/u 5;
    %ix/vec4 3;
    %ix/load 4, 0, 0; Constant delay
    %assign/vec4/a/d v0000023276ac8160, 0, 4;
T_6.0 ;
    %jmp T_6;
    .thread T_6;
    .scope S_0000023276a5c940;
T_7 ;
    %wait E_0000023276a72930;
    %load/vec4 v0000023276ac8020_0;
    %parti/s 3, 0, 2;
    %pad/u 5;
    %ix/vec4 4;
    %load/vec4a v0000023276ac8160, 4;
    %store/vec4 v0000023276a6f560_0, 0, 8;
    %jmp T_7;
    .thread T_7, $push;
    .scope S_0000023276a5c940;
T_8 ;
    %wait E_0000023276a727b0;
    %load/vec4 v0000023276ac8ac0_0;
    %parti/s 1, 3, 3;
    %load/vec4 v0000023276ac8020_0;
    %parti/s 1, 3, 3;
    %cmp/ne;
    %flag_get/vec4 4;
    %jmp/0 T_8.0, 4;
    %load/vec4 v0000023276ac8ac0_0;
    %parti/s 3, 0, 2;
    %load/vec4 v0000023276ac8020_0;
    %parti/s 3, 0, 2;
    %cmp/e;
    %flag_get/vec4 4;
    %and;
T_8.0;
    %store/vec4 v0000023276ac8660_0, 0, 1;
    %load/vec4 v0000023276ac8ac0_0;
    %load/vec4 v0000023276ac8020_0;
    %cmp/e;
    %flag_get/vec4 4;
    %store/vec4 v0000023276ac8a20_0, 0, 1;
    %load/vec4 v0000023276ac8ac0_0;
    %load/vec4 v0000023276ac8020_0;
    %sub;
    %store/vec4 v0000023276a429f0_0, 0, 4;
    %jmp T_8;
    .thread T_8, $push;
    .scope S_0000023276a40080;
T_9 ;
    %pushi/vec4 0, 0, 1;
    %store/vec4 v0000023276ac8ca0_0, 0, 1;
T_9.0 ;
    %delay 5000, 0;
    %load/vec4 v0000023276ac8ca0_0;
    %inv;
    %store/vec4 v0000023276ac8ca0_0, 0, 1;
    %jmp T_9.0;
    %end;
    .thread T_9;
    .scope S_0000023276a40080;
T_10 ;
    %pushi/vec4 0, 0, 1;
    %store/vec4 v0000023276ac9c10_0, 0, 1;
    %pushi/vec4 0, 0, 1;
    %store/vec4 v0000023276acaa70_0, 0, 1;
    %pushi/vec4 0, 0, 1;
    %store/vec4 v0000023276ac85c0_0, 0, 1;
    %pushi/vec4 0, 0, 8;
    %store/vec4 v0000023276ac8d40_0, 0, 8;
    %pushi/vec4 0, 0, 4;
    %store/vec4 v0000023276ac8200_0, 0, 4;
    %pushi/vec4 0, 0, 4;
    %store/vec4 v0000023276ac8480_0, 0, 4;
    %pushi/vec4 3, 0, 32;
T_10.0 %dup/vec4;
    %pushi/vec4 0, 0, 32;
    %cmp/s;
    %jmp/1xz T_10.1, 5;
    %jmp/1 T_10.1, 4;
    %pushi/vec4 1, 0, 32;
    %sub;
    %wait E_0000023276a724b0;
    %jmp T_10.0;
T_10.1 ;
    %pop/vec4 1;
    %pushi/vec4 1, 0, 1;
    %store/vec4 v0000023276ac9c10_0, 0, 1;
    %delay 1000, 0;
    %alloc S_0000023276a6f3d0;
    %load/vec4 v0000023276ac8f20_0;
    %pushi/vec4 1, 0, 1;
    %cmp/e;
    %flag_get/vec4 6;
    %store/vec4 v0000023276a3b1f0_0, 0, 1;
    %pushi/str "initial empty flag";
    %store/str v0000023276a3c2a0_0;
    %fork TD_sync_fifo_tb.check_condition, S_0000023276a6f3d0;
    %join;
    %free S_0000023276a6f3d0;
    %alloc S_0000023276a6f3d0;
    %load/vec4 v0000023276ac87a0_0;
    %pushi/vec4 0, 0, 1;
    %cmp/e;
    %flag_get/vec4 6;
    %store/vec4 v0000023276a3b1f0_0, 0, 1;
    %pushi/str "initial full flag";
    %store/str v0000023276a3c2a0_0;
    %fork TD_sync_fifo_tb.check_condition, S_0000023276a6f3d0;
    %join;
    %free S_0000023276a6f3d0;
    %pushi/vec4 4, 0, 4;
    %store/vec4 v0000023276ac8200_0, 0, 4;
    %pushi/vec4 2, 0, 4;
    %store/vec4 v0000023276ac8480_0, 0, 4;
    %pushi/vec4 16, 0, 8;
    %store/vec4 v0000023276ac8980_0, 0, 8;
    %fork TD_sync_fifo_tb.write_word, S_0000023276a12e70;
    %join;
    %pushi/vec4 17, 0, 8;
    %store/vec4 v0000023276ac8980_0, 0, 8;
    %fork TD_sync_fifo_tb.write_word, S_0000023276a12e70;
    %join;
    %pushi/vec4 18, 0, 8;
    %store/vec4 v0000023276ac8980_0, 0, 8;
    %fork TD_sync_fifo_tb.write_word, S_0000023276a12e70;
    %join;
    %pushi/vec4 19, 0, 8;
    %store/vec4 v0000023276ac8980_0, 0, 8;
    %fork TD_sync_fifo_tb.write_word, S_0000023276a12e70;
    %join;
    %delay 1000, 0;
    %alloc S_0000023276a6f3d0;
    %load/vec4 v0000023276ac8c00_0;
    %pushi/vec4 1, 0, 1;
    %cmp/e;
    %flag_get/vec4 6;
    %store/vec4 v0000023276a3b1f0_0, 0, 1;
    %pushi/str "almost_full after 4 writes";
    %store/str v0000023276a3c2a0_0;
    %fork TD_sync_fifo_tb.check_condition, S_0000023276a6f3d0;
    %join;
    %free S_0000023276a6f3d0;
    %alloc S_0000023276a6f3d0;
    %load/vec4 v0000023276ac8e80_0;
    %pad/u 32;
    %pushi/vec4 4, 0, 32;
    %cmp/e;
    %flag_get/vec4 6;
    %store/vec4 v0000023276a3b1f0_0, 0, 1;
    %pushi/str "data_count after 4 writes";
    %store/str v0000023276a3c2a0_0;
    %fork TD_sync_fifo_tb.check_condition, S_0000023276a6f3d0;
    %join;
    %free S_0000023276a6f3d0;
    %pushi/vec4 20, 0, 8;
    %store/vec4 v0000023276ac8980_0, 0, 8;
    %fork TD_sync_fifo_tb.write_word, S_0000023276a12e70;
    %join;
    %pushi/vec4 21, 0, 8;
    %store/vec4 v0000023276ac8980_0, 0, 8;
    %fork TD_sync_fifo_tb.write_word, S_0000023276a12e70;
    %join;
    %pushi/vec4 22, 0, 8;
    %store/vec4 v0000023276ac8980_0, 0, 8;
    %fork TD_sync_fifo_tb.write_word, S_0000023276a12e70;
    %join;
    %pushi/vec4 23, 0, 8;
    %store/vec4 v0000023276ac8980_0, 0, 8;
    %fork TD_sync_fifo_tb.write_word, S_0000023276a12e70;
    %join;
    %delay 1000, 0;
    %alloc S_0000023276a6f3d0;
    %load/vec4 v0000023276ac87a0_0;
    %pushi/vec4 1, 0, 1;
    %cmp/e;
    %flag_get/vec4 6;
    %store/vec4 v0000023276a3b1f0_0, 0, 1;
    %pushi/str "full flag after 8 writes";
    %store/str v0000023276a3c2a0_0;
    %fork TD_sync_fifo_tb.check_condition, S_0000023276a6f3d0;
    %join;
    %free S_0000023276a6f3d0;
    %alloc S_0000023276a6f3d0;
    %load/vec4 v0000023276ac8e80_0;
    %pad/u 32;
    %pushi/vec4 8, 0, 32;
    %cmp/e;
    %flag_get/vec4 6;
    %store/vec4 v0000023276a3b1f0_0, 0, 1;
    %pushi/str "data_count after 8 writes";
    %store/str v0000023276a3c2a0_0;
    %fork TD_sync_fifo_tb.check_condition, S_0000023276a6f3d0;
    %join;
    %free S_0000023276a6f3d0;
    %fork TD_sync_fifo_tb.read_word, S_0000023276a5cbe0;
    %join;
    %alloc S_0000023276a6f3d0;
    %load/vec4 v0000023276ac80c0_0;
    %pushi/vec4 16, 0, 8;
    %cmp/e;
    %flag_get/vec4 6;
    %store/vec4 v0000023276a3b1f0_0, 0, 1;
    %pushi/str "first read data";
    %store/str v0000023276a3c2a0_0;
    %fork TD_sync_fifo_tb.check_condition, S_0000023276a6f3d0;
    %join;
    %free S_0000023276a6f3d0;
    %alloc S_0000023276a6f3d0;
    %load/vec4 v0000023276ac8f20_0;
    %pushi/vec4 0, 0, 1;
    %cmp/e;
    %flag_get/vec4 6;
    %store/vec4 v0000023276a3b1f0_0, 0, 1;
    %pushi/str "empty after first read";
    %store/str v0000023276a3c2a0_0;
    %fork TD_sync_fifo_tb.check_condition, S_0000023276a6f3d0;
    %join;
    %free S_0000023276a6f3d0;
    %fork TD_sync_fifo_tb.read_word, S_0000023276a5cbe0;
    %join;
    %alloc S_0000023276a6f3d0;
    %load/vec4 v0000023276ac80c0_0;
    %pushi/vec4 17, 0, 8;
    %cmp/e;
    %flag_get/vec4 6;
    %store/vec4 v0000023276a3b1f0_0, 0, 1;
    %pushi/str "second read data";
    %store/str v0000023276a3c2a0_0;
    %fork TD_sync_fifo_tb.check_condition, S_0000023276a6f3d0;
    %join;
    %free S_0000023276a6f3d0;
    %alloc S_0000023276a12ce0;
    %fork TD_sync_fifo_tb.reset_fifo, S_0000023276a12ce0;
    %join;
    %free S_0000023276a12ce0;
    %pushi/vec4 4, 0, 4;
    %store/vec4 v0000023276ac8200_0, 0, 4;
    %pushi/vec4 2, 0, 4;
    %store/vec4 v0000023276ac8480_0, 0, 4;
    %alloc S_0000023276a6f3d0;
    %load/vec4 v0000023276ac8f20_0;
    %pushi/vec4 1, 0, 1;
    %cmp/e;
    %flag_get/vec4 6;
    %store/vec4 v0000023276a3b1f0_0, 0, 1;
    %pushi/str "empty after reset";
    %store/str v0000023276a3c2a0_0;
    %fork TD_sync_fifo_tb.check_condition, S_0000023276a6f3d0;
    %join;
    %free S_0000023276a6f3d0;
    %alloc S_0000023276a6f3d0;
    %load/vec4 v0000023276ac87a0_0;
    %pushi/vec4 0, 0, 1;
    %cmp/e;
    %flag_get/vec4 6;
    %store/vec4 v0000023276a3b1f0_0, 0, 1;
    %pushi/str "full after reset";
    %store/str v0000023276a3c2a0_0;
    %fork TD_sync_fifo_tb.check_condition, S_0000023276a6f3d0;
    %join;
    %free S_0000023276a6f3d0;
    %alloc S_0000023276a6f3d0;
    %load/vec4 v0000023276ac8b60_0;
    %pushi/vec4 1, 0, 1;
    %cmp/e;
    %flag_get/vec4 6;
    %store/vec4 v0000023276a3b1f0_0, 0, 1;
    %pushi/str "almost_empty after reset";
    %store/str v0000023276a3c2a0_0;
    %fork TD_sync_fifo_tb.check_condition, S_0000023276a6f3d0;
    %join;
    %free S_0000023276a6f3d0;
    %pushi/vec4 170, 0, 8;
    %store/vec4 v0000023276ac8980_0, 0, 8;
    %fork TD_sync_fifo_tb.write_word, S_0000023276a12e70;
    %join;
    %delay 1000, 0;
    %alloc S_0000023276a6f3d0;
    %load/vec4 v0000023276ac8f20_0;
    %pushi/vec4 0, 0, 1;
    %cmp/e;
    %flag_get/vec4 6;
    %store/vec4 v0000023276a3b1f0_0, 0, 1;
    %pushi/str "empty after first write";
    %store/str v0000023276a3c2a0_0;
    %fork TD_sync_fifo_tb.check_condition, S_0000023276a6f3d0;
    %join;
    %free S_0000023276a6f3d0;
    %alloc S_0000023276a6f3d0;
    %load/vec4 v0000023276ac87a0_0;
    %pushi/vec4 0, 0, 1;
    %cmp/e;
    %flag_get/vec4 6;
    %store/vec4 v0000023276a3b1f0_0, 0, 1;
    %pushi/str "full after first write";
    %store/str v0000023276a3c2a0_0;
    %fork TD_sync_fifo_tb.check_condition, S_0000023276a6f3d0;
    %join;
    %free S_0000023276a6f3d0;
    %pushi/vec4 0, 0, 32;
    %store/vec4 v0000023276ac8520_0, 0, 32;
T_10.2 ;
    %load/vec4 v0000023276ac8520_0;
    %cmpi/s 7, 0, 32;
    %jmp/0xz T_10.3, 5;
    %pushi/vec4 16, 0, 32;
    %load/vec4 v0000023276ac8520_0;
    %add;
    %pad/u 8;
    %store/vec4 v0000023276ac8980_0, 0, 8;
    %fork TD_sync_fifo_tb.write_word, S_0000023276a12e70;
    %join;
    %load/vec4 v0000023276ac8520_0;
    %addi 1, 0, 32;
    %store/vec4 v0000023276ac8520_0, 0, 32;
    %jmp T_10.2;
T_10.3 ;
    %delay 1000, 0;
    %alloc S_0000023276a6f3d0;
    %load/vec4 v0000023276ac87a0_0;
    %pushi/vec4 1, 0, 1;
    %cmp/e;
    %flag_get/vec4 6;
    %store/vec4 v0000023276a3b1f0_0, 0, 1;
    %pushi/str "full after second fill";
    %store/str v0000023276a3c2a0_0;
    %fork TD_sync_fifo_tb.check_condition, S_0000023276a6f3d0;
    %join;
    %free S_0000023276a6f3d0;
    %alloc S_0000023276a6f3d0;
    %load/vec4 v0000023276ac8c00_0;
    %pushi/vec4 1, 0, 1;
    %cmp/e;
    %flag_get/vec4 6;
    %store/vec4 v0000023276a3b1f0_0, 0, 1;
    %pushi/str "almost_full after second fill";
    %store/str v0000023276a3c2a0_0;
    %fork TD_sync_fifo_tb.check_condition, S_0000023276a6f3d0;
    %join;
    %free S_0000023276a6f3d0;
    %alloc S_0000023276a6f3d0;
    %load/vec4 v0000023276ac8e80_0;
    %pad/u 32;
    %pushi/vec4 8, 0, 32;
    %cmp/e;
    %flag_get/vec4 6;
    %store/vec4 v0000023276a3b1f0_0, 0, 1;
    %pushi/str "data_count after second fill";
    %store/str v0000023276a3c2a0_0;
    %fork TD_sync_fifo_tb.check_condition, S_0000023276a6f3d0;
    %join;
    %free S_0000023276a6f3d0;
    %pushi/vec4 0, 0, 32;
    %store/vec4 v0000023276ac8520_0, 0, 32;
T_10.4 ;
    %load/vec4 v0000023276ac8520_0;
    %cmpi/s 4, 0, 32;
    %jmp/0xz T_10.5, 5;
    %fork TD_sync_fifo_tb.read_word, S_0000023276a5cbe0;
    %join;
    %load/vec4 v0000023276ac8520_0;
    %cmpi/e 0, 0, 32;
    %jmp/0xz  T_10.6, 4;
    %alloc S_0000023276a6f3d0;
    %load/vec4 v0000023276ac80c0_0;
    %pushi/vec4 170, 0, 8;
    %cmp/e;
    %flag_get/vec4 6;
    %store/vec4 v0000023276a3b1f0_0, 0, 1;
    %pushi/str "wrap-around read #1";
    %store/str v0000023276a3c2a0_0;
    %fork TD_sync_fifo_tb.check_condition, S_0000023276a6f3d0;
    %join;
    %free S_0000023276a6f3d0;
    %jmp T_10.7;
T_10.6 ;
    %alloc S_0000023276a6f3d0;
    %load/vec4 v0000023276ac80c0_0;
    %pad/u 32;
    %pushi/vec4 16, 0, 32;
    %load/vec4 v0000023276ac8520_0;
    %subi 1, 0, 32;
    %add;
    %cmp/e;
    %flag_get/vec4 6;
    %store/vec4 v0000023276a3b1f0_0, 0, 1;
    %pushi/str "wrap-around read #2+";
    %store/str v0000023276a3c2a0_0;
    %fork TD_sync_fifo_tb.check_condition, S_0000023276a6f3d0;
    %join;
    %free S_0000023276a6f3d0;
T_10.7 ;
    %load/vec4 v0000023276ac8520_0;
    %addi 1, 0, 32;
    %store/vec4 v0000023276ac8520_0, 0, 32;
    %jmp T_10.4;
T_10.5 ;
    %pushi/vec4 0, 0, 32;
    %store/vec4 v0000023276ac8520_0, 0, 32;
T_10.8 ;
    %load/vec4 v0000023276ac8520_0;
    %cmpi/s 4, 0, 32;
    %jmp/0xz T_10.9, 5;
    %pushi/vec4 32, 0, 32;
    %load/vec4 v0000023276ac8520_0;
    %add;
    %pad/u 8;
    %store/vec4 v0000023276ac8980_0, 0, 8;
    %fork TD_sync_fifo_tb.write_word, S_0000023276a12e70;
    %join;
    %load/vec4 v0000023276ac8520_0;
    %addi 1, 0, 32;
    %store/vec4 v0000023276ac8520_0, 0, 32;
    %jmp T_10.8;
T_10.9 ;
    %delay 1000, 0;
    %alloc S_0000023276a6f3d0;
    %pushi/vec4 0, 0, 32;
    %load/vec4 v0000023276ac8e80_0;
    %pad/u 32;
    %cmp/u;
    %flag_get/vec4 4;
    %flag_get/vec4 5;
    %or;
    %store/vec4 v0000023276a3b1f0_0, 0, 1;
    %pushi/str "data_count after wrap-around writes";
    %store/str v0000023276a3c2a0_0;
    %fork TD_sync_fifo_tb.check_condition, S_0000023276a6f3d0;
    %join;
    %free S_0000023276a6f3d0;
    %pushi/vec4 0, 0, 32;
    %store/vec4 v0000023276ac8520_0, 0, 32;
T_10.10 ;
    %load/vec4 v0000023276ac8520_0;
    %cmpi/s 8, 0, 32;
    %jmp/0xz T_10.11, 5;
    %fork TD_sync_fifo_tb.read_word, S_0000023276a5cbe0;
    %join;
    %load/vec4 v0000023276ac8520_0;
    %cmpi/s 4, 0, 32;
    %jmp/0xz  T_10.12, 5;
    %alloc S_0000023276a6f3d0;
    %load/vec4 v0000023276ac80c0_0;
    %pad/u 32;
    %pushi/vec4 19, 0, 32;
    %load/vec4 v0000023276ac8520_0;
    %add;
    %cmp/e;
    %flag_get/vec4 6;
    %store/vec4 v0000023276a3b1f0_0, 0, 1;
    %pushi/str "wrap-around drain #1-4";
    %store/str v0000023276a3c2a0_0;
    %fork TD_sync_fifo_tb.check_condition, S_0000023276a6f3d0;
    %join;
    %free S_0000023276a6f3d0;
    %jmp T_10.13;
T_10.12 ;
    %alloc S_0000023276a6f3d0;
    %load/vec4 v0000023276ac80c0_0;
    %pad/u 32;
    %pushi/vec4 32, 0, 32;
    %load/vec4 v0000023276ac8520_0;
    %subi 4, 0, 32;
    %add;
    %cmp/e;
    %flag_get/vec4 6;
    %store/vec4 v0000023276a3b1f0_0, 0, 1;
    %pushi/str "wrap-around drain #5-8";
    %store/str v0000023276a3c2a0_0;
    %fork TD_sync_fifo_tb.check_condition, S_0000023276a6f3d0;
    %join;
    %free S_0000023276a6f3d0;
T_10.13 ;
    %load/vec4 v0000023276ac8520_0;
    %addi 1, 0, 32;
    %store/vec4 v0000023276ac8520_0, 0, 32;
    %jmp T_10.10;
T_10.11 ;
    %alloc S_0000023276a12ce0;
    %fork TD_sync_fifo_tb.reset_fifo, S_0000023276a12ce0;
    %join;
    %free S_0000023276a12ce0;
    %pushi/vec4 0, 0, 32;
    %store/vec4 v0000023276ac8520_0, 0, 32;
T_10.14 ;
    %load/vec4 v0000023276ac8520_0;
    %cmpi/s 10, 0, 32;
    %jmp/0xz T_10.15, 5;
    %load/vec4 v0000023276ac8520_0;
    %pushi/vec4 3, 0, 32;
    %mod/s;
    %cmpi/e 0, 0, 32;
    %jmp/0xz  T_10.16, 4;
    %pushi/vec4 48, 0, 32;
    %load/vec4 v0000023276ac8520_0;
    %add;
    %pad/u 8;
    %store/vec4 v0000023276ac8980_0, 0, 8;
    %fork TD_sync_fifo_tb.write_word, S_0000023276a12e70;
    %join;
    %jmp T_10.17;
T_10.16 ;
    %fork TD_sync_fifo_tb.read_word, S_0000023276a5cbe0;
    %join;
T_10.17 ;
    %load/vec4 v0000023276ac8520_0;
    %addi 1, 0, 32;
    %store/vec4 v0000023276ac8520_0, 0, 32;
    %jmp T_10.14;
T_10.15 ;
    %alloc S_0000023276a6f3d0;
    %pushi/vec4 0, 0, 32;
    %load/vec4 v0000023276ac8e80_0;
    %pad/u 32;
    %cmp/u;
    %flag_get/vec4 4;
    %flag_get/vec4 5;
    %or;
    %store/vec4 v0000023276a3b1f0_0, 0, 1;
    %pushi/str "stress sequence data_count";
    %store/str v0000023276a3c2a0_0;
    %fork TD_sync_fifo_tb.check_condition, S_0000023276a6f3d0;
    %join;
    %free S_0000023276a6f3d0;
    %vpi_call/w 3 197 "$display", "All FIFO tests passed." {0 0 0};
    %vpi_call/w 3 198 "$finish" {0 0 0};
    %end;
    .thread T_10;
# The file index is used to find the file name in the following table.
:file_names 5;
    "N/A";
    "<interactive>";
    "-";
    "sync_fifo_tb.sv";
    "sync_fifo.sv";
