#! /c/Source/iverilog-install/bin/vvp
:ivl_version "12.0 (devel)" "(s20150603-1539-g2693dd32b)";
:ivl_delay_selection "TYPICAL";
:vpi_time_precision - 12;
:vpi_module "C:\Users\iverilog\lib\ivl\system.vpi";
:vpi_module "C:\Users\iverilog\lib\ivl\vhdl_sys.vpi";
:vpi_module "C:\Users\iverilog\lib\ivl\vhdl_textio.vpi";
:vpi_module "C:\Users\iverilog\lib\ivl\v2005_math.vpi";
:vpi_module "C:\Users\iverilog\lib\ivl\va_math.vpi";
:vpi_module "C:\Users\iverilog\lib\ivl\v2009.vpi";
S_00000289943182d0 .scope package, "$unit" "$unit" 2 1;
 .timescale 0 0;
S_0000028994316f60 .scope module, "peripheral_subsystem_apb_tb" "peripheral_subsystem_apb_tb" 3 3;
 .timescale -9 -12;
P_00000289943170f0 .param/l "CLK_DIV_W" 0 3 7, +C4<00000000000000000000000000001000>;
P_0000028994317128 .param/l "DATA_WIDTH" 0 3 5, +C4<00000000000000000000000000001000>;
P_0000028994317160 .param/l "FIFO_DEPTH" 0 3 6, +C4<00000000000000000000000000010000>;
P_0000028994317198 .param/l "PADDR_W" 0 3 8, +C4<00000000000000000000000000000100>;
v0000028994369300_0 .var "miso", 0 0;
v0000028994368040_0 .var/2s "miso_bit_idx", 31 0;
v00000289943684a0_0 .var "miso_pattern", 7 0;
v00000289943696c0_0 .net "mosi", 0 0, v0000028994339390_0;  1 drivers
v0000028994367be0_0 .var "paddr", 3 0;
v0000028994368900_0 .var "pclk", 0 0;
v0000028994368400_0 .var "penable", 0 0;
v0000028994367dc0_0 .net "prdata", 31 0, v0000028994364d00_0;  1 drivers
L_00000289944110a8 .functor BUFT 1, C4<1>, C4<0>, C4<0>, C4<0>;
v0000028994368cc0_0 .net "pready", 0 0, L_00000289944110a8;  1 drivers
v0000028994368540_0 .var "presetn", 0 0;
v00000289943694e0_0 .var "psel", 0 0;
v0000028994368d60_0 .net "pslverr", 0 0, v0000028994365700_0;  1 drivers
v0000028994368ae0_0 .var "pwdata", 31 0;
v0000028994368f40_0 .var "pwrite", 0 0;
v0000028994368720_0 .net "sclk", 0 0, v0000028994338f30_0;  1 drivers
v0000028994368b80_0 .net "ss_n", 0 0, v000002899433a830_0;  1 drivers
E_0000028994332a70 .event negedge, v0000028994338f30_0;
E_0000028994333230 .event negedge, v000002899433a830_0;
S_000002899433a9f0 .scope begin, "$unm_blk_17" "$unm_blk_17" 3 157, 3 157 0, S_0000028994316f60;
 .timescale -9 -12;
v000002899433a290_0 .var/2s "poll_count", 31 0;
v0000028994338df0_0 .var "rd_data", 31 0;
v000002899433a150_0 .var/2u "rx_ready", 0 0;
v00000289943397f0_0 .var "status_data", 31 0;
E_0000028994332570 .event negedge, v00000289943394d0_0;
S_000002899433ab80 .scope autotask, "apb_read32" "apb_read32" 3 117, 3 117 0, S_0000028994316f60;
 .timescale -9 -12;
v0000028994339610_0 .var "addr", 3 0;
v000002899433a510_0 .var "data", 31 0;
TD_peripheral_subsystem_apb_tb.apb_read32 ;
    %wait E_0000028994332570;
    %pushi/vec4 1, 0, 1;
    %assign/vec4 v00000289943694e0_0, 0;
    %pushi/vec4 0, 0, 1;
    %assign/vec4 v0000028994368400_0, 0;
    %pushi/vec4 0, 0, 1;
    %assign/vec4 v0000028994368f40_0, 0;
    %load/vec4 v0000028994339610_0;
    %assign/vec4 v0000028994367be0_0, 0;
    %wait E_0000028994332570;
    %pushi/vec4 1, 0, 1;
    %assign/vec4 v0000028994368400_0, 0;
    %delay 1000, 0;
    %load/vec4 v0000028994367dc0_0;
    %store/vec4 v000002899433a510_0, 0, 32;
    %wait E_0000028994332570;
    %pushi/vec4 0, 0, 1;
    %assign/vec4 v00000289943694e0_0, 0;
    %pushi/vec4 0, 0, 1;
    %assign/vec4 v0000028994368400_0, 0;
    %pushi/vec4 0, 0, 4;
    %assign/vec4 v0000028994367be0_0, 0;
    %end;
S_00000289942f8ea0 .scope autotask, "apb_write32" "apb_write32" 3 94, 3 94 0, S_0000028994316f60;
 .timescale -9 -12;
v000002899433a0b0_0 .var "addr", 3 0;
v0000028994338a30_0 .var "data", 31 0;
TD_peripheral_subsystem_apb_tb.apb_write32 ;
    %wait E_0000028994332570;
    %pushi/vec4 1, 0, 1;
    %assign/vec4 v00000289943694e0_0, 0;
    %pushi/vec4 0, 0, 1;
    %assign/vec4 v0000028994368400_0, 0;
    %pushi/vec4 1, 0, 1;
    %assign/vec4 v0000028994368f40_0, 0;
    %load/vec4 v000002899433a0b0_0;
    %assign/vec4 v0000028994367be0_0, 0;
    %load/vec4 v0000028994338a30_0;
    %assign/vec4 v0000028994368ae0_0, 0;
    %wait E_0000028994332570;
    %pushi/vec4 1, 0, 1;
    %assign/vec4 v0000028994368400_0, 0;
    %wait E_0000028994332570;
    %pushi/vec4 0, 0, 1;
    %assign/vec4 v00000289943694e0_0, 0;
    %pushi/vec4 0, 0, 1;
    %assign/vec4 v0000028994368400_0, 0;
    %pushi/vec4 0, 0, 1;
    %assign/vec4 v0000028994368f40_0, 0;
    %pushi/vec4 0, 0, 4;
    %assign/vec4 v0000028994367be0_0, 0;
    %pushi/vec4 0, 0, 32;
    %assign/vec4 v0000028994368ae0_0, 0;
    %end;
S_00000289942f9030 .scope autotask, "check" "check" 3 77, 3 77 0, S_0000028994316f60;
 .timescale -9 -12;
v0000028994339930_0 .var/2u "condition", 0 0;
v000002899433a330_0 .var/str "message";
TD_peripheral_subsystem_apb_tb.check ;
    %load/vec4 v0000028994339930_0;
    %nor/r;
    %flag_set/vec4 8;
    %jmp/0xz  T_2.0, 8;
    %vpi_call/w 3 82 "$fatal", 32'sb00000000000000000000000000000001, "FAIL: %s", v000002899433a330_0 {0 0 0};
T_2.0 ;
    %end;
S_00000289942e7f60 .scope module, "dut" "peripheral_subsystem_apb" 3 31, 4 1 0, S_0000028994316f60;
 .timescale -9 -12;
    .port_info 0 /INPUT 1 "pclk";
    .port_info 1 /INPUT 1 "presetn";
    .port_info 2 /INPUT 1 "psel";
    .port_info 3 /INPUT 1 "penable";
    .port_info 4 /INPUT 1 "pwrite";
    .port_info 5 /INPUT 4 "paddr";
    .port_info 6 /INPUT 32 "pwdata";
    .port_info 7 /OUTPUT 32 "prdata";
    .port_info 8 /OUTPUT 1 "pready";
    .port_info 9 /OUTPUT 1 "pslverr";
    .port_info 10 /OUTPUT 1 "sclk";
    .port_info 11 /OUTPUT 1 "mosi";
    .port_info 12 /INPUT 1 "miso";
    .port_info 13 /OUTPUT 1 "ss_n";
P_00000289942e80f0 .param/l "CLK_DIV_W" 0 4 4, +C4<00000000000000000000000000001000>;
P_00000289942e8128 .param/l "DATA_WIDTH" 0 4 2, +C4<00000000000000000000000000001000>;
P_00000289942e8160 .param/l "FIFO_DEPTH" 0 4 3, +C4<00000000000000000000000000010000>;
P_00000289942e8198 .param/l "PADDR_W" 0 4 5, +C4<00000000000000000000000000000100>;
P_00000289942e81d0 .param/l "REG_CONTROL" 1 4 26, C4<1000>;
P_00000289942e8208 .param/l "REG_RX_DATA" 1 4 25, C4<0100>;
P_00000289942e8240 .param/l "REG_STATUS" 1 4 27, C4<1100>;
P_00000289942e8278 .param/l "REG_TX_DATA" 1 4 24, C4<0000>;
enum00000289943d9550 .enum4 (1)
   "IDLE" 1'b0,
   "SPI_EXEC" 1'b1
 ;
L_0000028994319e20 .functor AND 1, v00000289943694e0_0, v0000028994368400_0, C4<1>, C4<1>;
L_000002899431a9f0 .functor AND 1, L_0000028994319e20, v0000028994368f40_0, C4<1>, C4<1>;
L_000002899431a280 .functor AND 1, L_0000028994319e20, L_0000028994369760, C4<1>, C4<1>;
L_0000028994319e90 .functor BUFZ 1, v0000028994338c10_0, C4<0>, C4<0>, C4<0>;
L_000002899431a8a0 .functor BUFZ 8, v000002899433a6f0_0, C4<00000000>, C4<00000000>, C4<00000000>;
v0000028994365200_0 .net *"_ivl_7", 0 0, L_0000028994369760;  1 drivers
v0000028994366880_0 .net "apb_access", 0 0, L_0000028994319e20;  1 drivers
v0000028994364da0_0 .net "apb_read", 0 0, L_000002899431a280;  1 drivers
v0000028994365a20_0 .net "apb_write", 0 0, L_000002899431a9f0;  1 drivers
v0000028994365fc0_0 .net "miso", 0 0, v0000028994369300_0;  1 drivers
v0000028994365160_0 .net "mosi", 0 0, v0000028994339390_0;  alias, 1 drivers
v0000028994364a80_0 .net "paddr", 3 0, v0000028994367be0_0;  1 drivers
v0000028994365f20_0 .net "pclk", 0 0, v0000028994368900_0;  1 drivers
v0000028994365ca0_0 .net "penable", 0 0, v0000028994368400_0;  1 drivers
v0000028994364d00_0 .var "prdata", 31 0;
v0000028994366060_0 .net "pready", 0 0, L_00000289944110a8;  alias, 1 drivers
v0000028994366240_0 .net "presetn", 0 0, v0000028994368540_0;  1 drivers
v0000028994364f80_0 .net "psel", 0 0, v00000289943694e0_0;  1 drivers
v0000028994365700_0 .var "pslverr", 0 0;
v0000028994364b20_0 .net "pwdata", 31 0, v0000028994368ae0_0;  1 drivers
v00000289943666a0_0 .net "pwrite", 0 0, v0000028994368f40_0;  1 drivers
v0000028994366420_0 .net "rx_fifo_din", 7 0, L_000002899431a8a0;  1 drivers
v0000028994366380_0 .net "rx_fifo_dout", 7 0, v00000289943392f0_0;  1 drivers
v0000028994364bc0_0 .net "rx_fifo_empty", 0 0, L_000002899431a050;  1 drivers
v00000289943664c0_0 .net "rx_fifo_full", 0 0, L_0000028994319f70;  1 drivers
v0000028994366560_0 .var "rx_fifo_rd_en", 0 0;
v0000028994366600_0 .net "rx_fifo_wr_en", 0 0, L_0000028994319e90;  1 drivers
v0000028994366740_0 .net "sclk", 0 0, v0000028994338f30_0;  alias, 1 drivers
v00000289943667e0_0 .net "spi_busy", 0 0, L_0000028994368e00;  1 drivers
v0000028994364c60_0 .var "spi_clk_div_reg", 7 0;
v0000028994365020_0 .var "spi_cpol_cpha_reg", 1 0;
v00000289943652a0_0 .net "spi_done", 0 0, v0000028994338c10_0;  1 drivers
v00000289943650c0_0 .net "spi_dout", 7 0, v000002899433a6f0_0;  1 drivers
v0000028994365660_0 .var "spi_start", 0 0;
v00000289943657a0_0 .net "ss_n", 0 0, v000002899433a830_0;  alias, 1 drivers
v0000028994368a40_0 .var "state", 0 0;
v0000028994369260_0 .var "tx_fifo_din", 7 0;
v0000028994367aa0_0 .net "tx_fifo_dout", 7 0, v0000028994365e80_0;  1 drivers
v0000028994368c20_0 .net "tx_fifo_empty", 0 0, L_000002899431a7c0;  1 drivers
v0000028994368180_0 .net "tx_fifo_full", 0 0, L_000002899431a750;  1 drivers
v0000028994368fe0_0 .var "tx_fifo_rd_en", 0 0;
v00000289943698a0_0 .var "tx_fifo_wr_en", 0 0;
E_0000028994332770/0 .event anyedge, v0000028994364a80_0, v0000028994339250_0, v00000289943392f0_0, v000002899433a8d0_0;
E_0000028994332770/1 .event anyedge, v0000028994339ed0_0, v00000289943653e0_0, v0000028994365520_0, v0000028994339d90_0;
E_0000028994332770/2 .event anyedge, v000002899433a3d0_0;
E_0000028994332770 .event/or E_0000028994332770/0, E_0000028994332770/1, E_0000028994332770/2;
E_00000289943332b0/0 .event anyedge, v0000028994364b20_0, v0000028994365a20_0, v0000028994364a80_0, v0000028994365520_0;
E_00000289943332b0/1 .event anyedge, v0000028994364da0_0, v0000028994339250_0, v0000028994366880_0;
E_00000289943332b0 .event/or E_00000289943332b0/0, E_00000289943332b0/1;
L_0000028994369760 .reduce/nor v0000028994368f40_0;
S_0000028994282830 .scope module, "u_spi_master" "spi_master" 4 143, 5 1 0, S_00000289942e7f60;
 .timescale -9 -12;
    .port_info 0 /INPUT 1 "clk";
    .port_info 1 /INPUT 1 "rst_n";
    .port_info 2 /INPUT 1 "start";
    .port_info 3 /INPUT 8 "clk_div";
    .port_info 4 /INPUT 2 "cpol_cpha";
    .port_info 5 /INPUT 8 "din";
    .port_info 6 /OUTPUT 8 "dout";
    .port_info 7 /OUTPUT 1 "busy";
    .port_info 8 /OUTPUT 1 "done";
    .port_info 9 /OUTPUT 1 "sclk";
    .port_info 10 /OUTPUT 1 "mosi";
    .port_info 11 /INPUT 1 "miso";
    .port_info 12 /OUTPUT 1 "ss_n";
P_00000289942da400 .param/l "CLK_DIV_WIDTH" 0 5 3, +C4<00000000000000000000000000001000>;
P_00000289942da438 .param/l "DATA_WIDTH" 0 5 2, +C4<00000000000000000000000000001000>;
enum00000289943d9c50 .enum4 (2)
   "IDLE" 2'b00,
   "SETUP" 2'b01,
   "SHIFT" 2'b10,
   "DONE" 2'b11
 ;
L_0000028994411180 .functor BUFT 1, C4<00>, C4<0>, C4<0>, C4<0>;
v0000028994339070_0 .net/2u *"_ivl_4", 1 0, L_0000028994411180;  1 drivers
v0000028994339c50_0 .var "bit_cnt", 3 0;
v000002899433a3d0_0 .net "busy", 0 0, L_0000028994368e00;  alias, 1 drivers
v00000289943394d0_0 .net "clk", 0 0, v0000028994368900_0;  alias, 1 drivers
v0000028994339570_0 .var "clk_cnt", 7 0;
v000002899433a8d0_0 .net "clk_div", 7 0, v0000028994364c60_0;  1 drivers
v0000028994338b70_0 .net "cpha", 0 0, L_0000028994369080;  1 drivers
v0000028994338ad0_0 .net "cpol", 0 0, L_00000289943685e0;  1 drivers
v0000028994339ed0_0 .net "cpol_cpha", 1 0, v0000028994365020_0;  1 drivers
v000002899433a5b0_0 .net "din", 7 0, v0000028994365e80_0;  alias, 1 drivers
v0000028994338c10_0 .var "done", 0 0;
v000002899433a6f0_0 .var "dout", 7 0;
v000002899433a470_0 .net "miso", 0 0, v0000028994369300_0;  alias, 1 drivers
v0000028994338fd0_0 .var "miso_shift", 7 0;
v0000028994339390_0 .var "mosi", 0 0;
v00000289943396b0_0 .var "mosi_shift", 7 0;
v000002899433a650_0 .net "rst_n", 0 0, v0000028994368540_0;  alias, 1 drivers
v000002899433a010_0 .var "sample_edge", 0 0;
v0000028994338f30_0 .var "sclk", 0 0;
v000002899433a790_0 .var "shift_edge", 0 0;
v000002899433a830_0 .var "ss_n", 0 0;
v0000028994338cb0_0 .net "start", 0 0, v0000028994365660_0;  1 drivers
v0000028994339b10_0 .var "state", 1 0;
E_0000028994332ff0/0 .event negedge, v000002899433a650_0;
E_0000028994332ff0/1 .event posedge, v00000289943394d0_0;
E_0000028994332ff0 .event/or E_0000028994332ff0/0, E_0000028994332ff0/1;
L_00000289943685e0 .part v0000028994365020_0, 1, 1;
L_0000028994369080 .part v0000028994365020_0, 0, 1;
L_0000028994368e00 .cmp/ne 2, v0000028994339b10_0, L_0000028994411180;
S_00000289942829c0 .scope module, "u_spi_rx_fifo" "sync_fifo" 4 165, 6 1 0, S_00000289942e7f60;
 .timescale -9 -12;
    .port_info 0 /INPUT 1 "clk";
    .port_info 1 /INPUT 1 "rst_n";
    .port_info 2 /INPUT 1 "wr_en";
    .port_info 3 /INPUT 1 "rd_en";
    .port_info 4 /INPUT 8 "din";
    .port_info 5 /INPUT 5 "almost_full_val";
    .port_info 6 /INPUT 5 "almost_empty_val";
    .port_info 7 /OUTPUT 8 "dout";
    .port_info 8 /OUTPUT 1 "full";
    .port_info 9 /OUTPUT 1 "empty";
    .port_info 10 /OUTPUT 1 "almost_full";
    .port_info 11 /OUTPUT 1 "almost_empty";
    .port_info 12 /OUTPUT 5 "data_count";
P_00000289943171e0 .param/l "ADDR_WIDTH" 1 6 22, +C4<00000000000000000000000000000100>;
P_0000028994317218 .param/l "DATA_WIDTH" 0 6 2, +C4<00000000000000000000000000001000>;
P_0000028994317250 .param/l "FIFO_DEPTH" 0 6 3, +C4<00000000000000000000000000010000>;
L_0000028994319f70 .functor BUFZ 1, v0000028994339e30_0, C4<0>, C4<0>, C4<0>;
L_000002899431a050 .functor BUFZ 1, v0000028994339cf0_0, C4<0>, C4<0>, C4<0>;
L_000002899431a0c0 .functor BUFZ 5, v0000028994339750_0, C4<00000>, C4<00000>, C4<00000>;
v0000028994339430_0 .net "almost_empty", 0 0, L_00000289943682c0;  1 drivers
L_0000028994411210 .functor BUFT 1, C4<00010>, C4<0>, C4<0>, C4<0>;
v0000028994338d50_0 .net "almost_empty_val", 4 0, L_0000028994411210;  1 drivers
v00000289943399d0_0 .net "almost_full", 0 0, L_0000028994368680;  1 drivers
L_00000289944111c8 .functor BUFT 1, C4<01110>, C4<0>, C4<0>, C4<0>;
v0000028994339110_0 .net "almost_full_val", 4 0, L_00000289944111c8;  1 drivers
v0000028994338e90_0 .net "clk", 0 0, v0000028994368900_0;  alias, 1 drivers
v0000028994339bb0_0 .net "data_count", 4 0, L_000002899431a0c0;  1 drivers
v0000028994339750_0 .var "data_count_reg", 4 0;
v00000289943391b0_0 .net "din", 7 0, L_000002899431a8a0;  alias, 1 drivers
v00000289943392f0_0 .var "dout", 7 0;
v0000028994339250_0 .net "empty", 0 0, L_000002899431a050;  alias, 1 drivers
v0000028994339cf0_0 .var "empty_val", 0 0;
v0000028994339d90_0 .net "full", 0 0, L_0000028994319f70;  alias, 1 drivers
v0000028994339e30_0 .var "full_val", 0 0;
v0000028994339f70 .array "mem", 15 0, 7 0;
v000002899433a1f0_0 .net "rd_en", 0 0, v0000028994366560_0;  1 drivers
v000002899431ecb0_0 .var "rd_ptr", 4 0;
v000002899431e490_0 .var "rd_ptr_next", 4 0;
v000002899431e530_0 .net "rst_n", 0 0, v0000028994368540_0;  alias, 1 drivers
v000002899431e5d0_0 .net "wr_en", 0 0, L_0000028994319e90;  alias, 1 drivers
v000002899431e670_0 .var "wr_ptr", 4 0;
v000002899431e710_0 .var "wr_ptr_next", 4 0;
E_00000289943331b0 .event anyedge, v000002899431e670_0, v000002899431ecb0_0;
v0000028994339f70_0 .array/port v0000028994339f70, 0;
v0000028994339f70_1 .array/port v0000028994339f70, 1;
v0000028994339f70_2 .array/port v0000028994339f70, 2;
E_00000289943332f0/0 .event anyedge, v000002899431ecb0_0, v0000028994339f70_0, v0000028994339f70_1, v0000028994339f70_2;
v0000028994339f70_3 .array/port v0000028994339f70, 3;
v0000028994339f70_4 .array/port v0000028994339f70, 4;
v0000028994339f70_5 .array/port v0000028994339f70, 5;
v0000028994339f70_6 .array/port v0000028994339f70, 6;
E_00000289943332f0/1 .event anyedge, v0000028994339f70_3, v0000028994339f70_4, v0000028994339f70_5, v0000028994339f70_6;
v0000028994339f70_7 .array/port v0000028994339f70, 7;
v0000028994339f70_8 .array/port v0000028994339f70, 8;
v0000028994339f70_9 .array/port v0000028994339f70, 9;
v0000028994339f70_10 .array/port v0000028994339f70, 10;
E_00000289943332f0/2 .event anyedge, v0000028994339f70_7, v0000028994339f70_8, v0000028994339f70_9, v0000028994339f70_10;
v0000028994339f70_11 .array/port v0000028994339f70, 11;
v0000028994339f70_12 .array/port v0000028994339f70, 12;
v0000028994339f70_13 .array/port v0000028994339f70, 13;
v0000028994339f70_14 .array/port v0000028994339f70, 14;
E_00000289943332f0/3 .event anyedge, v0000028994339f70_11, v0000028994339f70_12, v0000028994339f70_13, v0000028994339f70_14;
v0000028994339f70_15 .array/port v0000028994339f70, 15;
E_00000289943332f0/4 .event anyedge, v0000028994339f70_15;
E_00000289943332f0 .event/or E_00000289943332f0/0, E_00000289943332f0/1, E_00000289943332f0/2, E_00000289943332f0/3, E_00000289943332f0/4;
E_0000028994332d30 .event posedge, v00000289943394d0_0;
E_00000289943328f0/0 .event anyedge, v000002899431e670_0, v000002899431ecb0_0, v000002899431e5d0_0, v0000028994339e30_0;
E_00000289943328f0/1 .event anyedge, v000002899433a1f0_0, v0000028994339cf0_0;
E_00000289943328f0 .event/or E_00000289943328f0/0, E_00000289943328f0/1;
L_0000028994368680 .cmp/ge 5, v0000028994339750_0, L_00000289944111c8;
L_00000289943682c0 .cmp/ge 5, L_0000028994411210, v0000028994339750_0;
S_00000289942cec50 .scope module, "u_spi_tx_fifo" "sync_fifo" 4 124, 6 1 0, S_00000289942e7f60;
 .timescale -9 -12;
    .port_info 0 /INPUT 1 "clk";
    .port_info 1 /INPUT 1 "rst_n";
    .port_info 2 /INPUT 1 "wr_en";
    .port_info 3 /INPUT 1 "rd_en";
    .port_info 4 /INPUT 8 "din";
    .port_info 5 /INPUT 5 "almost_full_val";
    .port_info 6 /INPUT 5 "almost_empty_val";
    .port_info 7 /OUTPUT 8 "dout";
    .port_info 8 /OUTPUT 1 "full";
    .port_info 9 /OUTPUT 1 "empty";
    .port_info 10 /OUTPUT 1 "almost_full";
    .port_info 11 /OUTPUT 1 "almost_empty";
    .port_info 12 /OUTPUT 5 "data_count";
P_000002899433f310 .param/l "ADDR_WIDTH" 1 6 22, +C4<00000000000000000000000000000100>;
P_000002899433f348 .param/l "DATA_WIDTH" 0 6 2, +C4<00000000000000000000000000001000>;
P_000002899433f380 .param/l "FIFO_DEPTH" 0 6 3, +C4<00000000000000000000000000010000>;
L_000002899431a750 .functor BUFZ 1, v0000028994365980_0, C4<0>, C4<0>, C4<0>;
L_000002899431a7c0 .functor BUFZ 1, v0000028994365480_0, C4<0>, C4<0>, C4<0>;
L_000002899431ac20 .functor BUFZ 5, v0000028994365de0_0, C4<00000>, C4<00000>, C4<00000>;
v000002899431e850_0 .net "almost_empty", 0 0, L_00000289943680e0;  1 drivers
L_0000028994411138 .functor BUFT 1, C4<00010>, C4<0>, C4<0>, C4<0>;
v0000028994365ac0_0 .net "almost_empty_val", 4 0, L_0000028994411138;  1 drivers
v00000289943658e0_0 .net "almost_full", 0 0, L_0000028994369800;  1 drivers
L_00000289944110f0 .functor BUFT 1, C4<01110>, C4<0>, C4<0>, C4<0>;
v0000028994366920_0 .net "almost_full_val", 4 0, L_00000289944110f0;  1 drivers
v0000028994365b60_0 .net "clk", 0 0, v0000028994368900_0;  alias, 1 drivers
v0000028994365d40_0 .net "data_count", 4 0, L_000002899431ac20;  1 drivers
v0000028994365de0_0 .var "data_count_reg", 4 0;
v0000028994365340_0 .net "din", 7 0, v0000028994369260_0;  1 drivers
v0000028994365e80_0 .var "dout", 7 0;
v00000289943653e0_0 .net "empty", 0 0, L_000002899431a7c0;  alias, 1 drivers
v0000028994365480_0 .var "empty_val", 0 0;
v0000028994365520_0 .net "full", 0 0, L_000002899431a750;  alias, 1 drivers
v0000028994365980_0 .var "full_val", 0 0;
v0000028994365c00 .array "mem", 15 0, 7 0;
v00000289943662e0_0 .net "rd_en", 0 0, v0000028994368fe0_0;  1 drivers
v0000028994366100_0 .var "rd_ptr", 4 0;
v00000289943655c0_0 .var "rd_ptr_next", 4 0;
v0000028994364e40_0 .net "rst_n", 0 0, v0000028994368540_0;  alias, 1 drivers
v0000028994364ee0_0 .net "wr_en", 0 0, v00000289943698a0_0;  1 drivers
v00000289943661a0_0 .var "wr_ptr", 4 0;
v0000028994365840_0 .var "wr_ptr_next", 4 0;
E_0000028994332630 .event anyedge, v00000289943661a0_0, v0000028994366100_0;
v0000028994365c00_0 .array/port v0000028994365c00, 0;
v0000028994365c00_1 .array/port v0000028994365c00, 1;
v0000028994365c00_2 .array/port v0000028994365c00, 2;
E_0000028994332f30/0 .event anyedge, v0000028994366100_0, v0000028994365c00_0, v0000028994365c00_1, v0000028994365c00_2;
v0000028994365c00_3 .array/port v0000028994365c00, 3;
v0000028994365c00_4 .array/port v0000028994365c00, 4;
v0000028994365c00_5 .array/port v0000028994365c00, 5;
v0000028994365c00_6 .array/port v0000028994365c00, 6;
E_0000028994332f30/1 .event anyedge, v0000028994365c00_3, v0000028994365c00_4, v0000028994365c00_5, v0000028994365c00_6;
v0000028994365c00_7 .array/port v0000028994365c00, 7;
v0000028994365c00_8 .array/port v0000028994365c00, 8;
v0000028994365c00_9 .array/port v0000028994365c00, 9;
v0000028994365c00_10 .array/port v0000028994365c00, 10;
E_0000028994332f30/2 .event anyedge, v0000028994365c00_7, v0000028994365c00_8, v0000028994365c00_9, v0000028994365c00_10;
v0000028994365c00_11 .array/port v0000028994365c00, 11;
v0000028994365c00_12 .array/port v0000028994365c00, 12;
v0000028994365c00_13 .array/port v0000028994365c00, 13;
v0000028994365c00_14 .array/port v0000028994365c00, 14;
E_0000028994332f30/3 .event anyedge, v0000028994365c00_11, v0000028994365c00_12, v0000028994365c00_13, v0000028994365c00_14;
v0000028994365c00_15 .array/port v0000028994365c00, 15;
E_0000028994332f30/4 .event anyedge, v0000028994365c00_15;
E_0000028994332f30 .event/or E_0000028994332f30/0, E_0000028994332f30/1, E_0000028994332f30/2, E_0000028994332f30/3, E_0000028994332f30/4;
E_0000028994332d70/0 .event anyedge, v00000289943661a0_0, v0000028994366100_0, v0000028994364ee0_0, v0000028994365980_0;
E_0000028994332d70/1 .event anyedge, v00000289943662e0_0, v0000028994365480_0;
E_0000028994332d70 .event/or E_0000028994332d70/0, E_0000028994332d70/1;
L_0000028994369800 .cmp/ge 5, v0000028994365de0_0, L_00000289944110f0;
L_00000289943680e0 .cmp/ge 5, L_0000028994411138, v0000028994365de0_0;
S_000002899433bb30 .scope autotask, "wait_cycles" "wait_cycles" 3 87, 3 87 0, S_0000028994316f60;
 .timescale -9 -12;
v00000289943691c0_0 .var/2s "cycles", 31 0;
TD_peripheral_subsystem_apb_tb.wait_cycles ;
    %load/vec4 v00000289943691c0_0;
T_3.2 %dup/vec4;
    %pushi/vec4 0, 0, 32;
    %cmp/s;
    %jmp/1xz T_3.3, 5;
    %jmp/1 T_3.3, 4;
    %pushi/vec4 1, 0, 32;
    %sub;
    %wait E_0000028994332d30;
    %jmp T_3.2;
T_3.3 ;
    %pop/vec4 1;
    %end;
S_000002899433bcc0 .scope autotask, "wait_for_ss" "wait_for_ss" 3 138, 3 138 0, S_0000028994316f60;
 .timescale -9 -12;
v00000289943689a0_0 .var/2s "cycle_idx", 31 0;
v0000028994368220_0 .var/2u "matched", 0 0;
v0000028994367b40_0 .var/2u "target_level", 0 0;
v0000028994369620_0 .var/2s "timeout_cycles", 31 0;
TD_peripheral_subsystem_apb_tb.wait_for_ss ;
    %pushi/vec4 0, 0, 1;
    %store/vec4 v0000028994368220_0, 0, 1;
    %pushi/vec4 0, 0, 32;
    %store/vec4 v00000289943689a0_0, 0, 32;
T_4.4 ;
    %load/vec4 v00000289943689a0_0;
    %load/vec4 v0000028994369620_0;
    %cmp/s;
    %jmp/0xz T_4.5, 5;
    %load/vec4 v0000028994368b80_0;
    %load/vec4 v0000028994367b40_0;
    %cmp/e;
    %jmp/0xz  T_4.6, 6;
    %pushi/vec4 1, 0, 1;
    %store/vec4 v0000028994368220_0, 0, 1;
    %load/vec4 v0000028994369620_0;
    %store/vec4 v00000289943689a0_0, 0, 32;
    %jmp T_4.7;
T_4.6 ;
    %wait E_0000028994332d30;
T_4.7 ;
    ; show_stmt_assign_vector: Get l-value for compressed += operand
    %load/vec4 v00000289943689a0_0;
    %pushi/vec4 1, 0, 32;
    %add;
    %cast2;
    %store/vec4 v00000289943689a0_0, 0, 32;
    %jmp T_4.4;
T_4.5 ;
    %alloc S_00000289942f9030;
    %load/vec4 v0000028994368220_0;
    %store/vec4 v0000028994339930_0, 0, 1;
    %vpi_func/s 3 153 "$sformatf", "Timeout waiting for ss_n=%0b", v0000028994367b40_0 {0 0 0};
    %store/str v000002899433a330_0;
    %fork TD_peripheral_subsystem_apb_tb.check, S_00000289942f9030;
    %join;
    %free S_00000289942f9030;
    %end;
    .scope S_00000289942cec50;
T_5 ;
    %wait E_0000028994332d70;
    %load/vec4 v00000289943661a0_0;
    %store/vec4 v0000028994365840_0, 0, 5;
    %load/vec4 v0000028994366100_0;
    %store/vec4 v00000289943655c0_0, 0, 5;
    %load/vec4 v0000028994364ee0_0;
    %flag_set/vec4 9;
    %flag_get/vec4 9;
    %jmp/0 T_5.2, 9;
    %load/vec4 v0000028994365980_0;
    %nor/r;
    %and;
T_5.2;
    %flag_set/vec4 8;
    %jmp/0xz  T_5.0, 8;
    %load/vec4 v00000289943661a0_0;
    %addi 1, 0, 5;
    %store/vec4 v0000028994365840_0, 0, 5;
T_5.0 ;
    %load/vec4 v00000289943662e0_0;
    %flag_set/vec4 9;
    %flag_get/vec4 9;
    %jmp/0 T_5.5, 9;
    %load/vec4 v0000028994365480_0;
    %nor/r;
    %and;
T_5.5;
    %flag_set/vec4 8;
    %jmp/0xz  T_5.3, 8;
    %load/vec4 v0000028994366100_0;
    %addi 1, 0, 5;
    %store/vec4 v00000289943655c0_0, 0, 5;
T_5.3 ;
    %jmp T_5;
    .thread T_5, $push;
    .scope S_00000289942cec50;
T_6 ;
    %wait E_0000028994332ff0;
    %load/vec4 v0000028994364e40_0;
    %nor/r;
    %flag_set/vec4 8;
    %jmp/0xz  T_6.0, 8;
    %pushi/vec4 0, 0, 5;
    %assign/vec4 v00000289943661a0_0, 0;
    %pushi/vec4 0, 0, 5;
    %assign/vec4 v0000028994366100_0, 0;
    %jmp T_6.1;
T_6.0 ;
    %load/vec4 v0000028994365840_0;
    %assign/vec4 v00000289943661a0_0, 0;
    %load/vec4 v00000289943655c0_0;
    %assign/vec4 v0000028994366100_0, 0;
T_6.1 ;
    %jmp T_6;
    .thread T_6;
    .scope S_00000289942cec50;
T_7 ;
    %wait E_0000028994332d30;
    %load/vec4 v0000028994364ee0_0;
    %flag_set/vec4 9;
    %flag_get/vec4 9;
    %jmp/0 T_7.2, 9;
    %load/vec4 v0000028994365980_0;
    %nor/r;
    %and;
T_7.2;
    %flag_set/vec4 8;
    %jmp/0xz  T_7.0, 8;
    %load/vec4 v0000028994365340_0;
    %load/vec4 v00000289943661a0_0;
    %parti/s 4, 0, 2;
    %pad/u 6;
    %ix/vec4 3;
    %ix/load 4, 0, 0; Constant delay
    %assign/vec4/a/d v0000028994365c00, 0, 4;
T_7.0 ;
    %jmp T_7;
    .thread T_7;
    .scope S_00000289942cec50;
T_8 ;
    %wait E_0000028994332f30;
    %load/vec4 v0000028994366100_0;
    %parti/s 4, 0, 2;
    %pad/u 6;
    %ix/vec4 4;
    %load/vec4a v0000028994365c00, 4;
    %store/vec4 v0000028994365e80_0, 0, 8;
    %jmp T_8;
    .thread T_8, $push;
    .scope S_00000289942cec50;
T_9 ;
    %wait E_0000028994332630;
    %load/vec4 v00000289943661a0_0;
    %parti/s 1, 4, 4;
    %load/vec4 v0000028994366100_0;
    %parti/s 1, 4, 4;
    %cmp/ne;
    %flag_get/vec4 4;
    %jmp/0 T_9.0, 4;
    %load/vec4 v00000289943661a0_0;
    %parti/s 4, 0, 2;
    %load/vec4 v0000028994366100_0;
    %parti/s 4, 0, 2;
    %cmp/e;
    %flag_get/vec4 4;
    %and;
T_9.0;
    %store/vec4 v0000028994365980_0, 0, 1;
    %load/vec4 v00000289943661a0_0;
    %load/vec4 v0000028994366100_0;
    %cmp/e;
    %flag_get/vec4 4;
    %store/vec4 v0000028994365480_0, 0, 1;
    %load/vec4 v00000289943661a0_0;
    %load/vec4 v0000028994366100_0;
    %sub;
    %store/vec4 v0000028994365de0_0, 0, 5;
    %jmp T_9;
    .thread T_9, $push;
    .scope S_0000028994282830;
T_10 ;
    %wait E_0000028994332ff0;
    %load/vec4 v000002899433a650_0;
    %nor/r;
    %flag_set/vec4 8;
    %jmp/0xz  T_10.0, 8;
    %pushi/vec4 0, 0, 2;
    %assign/vec4 v0000028994339b10_0, 0;
    %pushi/vec4 0, 0, 1;
    %assign/vec4 v0000028994338f30_0, 0;
    %pushi/vec4 0, 0, 1;
    %assign/vec4 v0000028994339390_0, 0;
    %pushi/vec4 1, 0, 1;
    %assign/vec4 v000002899433a830_0, 0;
    %pushi/vec4 0, 0, 8;
    %assign/vec4 v000002899433a6f0_0, 0;
    %pushi/vec4 0, 0, 1;
    %assign/vec4 v0000028994338c10_0, 0;
    %pushi/vec4 0, 0, 8;
    %assign/vec4 v0000028994339570_0, 0;
    %pushi/vec4 0, 0, 4;
    %assign/vec4 v0000028994339c50_0, 0;
    %pushi/vec4 0, 0, 8;
    %assign/vec4 v00000289943396b0_0, 0;
    %pushi/vec4 0, 0, 8;
    %assign/vec4 v0000028994338fd0_0, 0;
    %pushi/vec4 0, 0, 1;
    %assign/vec4 v000002899433a010_0, 0;
    %pushi/vec4 0, 0, 1;
    %assign/vec4 v000002899433a790_0, 0;
    %jmp T_10.1;
T_10.0 ;
    %pushi/vec4 0, 0, 1;
    %assign/vec4 v0000028994338c10_0, 0;
    %load/vec4 v0000028994339b10_0;
    %dup/vec4;
    %pushi/vec4 0, 0, 2;
    %cmp/u;
    %jmp/1 T_10.2, 6;
    %dup/vec4;
    %pushi/vec4 1, 0, 2;
    %cmp/u;
    %jmp/1 T_10.3, 6;
    %dup/vec4;
    %pushi/vec4 2, 0, 2;
    %cmp/u;
    %jmp/1 T_10.4, 6;
    %dup/vec4;
    %pushi/vec4 3, 0, 2;
    %cmp/u;
    %jmp/1 T_10.5, 6;
    %jmp T_10.6;
T_10.2 ;
    %load/vec4 v0000028994338ad0_0;
    %assign/vec4 v0000028994338f30_0, 0;
    %pushi/vec4 1, 0, 1;
    %assign/vec4 v000002899433a830_0, 0;
    %load/vec4 v0000028994338cb0_0;
    %flag_set/vec4 8;
    %jmp/0xz  T_10.7, 8;
    %load/vec4 v000002899433a5b0_0;
    %assign/vec4 v00000289943396b0_0, 0;
    %pushi/vec4 1, 0, 2;
    %assign/vec4 v0000028994339b10_0, 0;
    %pushi/vec4 0, 0, 1;
    %assign/vec4 v000002899433a830_0, 0;
    %pushi/vec4 0, 0, 8;
    %assign/vec4 v0000028994339570_0, 0;
    %pushi/vec4 8, 0, 4;
    %assign/vec4 v0000028994339c50_0, 0;
T_10.7 ;
    %jmp T_10.6;
T_10.3 ;
    %load/vec4 v0000028994339570_0;
    %load/vec4 v000002899433a8d0_0;
    %cmp/e;
    %jmp/0xz  T_10.9, 4;
    %pushi/vec4 0, 0, 8;
    %assign/vec4 v0000028994339570_0, 0;
    %load/vec4 v0000028994338f30_0;
    %inv;
    %assign/vec4 v0000028994338f30_0, 0;
    %pushi/vec4 2, 0, 2;
    %assign/vec4 v0000028994339b10_0, 0;
    %jmp T_10.10;
T_10.9 ;
    %load/vec4 v0000028994339570_0;
    %addi 1, 0, 8;
    %assign/vec4 v0000028994339570_0, 0;
T_10.10 ;
    %jmp T_10.6;
T_10.4 ;
    %load/vec4 v0000028994339570_0;
    %load/vec4 v000002899433a8d0_0;
    %cmp/e;
    %jmp/0xz  T_10.11, 4;
    %pushi/vec4 0, 0, 8;
    %assign/vec4 v0000028994339570_0, 0;
    %load/vec4 v0000028994338f30_0;
    %inv;
    %assign/vec4 v0000028994338f30_0, 0;
    %load/vec4 v0000028994339c50_0;
    %pad/u 32;
    %cmpi/e 1, 0, 32;
    %flag_get/vec4 4;
    %jmp/0 T_10.15, 4;
    %load/vec4 v0000028994338f30_0;
    %load/vec4 v0000028994338ad0_0;
    %load/vec4 v0000028994338b70_0;
    %xor;
    %cmp/e;
    %flag_get/vec4 4;
    %and;
T_10.15;
    %flag_set/vec4 8;
    %jmp/0xz  T_10.13, 8;
    %pushi/vec4 3, 0, 2;
    %assign/vec4 v0000028994339b10_0, 0;
    %jmp T_10.14;
T_10.13 ;
    %load/vec4 v0000028994338f30_0;
    %load/vec4 v0000028994338ad0_0;
    %load/vec4 v0000028994338b70_0;
    %xor;
    %cmp/e;
    %jmp/0xz  T_10.16, 4;
    %load/vec4 v00000289943396b0_0;
    %parti/s 1, 7, 4;
    %assign/vec4 v0000028994339390_0, 0;
    %load/vec4 v00000289943396b0_0;
    %parti/s 7, 0, 2;
    %concati/vec4 0, 0, 1;
    %assign/vec4 v00000289943396b0_0, 0;
    %load/vec4 v0000028994339c50_0;
    %subi 1, 0, 4;
    %assign/vec4 v0000028994339c50_0, 0;
    %jmp T_10.17;
T_10.16 ;
    %load/vec4 v0000028994338fd0_0;
    %parti/s 7, 0, 2;
    %load/vec4 v000002899433a470_0;
    %concat/vec4; draw_concat_vec4
    %assign/vec4 v0000028994338fd0_0, 0;
T_10.17 ;
T_10.14 ;
    %jmp T_10.12;
T_10.11 ;
    %load/vec4 v0000028994339570_0;
    %addi 1, 0, 8;
    %assign/vec4 v0000028994339570_0, 0;
T_10.12 ;
    %jmp T_10.6;
T_10.5 ;
    %pushi/vec4 1, 0, 1;
    %assign/vec4 v000002899433a830_0, 0;
    %load/vec4 v0000028994338ad0_0;
    %assign/vec4 v0000028994338f30_0, 0;
    %load/vec4 v0000028994338fd0_0;
    %assign/vec4 v000002899433a6f0_0, 0;
    %pushi/vec4 1, 0, 1;
    %assign/vec4 v0000028994338c10_0, 0;
    %pushi/vec4 0, 0, 2;
    %assign/vec4 v0000028994339b10_0, 0;
    %jmp T_10.6;
T_10.6 ;
    %pop/vec4 1;
T_10.1 ;
    %jmp T_10;
    .thread T_10;
    .scope S_00000289942829c0;
T_11 ;
    %wait E_00000289943328f0;
    %load/vec4 v000002899431e670_0;
    %store/vec4 v000002899431e710_0, 0, 5;
    %load/vec4 v000002899431ecb0_0;
    %store/vec4 v000002899431e490_0, 0, 5;
    %load/vec4 v000002899431e5d0_0;
    %flag_set/vec4 9;
    %flag_get/vec4 9;
    %jmp/0 T_11.2, 9;
    %load/vec4 v0000028994339e30_0;
    %nor/r;
    %and;
T_11.2;
    %flag_set/vec4 8;
    %jmp/0xz  T_11.0, 8;
    %load/vec4 v000002899431e670_0;
    %addi 1, 0, 5;
    %store/vec4 v000002899431e710_0, 0, 5;
T_11.0 ;
    %load/vec4 v000002899433a1f0_0;
    %flag_set/vec4 9;
    %flag_get/vec4 9;
    %jmp/0 T_11.5, 9;
    %load/vec4 v0000028994339cf0_0;
    %nor/r;
    %and;
T_11.5;
    %flag_set/vec4 8;
    %jmp/0xz  T_11.3, 8;
    %load/vec4 v000002899431ecb0_0;
    %addi 1, 0, 5;
    %store/vec4 v000002899431e490_0, 0, 5;
T_11.3 ;
    %jmp T_11;
    .thread T_11, $push;
    .scope S_00000289942829c0;
T_12 ;
    %wait E_0000028994332ff0;
    %load/vec4 v000002899431e530_0;
    %nor/r;
    %flag_set/vec4 8;
    %jmp/0xz  T_12.0, 8;
    %pushi/vec4 0, 0, 5;
    %assign/vec4 v000002899431e670_0, 0;
    %pushi/vec4 0, 0, 5;
    %assign/vec4 v000002899431ecb0_0, 0;
    %jmp T_12.1;
T_12.0 ;
    %load/vec4 v000002899431e710_0;
    %assign/vec4 v000002899431e670_0, 0;
    %load/vec4 v000002899431e490_0;
    %assign/vec4 v000002899431ecb0_0, 0;
T_12.1 ;
    %jmp T_12;
    .thread T_12;
    .scope S_00000289942829c0;
T_13 ;
    %wait E_0000028994332d30;
    %load/vec4 v000002899431e5d0_0;
    %flag_set/vec4 9;
    %flag_get/vec4 9;
    %jmp/0 T_13.2, 9;
    %load/vec4 v0000028994339e30_0;
    %nor/r;
    %and;
T_13.2;
    %flag_set/vec4 8;
    %jmp/0xz  T_13.0, 8;
    %load/vec4 v00000289943391b0_0;
    %load/vec4 v000002899431e670_0;
    %parti/s 4, 0, 2;
    %pad/u 6;
    %ix/vec4 3;
    %ix/load 4, 0, 0; Constant delay
    %assign/vec4/a/d v0000028994339f70, 0, 4;
T_13.0 ;
    %jmp T_13;
    .thread T_13;
    .scope S_00000289942829c0;
T_14 ;
    %wait E_00000289943332f0;
    %load/vec4 v000002899431ecb0_0;
    %parti/s 4, 0, 2;
    %pad/u 6;
    %ix/vec4 4;
    %load/vec4a v0000028994339f70, 4;
    %store/vec4 v00000289943392f0_0, 0, 8;
    %jmp T_14;
    .thread T_14, $push;
    .scope S_00000289942829c0;
T_15 ;
    %wait E_00000289943331b0;
    %load/vec4 v000002899431e670_0;
    %parti/s 1, 4, 4;
    %load/vec4 v000002899431ecb0_0;
    %parti/s 1, 4, 4;
    %cmp/ne;
    %flag_get/vec4 4;
    %jmp/0 T_15.0, 4;
    %load/vec4 v000002899431e670_0;
    %parti/s 4, 0, 2;
    %load/vec4 v000002899431ecb0_0;
    %parti/s 4, 0, 2;
    %cmp/e;
    %flag_get/vec4 4;
    %and;
T_15.0;
    %store/vec4 v0000028994339e30_0, 0, 1;
    %load/vec4 v000002899431e670_0;
    %load/vec4 v000002899431ecb0_0;
    %cmp/e;
    %flag_get/vec4 4;
    %store/vec4 v0000028994339cf0_0, 0, 1;
    %load/vec4 v000002899431e670_0;
    %load/vec4 v000002899431ecb0_0;
    %sub;
    %store/vec4 v0000028994339750_0, 0, 5;
    %jmp T_15;
    .thread T_15, $push;
    .scope S_00000289942e7f60;
T_16 ;
    %wait E_00000289943332b0;
    %pushi/vec4 0, 0, 1;
    %store/vec4 v00000289943698a0_0, 0, 1;
    %load/vec4 v0000028994364b20_0;
    %parti/s 8, 0, 2;
    %store/vec4 v0000028994369260_0, 0, 8;
    %pushi/vec4 0, 0, 1;
    %store/vec4 v0000028994366560_0, 0, 1;
    %pushi/vec4 0, 0, 1;
    %store/vec4 v0000028994365700_0, 0, 1;
    %load/vec4 v0000028994365a20_0;
    %flag_set/vec4 9;
    %flag_get/vec4 9;
    %jmp/0 T_16.2, 9;
    %load/vec4 v0000028994364a80_0;
    %pushi/vec4 0, 0, 4;
    %cmp/e;
    %flag_get/vec4 4;
    %and;
T_16.2;
    %flag_set/vec4 8;
    %jmp/0xz  T_16.0, 8;
    %load/vec4 v0000028994368180_0;
    %nor/r;
    %store/vec4 v00000289943698a0_0, 0, 1;
T_16.0 ;
    %load/vec4 v0000028994364da0_0;
    %flag_set/vec4 9;
    %flag_get/vec4 9;
    %jmp/0 T_16.5, 9;
    %load/vec4 v0000028994364a80_0;
    %pushi/vec4 4, 0, 4;
    %cmp/e;
    %flag_get/vec4 4;
    %and;
T_16.5;
    %flag_set/vec4 8;
    %jmp/0xz  T_16.3, 8;
    %load/vec4 v0000028994364bc0_0;
    %nor/r;
    %store/vec4 v0000028994366560_0, 0, 1;
T_16.3 ;
    %load/vec4 v0000028994366880_0;
    %flag_set/vec4 8;
    %jmp/0xz  T_16.6, 8;
    %load/vec4 v0000028994364a80_0;
    %dup/vec4;
    %pushi/vec4 0, 0, 4;
    %cmp/u;
    %jmp/1 T_16.8, 6;
    %dup/vec4;
    %pushi/vec4 4, 0, 4;
    %cmp/u;
    %jmp/1 T_16.9, 6;
    %dup/vec4;
    %pushi/vec4 8, 0, 4;
    %cmp/u;
    %jmp/1 T_16.10, 6;
    %dup/vec4;
    %pushi/vec4 12, 0, 4;
    %cmp/u;
    %jmp/1 T_16.11, 6;
    %pushi/vec4 1, 0, 1;
    %store/vec4 v0000028994365700_0, 0, 1;
    %jmp T_16.13;
T_16.8 ;
    %pushi/vec4 0, 0, 1;
    %store/vec4 v0000028994365700_0, 0, 1;
    %jmp T_16.13;
T_16.9 ;
    %pushi/vec4 0, 0, 1;
    %store/vec4 v0000028994365700_0, 0, 1;
    %jmp T_16.13;
T_16.10 ;
    %pushi/vec4 0, 0, 1;
    %store/vec4 v0000028994365700_0, 0, 1;
    %jmp T_16.13;
T_16.11 ;
    %pushi/vec4 0, 0, 1;
    %store/vec4 v0000028994365700_0, 0, 1;
    %jmp T_16.13;
T_16.13 ;
    %pop/vec4 1;
T_16.6 ;
    %jmp T_16;
    .thread T_16, $push;
    .scope S_00000289942e7f60;
T_17 ;
    %wait E_0000028994332770;
    %pushi/vec4 0, 0, 32;
    %store/vec4 v0000028994364d00_0, 0, 32;
    %load/vec4 v0000028994364a80_0;
    %dup/vec4;
    %pushi/vec4 4, 0, 4;
    %cmp/u;
    %jmp/1 T_17.0, 6;
    %dup/vec4;
    %pushi/vec4 8, 0, 4;
    %cmp/u;
    %jmp/1 T_17.1, 6;
    %dup/vec4;
    %pushi/vec4 12, 0, 4;
    %cmp/u;
    %jmp/1 T_17.2, 6;
    %pushi/vec4 0, 0, 32;
    %store/vec4 v0000028994364d00_0, 0, 32;
    %jmp T_17.4;
T_17.0 ;
    %pushi/vec4 0, 0, 24;
    %load/vec4 v0000028994364bc0_0;
    %flag_set/vec4 8;
    %jmp/0 T_17.5, 8;
    %pushi/vec4 0, 0, 8;
    %jmp/1 T_17.6, 8;
T_17.5 ; End of true expr.
    %load/vec4 v0000028994366380_0;
    %jmp/0 T_17.6, 8;
 ; End of false expr.
    %blend;
T_17.6;
    %concat/vec4; draw_concat_vec4
    %store/vec4 v0000028994364d00_0, 0, 32;
    %jmp T_17.4;
T_17.1 ;
    %pushi/vec4 0, 0, 22;
    %load/vec4 v0000028994364c60_0;
    %concat/vec4; draw_concat_vec4
    %load/vec4 v0000028994365020_0;
    %concat/vec4; draw_concat_vec4
    %store/vec4 v0000028994364d00_0, 0, 32;
    %jmp T_17.4;
T_17.2 ;
    %load/vec4 v0000028994368c20_0;
    %ix/load 4, 0, 0;
    %flag_set/imm 4, 0;
    %store/vec4 v0000028994364d00_0, 4, 1;
    %load/vec4 v0000028994368180_0;
    %ix/load 4, 1, 0;
    %flag_set/imm 4, 0;
    %store/vec4 v0000028994364d00_0, 4, 1;
    %load/vec4 v0000028994364bc0_0;
    %ix/load 4, 2, 0;
    %flag_set/imm 4, 0;
    %store/vec4 v0000028994364d00_0, 4, 1;
    %load/vec4 v00000289943664c0_0;
    %ix/load 4, 3, 0;
    %flag_set/imm 4, 0;
    %store/vec4 v0000028994364d00_0, 4, 1;
    %load/vec4 v00000289943667e0_0;
    %ix/load 4, 4, 0;
    %flag_set/imm 4, 0;
    %store/vec4 v0000028994364d00_0, 4, 1;
    %jmp T_17.4;
T_17.4 ;
    %pop/vec4 1;
    %jmp T_17;
    .thread T_17, $push;
    .scope S_00000289942e7f60;
T_18 ;
    %wait E_0000028994332ff0;
    %load/vec4 v0000028994366240_0;
    %nor/r;
    %flag_set/vec4 8;
    %jmp/0xz  T_18.0, 8;
    %pushi/vec4 2, 0, 8;
    %assign/vec4 v0000028994364c60_0, 0;
    %pushi/vec4 0, 0, 2;
    %assign/vec4 v0000028994365020_0, 0;
    %jmp T_18.1;
T_18.0 ;
    %load/vec4 v0000028994365a20_0;
    %flag_set/vec4 9;
    %flag_get/vec4 9;
    %jmp/0 T_18.4, 9;
    %load/vec4 v0000028994364a80_0;
    %pushi/vec4 8, 0, 4;
    %cmp/e;
    %flag_get/vec4 4;
    %and;
T_18.4;
    %flag_set/vec4 8;
    %jmp/0xz  T_18.2, 8;
    %load/vec4 v0000028994364b20_0;
    %parti/s 2, 0, 2;
    %assign/vec4 v0000028994365020_0, 0;
    %load/vec4 v0000028994364b20_0;
    %parti/s 8, 2, 3;
    %assign/vec4 v0000028994364c60_0, 0;
T_18.2 ;
T_18.1 ;
    %jmp T_18;
    .thread T_18;
    .scope S_00000289942e7f60;
T_19 ;
    %wait E_0000028994332ff0;
    %load/vec4 v0000028994366240_0;
    %nor/r;
    %flag_set/vec4 8;
    %jmp/0xz  T_19.0, 8;
    %pushi/vec4 0, 0, 1;
    %assign/vec4 v0000028994368a40_0, 0;
    %pushi/vec4 0, 0, 1;
    %assign/vec4 v0000028994368fe0_0, 0;
    %pushi/vec4 0, 0, 1;
    %assign/vec4 v0000028994365660_0, 0;
    %jmp T_19.1;
T_19.0 ;
    %pushi/vec4 0, 0, 1;
    %assign/vec4 v0000028994368fe0_0, 0;
    %pushi/vec4 0, 0, 1;
    %assign/vec4 v0000028994365660_0, 0;
    %load/vec4 v0000028994368a40_0;
    %dup/vec4;
    %pushi/vec4 0, 0, 1;
    %cmp/u;
    %jmp/1 T_19.2, 6;
    %dup/vec4;
    %pushi/vec4 1, 0, 1;
    %cmp/u;
    %jmp/1 T_19.3, 6;
    %pushi/vec4 0, 0, 1;
    %assign/vec4 v0000028994368a40_0, 0;
    %jmp T_19.5;
T_19.2 ;
    %load/vec4 v0000028994368c20_0;
    %nor/r;
    %flag_set/vec4 9;
    %flag_get/vec4 9;
    %jmp/0 T_19.8, 9;
    %load/vec4 v00000289943667e0_0;
    %nor/r;
    %and;
T_19.8;
    %flag_set/vec4 8;
    %jmp/0xz  T_19.6, 8;
    %pushi/vec4 1, 0, 1;
    %assign/vec4 v0000028994368fe0_0, 0;
    %pushi/vec4 1, 0, 1;
    %assign/vec4 v0000028994365660_0, 0;
    %pushi/vec4 1, 0, 1;
    %assign/vec4 v0000028994368a40_0, 0;
T_19.6 ;
    %jmp T_19.5;
T_19.3 ;
    %load/vec4 v00000289943652a0_0;
    %flag_set/vec4 8;
    %jmp/0xz  T_19.9, 8;
    %pushi/vec4 0, 0, 1;
    %assign/vec4 v0000028994368a40_0, 0;
T_19.9 ;
    %jmp T_19.5;
T_19.5 ;
    %pop/vec4 1;
T_19.1 ;
    %jmp T_19;
    .thread T_19;
    .scope S_0000028994316f60;
T_20 ;
    %pushi/vec4 90, 0, 8;
    %store/vec4 v00000289943684a0_0, 0, 8;
    %end;
    .thread T_20, $init;
    .scope S_0000028994316f60;
T_21 ;
    %pushi/vec4 0, 0, 1;
    %store/vec4 v0000028994368900_0, 0, 1;
T_21.0 ;
    %delay 10000, 0;
    %load/vec4 v0000028994368900_0;
    %inv;
    %store/vec4 v0000028994368900_0, 0, 1;
    %jmp T_21.0;
    %end;
    .thread T_21;
    .scope S_0000028994316f60;
T_22 ;
    %pushi/vec4 7, 0, 32;
    %store/vec4 v0000028994368040_0, 0, 32;
    %load/vec4 v00000289943684a0_0;
    %parti/s 1, 7, 4;
    %store/vec4 v0000028994369300_0, 0, 1;
    %end;
    .thread T_22;
    .scope S_0000028994316f60;
T_23 ;
    %wait E_0000028994333230;
    %pushi/vec4 7, 0, 32;
    %assign/vec4 v0000028994368040_0, 0;
    %load/vec4 v00000289943684a0_0;
    %parti/s 1, 7, 4;
    %assign/vec4 v0000028994369300_0, 0;
    %jmp T_23;
    .thread T_23;
    .scope S_0000028994316f60;
T_24 ;
    %wait E_0000028994332a70;
    %load/vec4 v0000028994368b80_0;
    %nor/r;
    %flag_set/vec4 8;
    %jmp/0xz  T_24.0, 8;
    %load/vec4 v0000028994368040_0;
    %cmpi/s 0, 0, 32;
    %flag_or 5, 4; GT is !LE
    %flag_inv 5;
    %jmp/0xz  T_24.2, 5;
    %load/vec4 v0000028994368040_0;
    %subi 1, 0, 32;
    %cast2;
    %assign/vec4 v0000028994368040_0, 0;
    %load/vec4 v00000289943684a0_0;
    %load/vec4 v0000028994368040_0;
    %subi 1, 0, 32;
    %part/s 1;
    %assign/vec4 v0000028994369300_0, 0;
    %jmp T_24.3;
T_24.2 ;
    %load/vec4 v00000289943684a0_0;
    %parti/s 1, 0, 2;
    %assign/vec4 v0000028994369300_0, 0;
T_24.3 ;
T_24.0 ;
    %jmp T_24;
    .thread T_24;
    .scope S_0000028994316f60;
T_25 ;
    %fork t_1, S_000002899433a9f0;
    %jmp t_0;
    .scope S_000002899433a9f0;
t_1 ;
    %pushi/vec4 0, 0, 1;
    %store/vec4 v0000028994368540_0, 0, 1;
    %pushi/vec4 0, 0, 1;
    %store/vec4 v00000289943694e0_0, 0, 1;
    %pushi/vec4 0, 0, 1;
    %store/vec4 v0000028994368400_0, 0, 1;
    %pushi/vec4 0, 0, 1;
    %store/vec4 v0000028994368f40_0, 0, 1;
    %pushi/vec4 0, 0, 4;
    %store/vec4 v0000028994367be0_0, 0, 4;
    %pushi/vec4 0, 0, 32;
    %store/vec4 v0000028994368ae0_0, 0, 32;
    %alloc S_000002899433bb30;
    %pushi/vec4 5, 0, 32;
    %store/vec4 v00000289943691c0_0, 0, 32;
    %fork TD_peripheral_subsystem_apb_tb.wait_cycles, S_000002899433bb30;
    %join;
    %free S_000002899433bb30;
    %pushi/vec4 1, 0, 1;
    %store/vec4 v0000028994368540_0, 0, 1;
    %alloc S_000002899433bb30;
    %pushi/vec4 2, 0, 32;
    %store/vec4 v00000289943691c0_0, 0, 32;
    %fork TD_peripheral_subsystem_apb_tb.wait_cycles, S_000002899433bb30;
    %join;
    %free S_000002899433bb30;
    %alloc S_00000289942f8ea0;
    %pushi/vec4 8, 0, 4;
    %store/vec4 v000002899433a0b0_0, 0, 4;
    %pushi/vec4 8, 0, 32;
    %store/vec4 v0000028994338a30_0, 0, 32;
    %fork TD_peripheral_subsystem_apb_tb.apb_write32, S_00000289942f8ea0;
    %join;
    %free S_00000289942f8ea0;
    %alloc S_000002899433ab80;
    %pushi/vec4 8, 0, 4;
    %store/vec4 v0000028994339610_0, 0, 4;
    %fork TD_peripheral_subsystem_apb_tb.apb_read32, S_000002899433ab80;
    %join;
    %load/vec4 v000002899433a510_0;
    %store/vec4 v0000028994338df0_0, 0, 32;
    %free S_000002899433ab80;
    %alloc S_00000289942f9030;
    %load/vec4 v0000028994338df0_0;
    %parti/s 8, 2, 3;
    %pushi/vec4 2, 0, 8;
    %cmp/e;
    %flag_get/vec4 4;
    %cast2;
    %store/vec4 v0000028994339930_0, 0, 1;
    %pushi/str "Control register clk_div mismatch";
    %store/str v000002899433a330_0;
    %fork TD_peripheral_subsystem_apb_tb.check, S_00000289942f9030;
    %join;
    %free S_00000289942f9030;
    %alloc S_00000289942f9030;
    %load/vec4 v0000028994338df0_0;
    %parti/s 2, 0, 2;
    %pushi/vec4 0, 0, 2;
    %cmp/e;
    %flag_get/vec4 4;
    %cast2;
    %store/vec4 v0000028994339930_0, 0, 1;
    %pushi/str "Control register cpol/cpha mismatch";
    %store/str v000002899433a330_0;
    %fork TD_peripheral_subsystem_apb_tb.check, S_00000289942f9030;
    %join;
    %free S_00000289942f9030;
    %alloc S_00000289942f8ea0;
    %pushi/vec4 0, 0, 4;
    %store/vec4 v000002899433a0b0_0, 0, 4;
    %pushi/vec4 166, 0, 32;
    %store/vec4 v0000028994338a30_0, 0, 32;
    %fork TD_peripheral_subsystem_apb_tb.apb_write32, S_00000289942f8ea0;
    %join;
    %free S_00000289942f8ea0;
    %alloc S_000002899433bcc0;
    %pushi/vec4 0, 0, 1;
    %store/vec4 v0000028994367b40_0, 0, 1;
    %pushi/vec4 5000, 0, 32;
    %store/vec4 v0000028994369620_0, 0, 32;
    %fork TD_peripheral_subsystem_apb_tb.wait_for_ss, S_000002899433bcc0;
    %join;
    %free S_000002899433bcc0;
    %alloc S_000002899433bcc0;
    %pushi/vec4 1, 0, 1;
    %store/vec4 v0000028994367b40_0, 0, 1;
    %pushi/vec4 5000, 0, 32;
    %store/vec4 v0000028994369620_0, 0, 32;
    %fork TD_peripheral_subsystem_apb_tb.wait_for_ss, S_000002899433bcc0;
    %join;
    %free S_000002899433bcc0;
    %pushi/vec4 0, 0, 32;
    %store/vec4 v000002899433a290_0, 0, 32;
    %pushi/vec4 0, 0, 1;
    %store/vec4 v000002899433a150_0, 0, 1;
T_25.0 ;
    %load/vec4 v000002899433a290_0;
    %cmpi/s 200, 0, 32;
    %flag_get/vec4 5;
    %jmp/0 T_25.2, 5;
    %load/vec4 v000002899433a150_0;
    %nor/r;
    %and;
T_25.2;
    %flag_set/vec4 8;
    %jmp/0xz T_25.1, 8;
    %alloc S_000002899433ab80;
    %pushi/vec4 12, 0, 4;
    %store/vec4 v0000028994339610_0, 0, 4;
    %fork TD_peripheral_subsystem_apb_tb.apb_read32, S_000002899433ab80;
    %join;
    %load/vec4 v000002899433a510_0;
    %store/vec4 v00000289943397f0_0, 0, 32;
    %free S_000002899433ab80;
    %load/vec4 v00000289943397f0_0;
    %parti/s 1, 2, 3;
    %cmpi/e 0, 0, 1;
    %jmp/0xz  T_25.3, 4;
    %pushi/vec4 1, 0, 1;
    %store/vec4 v000002899433a150_0, 0, 1;
T_25.3 ;
    ; show_stmt_assign_vector: Get l-value for compressed += operand
    %load/vec4 v000002899433a290_0;
    %pushi/vec4 1, 0, 32;
    %add;
    %cast2;
    %store/vec4 v000002899433a290_0, 0, 32;
    %jmp T_25.0;
T_25.1 ;
    %alloc S_00000289942f9030;
    %load/vec4 v000002899433a150_0;
    %store/vec4 v0000028994339930_0, 0, 1;
    %pushi/str "RX FIFO did not receive SPI return data";
    %store/str v000002899433a330_0;
    %fork TD_peripheral_subsystem_apb_tb.check, S_00000289942f9030;
    %join;
    %free S_00000289942f9030;
    %alloc S_000002899433ab80;
    %pushi/vec4 4, 0, 4;
    %store/vec4 v0000028994339610_0, 0, 4;
    %fork TD_peripheral_subsystem_apb_tb.apb_read32, S_000002899433ab80;
    %join;
    %load/vec4 v000002899433a510_0;
    %store/vec4 v0000028994338df0_0, 0, 32;
    %free S_000002899433ab80;
    %alloc S_00000289942f9030;
    %load/vec4 v0000028994338df0_0;
    %parti/s 8, 0, 2;
    %pushi/vec4 90, 0, 8;
    %cmp/e;
    %flag_get/vec4 4;
    %cast2;
    %store/vec4 v0000028994339930_0, 0, 1;
    %vpi_func/s 3 199 "$sformatf", "Expected 0x5A in RX data, got 0x%02h", &PV<v0000028994338df0_0, 0, 8> {0 0 0};
    %store/str v000002899433a330_0;
    %fork TD_peripheral_subsystem_apb_tb.check, S_00000289942f9030;
    %join;
    %free S_00000289942f9030;
    %alloc S_000002899433ab80;
    %pushi/vec4 12, 0, 4;
    %store/vec4 v0000028994339610_0, 0, 4;
    %fork TD_peripheral_subsystem_apb_tb.apb_read32, S_000002899433ab80;
    %join;
    %load/vec4 v000002899433a510_0;
    %store/vec4 v00000289943397f0_0, 0, 32;
    %free S_000002899433ab80;
    %alloc S_00000289942f9030;
    %load/vec4 v00000289943397f0_0;
    %parti/s 1, 2, 3;
    %pushi/vec4 1, 0, 1;
    %cmp/e;
    %flag_get/vec4 4;
    %cast2;
    %store/vec4 v0000028994339930_0, 0, 1;
    %pushi/str "RX FIFO empty flag not set after read";
    %store/str v000002899433a330_0;
    %fork TD_peripheral_subsystem_apb_tb.check, S_00000289942f9030;
    %join;
    %free S_00000289942f9030;
    %wait E_0000028994332570;
    %pushi/vec4 1, 0, 1;
    %assign/vec4 v00000289943694e0_0, 0;
    %pushi/vec4 0, 0, 1;
    %assign/vec4 v0000028994368400_0, 0;
    %pushi/vec4 0, 0, 1;
    %assign/vec4 v0000028994368f40_0, 0;
    %pushi/vec4 14, 0, 4;
    %assign/vec4 v0000028994367be0_0, 0;
    %wait E_0000028994332570;
    %pushi/vec4 1, 0, 1;
    %assign/vec4 v0000028994368400_0, 0;
    %delay 1000, 0;
    %alloc S_00000289942f9030;
    %load/vec4 v0000028994368d60_0;
    %pushi/vec4 1, 0, 1;
    %cmp/e;
    %flag_get/vec4 4;
    %cast2;
    %store/vec4 v0000028994339930_0, 0, 1;
    %pushi/str "pslverr not asserted for invalid APB address";
    %store/str v000002899433a330_0;
    %fork TD_peripheral_subsystem_apb_tb.check, S_00000289942f9030;
    %join;
    %free S_00000289942f9030;
    %wait E_0000028994332570;
    %pushi/vec4 0, 0, 1;
    %assign/vec4 v00000289943694e0_0, 0;
    %pushi/vec4 0, 0, 1;
    %assign/vec4 v0000028994368400_0, 0;
    %pushi/vec4 0, 0, 4;
    %assign/vec4 v0000028994367be0_0, 0;
    %vpi_call/w 3 219 "$display", "APB wrapper register-map test passed." {0 0 0};
    %vpi_call/w 3 220 "$finish" {0 0 0};
    %end;
    .scope S_0000028994316f60;
t_0 %join;
    %end;
    .thread T_25;
# The file index is used to find the file name in the following table.
:file_names 7;
    "N/A";
    "<interactive>";
    "-";
    "peripheral_subsystem_apb_tb.sv";
    "peripheral_subsystem_apb.sv";
    "spi_master.sv";
    "sync_fifo.sv";
