#! /c/Source/iverilog-install/bin/vvp
:ivl_version "12.0 (devel)" "(s20150603-1539-g2693dd32b)";
:ivl_delay_selection "TYPICAL";
:vpi_time_precision + 0;
:vpi_module "C:\Users\iverilog\lib\ivl\system.vpi";
:vpi_module "C:\Users\iverilog\lib\ivl\vhdl_sys.vpi";
:vpi_module "C:\Users\iverilog\lib\ivl\vhdl_textio.vpi";
:vpi_module "C:\Users\iverilog\lib\ivl\v2005_math.vpi";
:vpi_module "C:\Users\iverilog\lib\ivl\va_math.vpi";
:vpi_module "C:\Users\iverilog\lib\ivl\v2009.vpi";
S_000002045b5e39e0 .scope package, "$unit" "$unit" 2 1;
 .timescale 0 0;
S_000002045b5e3b70 .scope module, "peripheral_subsystem_soc_top" "peripheral_subsystem_soc_top" 3 1;
 .timescale 0 0;
    .port_info 0 /INPUT 1 "PCLK";
    .port_info 1 /INPUT 1 "PRESETn";
    .port_info 2 /INPUT 1 "PSEL";
    .port_info 3 /INPUT 1 "PENABLE";
    .port_info 4 /INPUT 1 "PWRITE";
    .port_info 5 /INPUT 4 "PADDR";
    .port_info 6 /INPUT 32 "PWDATA";
    .port_info 7 /OUTPUT 32 "PRDATA";
    .port_info 8 /OUTPUT 1 "PREADY";
    .port_info 9 /OUTPUT 1 "PSLVERR";
    .port_info 10 /OUTPUT 1 "SCLK";
    .port_info 11 /OUTPUT 1 "MOSI";
    .port_info 12 /INPUT 1 "MISO";
    .port_info 13 /OUTPUT 1 "SS_n";
P_000002045b5e3d00 .param/l "CLK_DIV_W" 0 3 4, +C4<00000000000000000000000000001000>;
P_000002045b5e3d38 .param/l "DATA_WIDTH" 0 3 2, +C4<00000000000000000000000000001000>;
P_000002045b5e3d70 .param/l "FIFO_DEPTH" 0 3 3, +C4<00000000000000000000000000010000>;
P_000002045b5e3da8 .param/l "PADDR_W" 0 3 5, +C4<00000000000000000000000000000100>;
o000002045b6191b8 .functor BUFZ 1, C4<z>; HiZ drive
v000002045b66d040_0 .net "MISO", 0 0, o000002045b6191b8;  0 drivers
v000002045b66cc80_0 .net "MOSI", 0 0, v000002045b60cf50_0;  1 drivers
o000002045b61a868 .functor BUFZ 4, C4<zzzz>; HiZ drive
v000002045b66cbe0_0 .net "PADDR", 3 0, o000002045b61a868;  0 drivers
o000002045b619008 .functor BUFZ 1, C4<z>; HiZ drive
v000002045b66b380_0 .net "PCLK", 0 0, o000002045b619008;  0 drivers
o000002045b61a898 .functor BUFZ 1, C4<z>; HiZ drive
v000002045b66c140_0 .net "PENABLE", 0 0, o000002045b61a898;  0 drivers
v000002045b66c6e0_0 .net "PRDATA", 31 0, v000002045b66b920_0;  1 drivers
L_000002045b67a778 .functor BUFT 1, C4<1>, C4<0>, C4<0>, C4<0>;
v000002045b66c1e0_0 .net "PREADY", 0 0, L_000002045b67a778;  1 drivers
o000002045b619278 .functor BUFZ 1, C4<z>; HiZ drive
v000002045b66c500_0 .net "PRESETn", 0 0, o000002045b619278;  0 drivers
o000002045b61a928 .functor BUFZ 1, C4<z>; HiZ drive
v000002045b66b560_0 .net "PSEL", 0 0, o000002045b61a928;  0 drivers
v000002045b66c780_0 .net "PSLVERR", 0 0, v000002045b66b420_0;  1 drivers
o000002045b61a988 .functor BUFZ 32, C4<zzzzzzzzzzzzzzzzzzzzzzzzzzzzzzzz>; HiZ drive
v000002045b66c960_0 .net "PWDATA", 31 0, o000002045b61a988;  0 drivers
o000002045b61a9b8 .functor BUFZ 1, C4<z>; HiZ drive
v000002045b66d0e0_0 .net "PWRITE", 0 0, o000002045b61a9b8;  0 drivers
v000002045b66b2e0_0 .net "SCLK", 0 0, v000002045b669b40_0;  1 drivers
v000002045b679250_0 .net "SS_n", 0 0, v000002045b66acc0_0;  1 drivers
S_000002045b5d1af0 .scope module, "u_peripheral_subsystem_apb" "peripheral_subsystem_apb" 3 31, 4 1 0, S_000002045b5e3b70;
 .timescale 0 0;
    .port_info 0 /INPUT 1 "pclk";
    .port_info 1 /INPUT 1 "presetn";
    .port_info 2 /INPUT 1 "psel";
    .port_info 3 /INPUT 1 "penable";
    .port_info 4 /INPUT 1 "pwrite";
    .port_info 5 /INPUT 4 "paddr";
    .port_info 6 /INPUT 32 "pwdata";
    .port_info 7 /OUTPUT 32 "prdata";
    .port_info 8 /OUTPUT 1 "pready";
    .port_info 9 /OUTPUT 1 "pslverr";
    .port_info 10 /OUTPUT 1 "sclk";
    .port_info 11 /OUTPUT 1 "mosi";
    .port_info 12 /INPUT 1 "miso";
    .port_info 13 /OUTPUT 1 "ss_n";
P_000002045b5d1c80 .param/l "CLK_DIV_W" 0 4 4, +C4<00000000000000000000000000001000>;
P_000002045b5d1cb8 .param/l "DATA_WIDTH" 0 4 2, +C4<00000000000000000000000000001000>;
P_000002045b5d1cf0 .param/l "FIFO_DEPTH" 0 4 3, +C4<00000000000000000000000000010000>;
P_000002045b5d1d28 .param/l "PADDR_W" 0 4 5, +C4<00000000000000000000000000000100>;
P_000002045b5d1d60 .param/l "REG_CONTROL" 1 4 26, C4<1000>;
P_000002045b5d1d98 .param/l "REG_RX_DATA" 1 4 25, C4<0100>;
P_000002045b5d1dd0 .param/l "REG_STATUS" 1 4 27, C4<1100>;
P_000002045b5d1e08 .param/l "REG_TX_DATA" 1 4 24, C4<0000>;
enum000002045b5eee30 .enum4 (1)
   "IDLE" 1'b0,
   "SPI_EXEC" 1'b1
 ;
L_000002045b606b30 .functor AND 1, o000002045b61a928, o000002045b61a898, C4<1>, C4<1>;
L_000002045b606890 .functor AND 1, L_000002045b606b30, o000002045b61a9b8, C4<1>, C4<1>;
L_000002045b6069e0 .functor AND 1, L_000002045b606b30, L_000002045b67a650, C4<1>, C4<1>;
L_000002045b605ef0 .functor BUFZ 1, v000002045b60ceb0_0, C4<0>, C4<0>, C4<0>;
L_000002045b606a50 .functor BUFZ 8, v000002045b60c7d0_0, C4<00000000>, C4<00000000>, C4<00000000>;
v000002045b66b600_0 .net *"_ivl_7", 0 0, L_000002045b67a650;  1 drivers
v000002045b66ba60_0 .net "apb_access", 0 0, L_000002045b606b30;  1 drivers
v000002045b66bb00_0 .net "apb_read", 0 0, L_000002045b6069e0;  1 drivers
v000002045b66c820_0 .net "apb_write", 0 0, L_000002045b606890;  1 drivers
v000002045b66ce60_0 .net "miso", 0 0, o000002045b6191b8;  alias, 0 drivers
v000002045b66caa0_0 .net "mosi", 0 0, v000002045b60cf50_0;  alias, 1 drivers
v000002045b66c5a0_0 .net "paddr", 3 0, o000002045b61a868;  alias, 0 drivers
v000002045b66c280_0 .net "pclk", 0 0, o000002045b619008;  alias, 0 drivers
v000002045b66b880_0 .net "penable", 0 0, o000002045b61a898;  alias, 0 drivers
v000002045b66b920_0 .var "prdata", 31 0;
v000002045b66b740_0 .net "pready", 0 0, L_000002045b67a778;  alias, 1 drivers
v000002045b66c320_0 .net "presetn", 0 0, o000002045b619278;  alias, 0 drivers
v000002045b66c8c0_0 .net "psel", 0 0, o000002045b61a928;  alias, 0 drivers
v000002045b66b420_0 .var "pslverr", 0 0;
v000002045b66bba0_0 .net "pwdata", 31 0, o000002045b61a988;  alias, 0 drivers
v000002045b66cdc0_0 .net "pwrite", 0 0, o000002045b61a9b8;  alias, 0 drivers
v000002045b66ca00_0 .net "rx_fifo_din", 7 0, L_000002045b606a50;  1 drivers
v000002045b66b240_0 .net "rx_fifo_dout", 7 0, v000002045b66af40_0;  1 drivers
v000002045b66b4c0_0 .net "rx_fifo_empty", 0 0, L_000002045b605d30;  1 drivers
v000002045b66bec0_0 .net "rx_fifo_full", 0 0, L_000002045b606ba0;  1 drivers
v000002045b66b7e0_0 .var "rx_fifo_rd_en", 0 0;
v000002045b66c640_0 .net "rx_fifo_wr_en", 0 0, L_000002045b605ef0;  1 drivers
v000002045b66b9c0_0 .net "sclk", 0 0, v000002045b669b40_0;  alias, 1 drivers
v000002045b66c3c0_0 .net "spi_busy", 0 0, L_000002045b678f30;  1 drivers
v000002045b66cd20_0 .var "spi_clk_div_reg", 7 0;
v000002045b66bc40_0 .var "spi_cpol_cpha_reg", 1 0;
v000002045b66bce0_0 .net "spi_done", 0 0, v000002045b60ceb0_0;  1 drivers
v000002045b66c460_0 .net "spi_dout", 7 0, v000002045b60c7d0_0;  1 drivers
v000002045b66cb40_0 .var "spi_start", 0 0;
v000002045b66c0a0_0 .net "ss_n", 0 0, v000002045b66acc0_0;  alias, 1 drivers
v000002045b66b6a0_0 .var "state", 0 0;
v000002045b66cf00_0 .var "tx_fifo_din", 7 0;
v000002045b66bd80_0 .net "tx_fifo_dout", 7 0, v000002045b66aae0_0;  1 drivers
v000002045b66bf60_0 .net "tx_fifo_empty", 0 0, L_000002045b606350;  1 drivers
v000002045b66be20_0 .net "tx_fifo_full", 0 0, L_000002045b606820;  1 drivers
v000002045b66c000_0 .var "tx_fifo_rd_en", 0 0;
v000002045b66cfa0_0 .var "tx_fifo_wr_en", 0 0;
E_000002045b603190/0 .event anyedge, v000002045b66c5a0_0, v000002045b669960_0, v000002045b66af40_0, v000002045b60c690_0;
E_000002045b603190/1 .event anyedge, v000002045b60c0f0_0, v000002045b669a00_0, v000002045b669e60_0, v000002045b6691e0_0;
E_000002045b603190/2 .event anyedge, v000002045b60c190_0;
E_000002045b603190 .event/or E_000002045b603190/0, E_000002045b603190/1, E_000002045b603190/2;
E_000002045b603450/0 .event anyedge, v000002045b66bba0_0, v000002045b66c820_0, v000002045b66c5a0_0, v000002045b669e60_0;
E_000002045b603450/1 .event anyedge, v000002045b66bb00_0, v000002045b669960_0, v000002045b66ba60_0;
E_000002045b603450 .event/or E_000002045b603450/0, E_000002045b603450/1;
L_000002045b67a650 .reduce/nor o000002045b61a9b8;
S_000002045b582c20 .scope module, "u_spi_master" "spi_master" 4 143, 5 1 0, S_000002045b5d1af0;
 .timescale 0 0;
    .port_info 0 /INPUT 1 "clk";
    .port_info 1 /INPUT 1 "rst_n";
    .port_info 2 /INPUT 1 "start";
    .port_info 3 /INPUT 8 "clk_div";
    .port_info 4 /INPUT 2 "cpol_cpha";
    .port_info 5 /INPUT 8 "din";
    .port_info 6 /OUTPUT 8 "dout";
    .port_info 7 /OUTPUT 1 "busy";
    .port_info 8 /OUTPUT 1 "done";
    .port_info 9 /OUTPUT 1 "sclk";
    .port_info 10 /OUTPUT 1 "mosi";
    .port_info 11 /INPUT 1 "miso";
    .port_info 12 /OUTPUT 1 "ss_n";
P_000002045b568420 .param/l "CLK_DIV_WIDTH" 0 5 3, +C4<00000000000000000000000000001000>;
P_000002045b568458 .param/l "DATA_WIDTH" 0 5 2, +C4<00000000000000000000000000001000>;
enum000002045b5eeed0 .enum4 (2)
   "IDLE" 2'b00,
   "SETUP" 2'b01,
   "SHIFT" 2'b10,
   "DONE" 2'b11
 ;
L_000002045b67a850 .functor BUFT 1, C4<00>, C4<0>, C4<0>, C4<0>;
v000002045b60ce10_0 .net/2u *"_ivl_4", 1 0, L_000002045b67a850;  1 drivers
v000002045b60c2d0_0 .var "bit_cnt", 3 0;
v000002045b60c190_0 .net "busy", 0 0, L_000002045b678f30;  alias, 1 drivers
v000002045b60c9b0_0 .net "clk", 0 0, o000002045b619008;  alias, 0 drivers
v000002045b60c370_0 .var "clk_cnt", 7 0;
v000002045b60c690_0 .net "clk_div", 7 0, v000002045b66cd20_0;  1 drivers
v000002045b60c410_0 .net "cpha", 0 0, L_000002045b6796b0;  1 drivers
v000002045b60c4b0_0 .net "cpol", 0 0, L_000002045b6787b0;  1 drivers
v000002045b60c0f0_0 .net "cpol_cpha", 1 0, v000002045b66bc40_0;  1 drivers
v000002045b60c5f0_0 .net "din", 7 0, v000002045b66aae0_0;  alias, 1 drivers
v000002045b60ceb0_0 .var "done", 0 0;
v000002045b60c7d0_0 .var "dout", 7 0;
v000002045b60c230_0 .net "miso", 0 0, o000002045b6191b8;  alias, 0 drivers
v000002045b60c550_0 .var "miso_shift", 7 0;
v000002045b60cf50_0 .var "mosi", 0 0;
v000002045b6695a0_0 .var "mosi_shift", 7 0;
v000002045b669fa0_0 .net "rst_n", 0 0, o000002045b619278;  alias, 0 drivers
v000002045b66aa40_0 .var "sample_edge", 0 0;
v000002045b669b40_0 .var "sclk", 0 0;
v000002045b66a680_0 .var "shift_edge", 0 0;
v000002045b66acc0_0 .var "ss_n", 0 0;
v000002045b669320_0 .net "start", 0 0, v000002045b66cb40_0;  1 drivers
v000002045b669280_0 .var "state", 1 0;
E_000002045b602ed0/0 .event negedge, v000002045b669fa0_0;
E_000002045b602ed0/1 .event posedge, v000002045b60c9b0_0;
E_000002045b602ed0 .event/or E_000002045b602ed0/0, E_000002045b602ed0/1;
L_000002045b6787b0 .part v000002045b66bc40_0, 1, 1;
L_000002045b6796b0 .part v000002045b66bc40_0, 0, 1;
L_000002045b678f30 .cmp/ne 2, v000002045b669280_0, L_000002045b67a850;
S_000002045b66b060 .scope module, "u_spi_rx_fifo" "sync_fifo" 4 165, 6 1 0, S_000002045b5d1af0;
 .timescale 0 0;
    .port_info 0 /INPUT 1 "clk";
    .port_info 1 /INPUT 1 "rst_n";
    .port_info 2 /INPUT 1 "wr_en";
    .port_info 3 /INPUT 1 "rd_en";
    .port_info 4 /INPUT 8 "din";
    .port_info 5 /INPUT 5 "almost_full_val";
    .port_info 6 /INPUT 5 "almost_empty_val";
    .port_info 7 /OUTPUT 8 "dout";
    .port_info 8 /OUTPUT 1 "full";
    .port_info 9 /OUTPUT 1 "empty";
    .port_info 10 /OUTPUT 1 "almost_full";
    .port_info 11 /OUTPUT 1 "almost_empty";
    .port_info 12 /OUTPUT 5 "data_count";
P_000002045b606d90 .param/l "ADDR_WIDTH" 1 6 22, +C4<00000000000000000000000000000100>;
P_000002045b606dc8 .param/l "DATA_WIDTH" 0 6 2, +C4<00000000000000000000000000001000>;
P_000002045b606e00 .param/l "FIFO_DEPTH" 0 6 3, +C4<00000000000000000000000000010000>;
L_000002045b606ba0 .functor BUFZ 1, v000002045b66a220_0, C4<0>, C4<0>, C4<0>;
L_000002045b605d30 .functor BUFZ 1, v000002045b669460_0, C4<0>, C4<0>, C4<0>;
L_000002045b6060b0 .functor BUFZ 5, v000002045b669d20_0, C4<00000>, C4<00000>, C4<00000>;
v000002045b66a7c0_0 .net "almost_empty", 0 0, L_000002045b67a510;  1 drivers
L_000002045b67a8e0 .functor BUFT 1, C4<00010>, C4<0>, C4<0>, C4<0>;
v000002045b66a860_0 .net "almost_empty_val", 4 0, L_000002045b67a8e0;  1 drivers
v000002045b66a540_0 .net "almost_full", 0 0, L_000002045b67a150;  1 drivers
L_000002045b67a898 .functor BUFT 1, C4<01110>, C4<0>, C4<0>, C4<0>;
v000002045b6693c0_0 .net "almost_full_val", 4 0, L_000002045b67a898;  1 drivers
v000002045b669140_0 .net "clk", 0 0, o000002045b619008;  alias, 0 drivers
v000002045b6690a0_0 .net "data_count", 4 0, L_000002045b6060b0;  1 drivers
v000002045b669d20_0 .var "data_count_reg", 4 0;
v000002045b66a900_0 .net "din", 7 0, L_000002045b606a50;  alias, 1 drivers
v000002045b66af40_0 .var "dout", 7 0;
v000002045b669960_0 .net "empty", 0 0, L_000002045b605d30;  alias, 1 drivers
v000002045b669460_0 .var "empty_val", 0 0;
v000002045b6691e0_0 .net "full", 0 0, L_000002045b606ba0;  alias, 1 drivers
v000002045b66a220_0 .var "full_val", 0 0;
v000002045b669be0 .array "mem", 15 0, 7 0;
v000002045b66a0e0_0 .net "rd_en", 0 0, v000002045b66b7e0_0;  1 drivers
v000002045b66ac20_0 .var "rd_ptr", 4 0;
v000002045b669640_0 .var "rd_ptr_next", 4 0;
v000002045b669c80_0 .net "rst_n", 0 0, o000002045b619278;  alias, 0 drivers
v000002045b669500_0 .net "wr_en", 0 0, L_000002045b605ef0;  alias, 1 drivers
v000002045b66a180_0 .var "wr_ptr", 4 0;
v000002045b6696e0_0 .var "wr_ptr_next", 4 0;
E_000002045b603b10 .event anyedge, v000002045b66a180_0, v000002045b66ac20_0;
v000002045b669be0_0 .array/port v000002045b669be0, 0;
v000002045b669be0_1 .array/port v000002045b669be0, 1;
v000002045b669be0_2 .array/port v000002045b669be0, 2;
E_000002045b602fd0/0 .event anyedge, v000002045b66ac20_0, v000002045b669be0_0, v000002045b669be0_1, v000002045b669be0_2;
v000002045b669be0_3 .array/port v000002045b669be0, 3;
v000002045b669be0_4 .array/port v000002045b669be0, 4;
v000002045b669be0_5 .array/port v000002045b669be0, 5;
v000002045b669be0_6 .array/port v000002045b669be0, 6;
E_000002045b602fd0/1 .event anyedge, v000002045b669be0_3, v000002045b669be0_4, v000002045b669be0_5, v000002045b669be0_6;
v000002045b669be0_7 .array/port v000002045b669be0, 7;
v000002045b669be0_8 .array/port v000002045b669be0, 8;
v000002045b669be0_9 .array/port v000002045b669be0, 9;
v000002045b669be0_10 .array/port v000002045b669be0, 10;
E_000002045b602fd0/2 .event anyedge, v000002045b669be0_7, v000002045b669be0_8, v000002045b669be0_9, v000002045b669be0_10;
v000002045b669be0_11 .array/port v000002045b669be0, 11;
v000002045b669be0_12 .array/port v000002045b669be0, 12;
v000002045b669be0_13 .array/port v000002045b669be0, 13;
v000002045b669be0_14 .array/port v000002045b669be0, 14;
E_000002045b602fd0/3 .event anyedge, v000002045b669be0_11, v000002045b669be0_12, v000002045b669be0_13, v000002045b669be0_14;
v000002045b669be0_15 .array/port v000002045b669be0, 15;
E_000002045b602fd0/4 .event anyedge, v000002045b669be0_15;
E_000002045b602fd0 .event/or E_000002045b602fd0/0, E_000002045b602fd0/1, E_000002045b602fd0/2, E_000002045b602fd0/3, E_000002045b602fd0/4;
E_000002045b602d50 .event posedge, v000002045b60c9b0_0;
E_000002045b603490/0 .event anyedge, v000002045b66a180_0, v000002045b66ac20_0, v000002045b669500_0, v000002045b66a220_0;
E_000002045b603490/1 .event anyedge, v000002045b66a0e0_0, v000002045b669460_0;
E_000002045b603490 .event/or E_000002045b603490/0, E_000002045b603490/1;
L_000002045b67a150 .cmp/ge 5, v000002045b669d20_0, L_000002045b67a898;
L_000002045b67a510 .cmp/ge 5, L_000002045b67a8e0, v000002045b669d20_0;
S_000002045b6781a0 .scope module, "u_spi_tx_fifo" "sync_fifo" 4 124, 6 1 0, S_000002045b5d1af0;
 .timescale 0 0;
    .port_info 0 /INPUT 1 "clk";
    .port_info 1 /INPUT 1 "rst_n";
    .port_info 2 /INPUT 1 "wr_en";
    .port_info 3 /INPUT 1 "rd_en";
    .port_info 4 /INPUT 8 "din";
    .port_info 5 /INPUT 5 "almost_full_val";
    .port_info 6 /INPUT 5 "almost_empty_val";
    .port_info 7 /OUTPUT 8 "dout";
    .port_info 8 /OUTPUT 1 "full";
    .port_info 9 /OUTPUT 1 "empty";
    .port_info 10 /OUTPUT 1 "almost_full";
    .port_info 11 /OUTPUT 1 "almost_empty";
    .port_info 12 /OUTPUT 5 "data_count";
P_000002045b582ec0 .param/l "ADDR_WIDTH" 1 6 22, +C4<00000000000000000000000000000100>;
P_000002045b582ef8 .param/l "DATA_WIDTH" 0 6 2, +C4<00000000000000000000000000001000>;
P_000002045b582f30 .param/l "FIFO_DEPTH" 0 6 3, +C4<00000000000000000000000000010000>;
L_000002045b606820 .functor BUFZ 1, v000002045b66ab80_0, C4<0>, C4<0>, C4<0>;
L_000002045b606350 .functor BUFZ 1, v000002045b669aa0_0, C4<0>, C4<0>, C4<0>;
L_000002045b605cc0 .functor BUFZ 5, v000002045b66a720_0, C4<00000>, C4<00000>, C4<00000>;
v000002045b669780_0 .net "almost_empty", 0 0, L_000002045b679750;  1 drivers
L_000002045b67a808 .functor BUFT 1, C4<00010>, C4<0>, C4<0>, C4<0>;
v000002045b66a360_0 .net "almost_empty_val", 4 0, L_000002045b67a808;  1 drivers
v000002045b669820_0 .net "almost_full", 0 0, L_000002045b678e90;  1 drivers
L_000002045b67a7c0 .functor BUFT 1, C4<01110>, C4<0>, C4<0>, C4<0>;
v000002045b6698c0_0 .net "almost_full_val", 4 0, L_000002045b67a7c0;  1 drivers
v000002045b66a9a0_0 .net "clk", 0 0, o000002045b619008;  alias, 0 drivers
v000002045b66ae00_0 .net "data_count", 4 0, L_000002045b605cc0;  1 drivers
v000002045b66a720_0 .var "data_count_reg", 4 0;
v000002045b669dc0_0 .net "din", 7 0, v000002045b66cf00_0;  1 drivers
v000002045b66aae0_0 .var "dout", 7 0;
v000002045b669a00_0 .net "empty", 0 0, L_000002045b606350;  alias, 1 drivers
v000002045b669aa0_0 .var "empty_val", 0 0;
v000002045b669e60_0 .net "full", 0 0, L_000002045b606820;  alias, 1 drivers
v000002045b66ab80_0 .var "full_val", 0 0;
v000002045b669f00 .array "mem", 15 0, 7 0;
v000002045b66a040_0 .net "rd_en", 0 0, v000002045b66c000_0;  1 drivers
v000002045b66ad60_0 .var "rd_ptr", 4 0;
v000002045b66a2c0_0 .var "rd_ptr_next", 4 0;
v000002045b66a400_0 .net "rst_n", 0 0, o000002045b619278;  alias, 0 drivers
v000002045b66a4a0_0 .net "wr_en", 0 0, v000002045b66cfa0_0;  1 drivers
v000002045b66a5e0_0 .var "wr_ptr", 4 0;
v000002045b66aea0_0 .var "wr_ptr_next", 4 0;
E_000002045b603bd0 .event anyedge, v000002045b66a5e0_0, v000002045b66ad60_0;
v000002045b669f00_0 .array/port v000002045b669f00, 0;
v000002045b669f00_1 .array/port v000002045b669f00, 1;
v000002045b669f00_2 .array/port v000002045b669f00, 2;
E_000002045b604590/0 .event anyedge, v000002045b66ad60_0, v000002045b669f00_0, v000002045b669f00_1, v000002045b669f00_2;
v000002045b669f00_3 .array/port v000002045b669f00, 3;
v000002045b669f00_4 .array/port v000002045b669f00, 4;
v000002045b669f00_5 .array/port v000002045b669f00, 5;
v000002045b669f00_6 .array/port v000002045b669f00, 6;
E_000002045b604590/1 .event anyedge, v000002045b669f00_3, v000002045b669f00_4, v000002045b669f00_5, v000002045b669f00_6;
v000002045b669f00_7 .array/port v000002045b669f00, 7;
v000002045b669f00_8 .array/port v000002045b669f00, 8;
v000002045b669f00_9 .array/port v000002045b669f00, 9;
v000002045b669f00_10 .array/port v000002045b669f00, 10;
E_000002045b604590/2 .event anyedge, v000002045b669f00_7, v000002045b669f00_8, v000002045b669f00_9, v000002045b669f00_10;
v000002045b669f00_11 .array/port v000002045b669f00, 11;
v000002045b669f00_12 .array/port v000002045b669f00, 12;
v000002045b669f00_13 .array/port v000002045b669f00, 13;
v000002045b669f00_14 .array/port v000002045b669f00, 14;
E_000002045b604590/3 .event anyedge, v000002045b669f00_11, v000002045b669f00_12, v000002045b669f00_13, v000002045b669f00_14;
v000002045b669f00_15 .array/port v000002045b669f00, 15;
E_000002045b604590/4 .event anyedge, v000002045b669f00_15;
E_000002045b604590 .event/or E_000002045b604590/0, E_000002045b604590/1, E_000002045b604590/2, E_000002045b604590/3, E_000002045b604590/4;
E_000002045b604550/0 .event anyedge, v000002045b66a5e0_0, v000002045b66ad60_0, v000002045b66a4a0_0, v000002045b66ab80_0;
E_000002045b604550/1 .event anyedge, v000002045b66a040_0, v000002045b669aa0_0;
E_000002045b604550 .event/or E_000002045b604550/0, E_000002045b604550/1;
L_000002045b678e90 .cmp/ge 5, v000002045b66a720_0, L_000002045b67a7c0;
L_000002045b679750 .cmp/ge 5, L_000002045b67a808, v000002045b66a720_0;
    .scope S_000002045b6781a0;
T_0 ;
    %wait E_000002045b604550;
    %load/vec4 v000002045b66a5e0_0;
    %store/vec4 v000002045b66aea0_0, 0, 5;
    %load/vec4 v000002045b66ad60_0;
    %store/vec4 v000002045b66a2c0_0, 0, 5;
    %load/vec4 v000002045b66a4a0_0;
    %flag_set/vec4 9;
    %flag_get/vec4 9;
    %jmp/0 T_0.2, 9;
    %load/vec4 v000002045b66ab80_0;
    %nor/r;
    %and;
T_0.2;
    %flag_set/vec4 8;
    %jmp/0xz  T_0.0, 8;
    %load/vec4 v000002045b66a5e0_0;
    %addi 1, 0, 5;
    %store/vec4 v000002045b66aea0_0, 0, 5;
T_0.0 ;
    %load/vec4 v000002045b66a040_0;
    %flag_set/vec4 9;
    %flag_get/vec4 9;
    %jmp/0 T_0.5, 9;
    %load/vec4 v000002045b669aa0_0;
    %nor/r;
    %and;
T_0.5;
    %flag_set/vec4 8;
    %jmp/0xz  T_0.3, 8;
    %load/vec4 v000002045b66ad60_0;
    %addi 1, 0, 5;
    %store/vec4 v000002045b66a2c0_0, 0, 5;
T_0.3 ;
    %jmp T_0;
    .thread T_0, $push;
    .scope S_000002045b6781a0;
T_1 ;
    %wait E_000002045b602ed0;
    %load/vec4 v000002045b66a400_0;
    %nor/r;
    %flag_set/vec4 8;
    %jmp/0xz  T_1.0, 8;
    %pushi/vec4 0, 0, 5;
    %assign/vec4 v000002045b66a5e0_0, 0;
    %pushi/vec4 0, 0, 5;
    %assign/vec4 v000002045b66ad60_0, 0;
    %jmp T_1.1;
T_1.0 ;
    %load/vec4 v000002045b66aea0_0;
    %assign/vec4 v000002045b66a5e0_0, 0;
    %load/vec4 v000002045b66a2c0_0;
    %assign/vec4 v000002045b66ad60_0, 0;
T_1.1 ;
    %jmp T_1;
    .thread T_1;
    .scope S_000002045b6781a0;
T_2 ;
    %wait E_000002045b602d50;
    %load/vec4 v000002045b66a4a0_0;
    %flag_set/vec4 9;
    %flag_get/vec4 9;
    %jmp/0 T_2.2, 9;
    %load/vec4 v000002045b66ab80_0;
    %nor/r;
    %and;
T_2.2;
    %flag_set/vec4 8;
    %jmp/0xz  T_2.0, 8;
    %load/vec4 v000002045b669dc0_0;
    %load/vec4 v000002045b66a5e0_0;
    %parti/s 4, 0, 2;
    %pad/u 6;
    %ix/vec4 3;
    %ix/load 4, 0, 0; Constant delay
    %assign/vec4/a/d v000002045b669f00, 0, 4;
T_2.0 ;
    %jmp T_2;
    .thread T_2;
    .scope S_000002045b6781a0;
T_3 ;
    %wait E_000002045b604590;
    %load/vec4 v000002045b66ad60_0;
    %parti/s 4, 0, 2;
    %pad/u 6;
    %ix/vec4 4;
    %load/vec4a v000002045b669f00, 4;
    %store/vec4 v000002045b66aae0_0, 0, 8;
    %jmp T_3;
    .thread T_3, $push;
    .scope S_000002045b6781a0;
T_4 ;
    %wait E_000002045b603bd0;
    %load/vec4 v000002045b66a5e0_0;
    %parti/s 1, 4, 4;
    %load/vec4 v000002045b66ad60_0;
    %parti/s 1, 4, 4;
    %cmp/ne;
    %flag_get/vec4 4;
    %jmp/0 T_4.0, 4;
    %load/vec4 v000002045b66a5e0_0;
    %parti/s 4, 0, 2;
    %load/vec4 v000002045b66ad60_0;
    %parti/s 4, 0, 2;
    %cmp/e;
    %flag_get/vec4 4;
    %and;
T_4.0;
    %store/vec4 v000002045b66ab80_0, 0, 1;
    %load/vec4 v000002045b66a5e0_0;
    %load/vec4 v000002045b66ad60_0;
    %cmp/e;
    %flag_get/vec4 4;
    %store/vec4 v000002045b669aa0_0, 0, 1;
    %load/vec4 v000002045b66a5e0_0;
    %load/vec4 v000002045b66ad60_0;
    %sub;
    %store/vec4 v000002045b66a720_0, 0, 5;
    %jmp T_4;
    .thread T_4, $push;
    .scope S_000002045b582c20;
T_5 ;
    %wait E_000002045b602ed0;
    %load/vec4 v000002045b669fa0_0;
    %nor/r;
    %flag_set/vec4 8;
    %jmp/0xz  T_5.0, 8;
    %pushi/vec4 0, 0, 2;
    %assign/vec4 v000002045b669280_0, 0;
    %pushi/vec4 0, 0, 1;
    %assign/vec4 v000002045b669b40_0, 0;
    %pushi/vec4 0, 0, 1;
    %assign/vec4 v000002045b60cf50_0, 0;
    %pushi/vec4 1, 0, 1;
    %assign/vec4 v000002045b66acc0_0, 0;
    %pushi/vec4 0, 0, 8;
    %assign/vec4 v000002045b60c7d0_0, 0;
    %pushi/vec4 0, 0, 1;
    %assign/vec4 v000002045b60ceb0_0, 0;
    %pushi/vec4 0, 0, 8;
    %assign/vec4 v000002045b60c370_0, 0;
    %pushi/vec4 0, 0, 4;
    %assign/vec4 v000002045b60c2d0_0, 0;
    %pushi/vec4 0, 0, 8;
    %assign/vec4 v000002045b6695a0_0, 0;
    %pushi/vec4 0, 0, 8;
    %assign/vec4 v000002045b60c550_0, 0;
    %pushi/vec4 0, 0, 1;
    %assign/vec4 v000002045b66aa40_0, 0;
    %pushi/vec4 0, 0, 1;
    %assign/vec4 v000002045b66a680_0, 0;
    %jmp T_5.1;
T_5.0 ;
    %pushi/vec4 0, 0, 1;
    %assign/vec4 v000002045b60ceb0_0, 0;
    %load/vec4 v000002045b669280_0;
    %dup/vec4;
    %pushi/vec4 0, 0, 2;
    %cmp/u;
    %jmp/1 T_5.2, 6;
    %dup/vec4;
    %pushi/vec4 1, 0, 2;
    %cmp/u;
    %jmp/1 T_5.3, 6;
    %dup/vec4;
    %pushi/vec4 2, 0, 2;
    %cmp/u;
    %jmp/1 T_5.4, 6;
    %dup/vec4;
    %pushi/vec4 3, 0, 2;
    %cmp/u;
    %jmp/1 T_5.5, 6;
    %jmp T_5.6;
T_5.2 ;
    %load/vec4 v000002045b60c4b0_0;
    %assign/vec4 v000002045b669b40_0, 0;
    %pushi/vec4 1, 0, 1;
    %assign/vec4 v000002045b66acc0_0, 0;
    %load/vec4 v000002045b669320_0;
    %flag_set/vec4 8;
    %jmp/0xz  T_5.7, 8;
    %load/vec4 v000002045b60c5f0_0;
    %assign/vec4 v000002045b6695a0_0, 0;
    %pushi/vec4 1, 0, 2;
    %assign/vec4 v000002045b669280_0, 0;
    %pushi/vec4 0, 0, 1;
    %assign/vec4 v000002045b66acc0_0, 0;
    %pushi/vec4 0, 0, 8;
    %assign/vec4 v000002045b60c370_0, 0;
    %pushi/vec4 8, 0, 4;
    %assign/vec4 v000002045b60c2d0_0, 0;
T_5.7 ;
    %jmp T_5.6;
T_5.3 ;
    %load/vec4 v000002045b60c370_0;
    %load/vec4 v000002045b60c690_0;
    %cmp/e;
    %jmp/0xz  T_5.9, 4;
    %pushi/vec4 0, 0, 8;
    %assign/vec4 v000002045b60c370_0, 0;
    %load/vec4 v000002045b669b40_0;
    %inv;
    %assign/vec4 v000002045b669b40_0, 0;
    %pushi/vec4 2, 0, 2;
    %assign/vec4 v000002045b669280_0, 0;
    %jmp T_5.10;
T_5.9 ;
    %load/vec4 v000002045b60c370_0;
    %addi 1, 0, 8;
    %assign/vec4 v000002045b60c370_0, 0;
T_5.10 ;
    %jmp T_5.6;
T_5.4 ;
    %load/vec4 v000002045b60c370_0;
    %load/vec4 v000002045b60c690_0;
    %cmp/e;
    %jmp/0xz  T_5.11, 4;
    %pushi/vec4 0, 0, 8;
    %assign/vec4 v000002045b60c370_0, 0;
    %load/vec4 v000002045b669b40_0;
    %inv;
    %assign/vec4 v000002045b669b40_0, 0;
    %load/vec4 v000002045b60c2d0_0;
    %pad/u 32;
    %cmpi/e 1, 0, 32;
    %flag_get/vec4 4;
    %jmp/0 T_5.15, 4;
    %load/vec4 v000002045b669b40_0;
    %load/vec4 v000002045b60c4b0_0;
    %load/vec4 v000002045b60c410_0;
    %xor;
    %cmp/e;
    %flag_get/vec4 4;
    %and;
T_5.15;
    %flag_set/vec4 8;
    %jmp/0xz  T_5.13, 8;
    %pushi/vec4 3, 0, 2;
    %assign/vec4 v000002045b669280_0, 0;
    %jmp T_5.14;
T_5.13 ;
    %load/vec4 v000002045b669b40_0;
    %load/vec4 v000002045b60c4b0_0;
    %load/vec4 v000002045b60c410_0;
    %xor;
    %cmp/e;
    %jmp/0xz  T_5.16, 4;
    %load/vec4 v000002045b6695a0_0;
    %parti/s 1, 7, 4;
    %assign/vec4 v000002045b60cf50_0, 0;
    %load/vec4 v000002045b6695a0_0;
    %parti/s 7, 0, 2;
    %concati/vec4 0, 0, 1;
    %assign/vec4 v000002045b6695a0_0, 0;
    %load/vec4 v000002045b60c2d0_0;
    %subi 1, 0, 4;
    %assign/vec4 v000002045b60c2d0_0, 0;
    %jmp T_5.17;
T_5.16 ;
    %load/vec4 v000002045b60c550_0;
    %parti/s 7, 0, 2;
    %load/vec4 v000002045b60c230_0;
    %concat/vec4; draw_concat_vec4
    %assign/vec4 v000002045b60c550_0, 0;
T_5.17 ;
T_5.14 ;
    %jmp T_5.12;
T_5.11 ;
    %load/vec4 v000002045b60c370_0;
    %addi 1, 0, 8;
    %assign/vec4 v000002045b60c370_0, 0;
T_5.12 ;
    %jmp T_5.6;
T_5.5 ;
    %pushi/vec4 1, 0, 1;
    %assign/vec4 v000002045b66acc0_0, 0;
    %load/vec4 v000002045b60c4b0_0;
    %assign/vec4 v000002045b669b40_0, 0;
    %load/vec4 v000002045b60c550_0;
    %assign/vec4 v000002045b60c7d0_0, 0;
    %pushi/vec4 1, 0, 1;
    %assign/vec4 v000002045b60ceb0_0, 0;
    %pushi/vec4 0, 0, 2;
    %assign/vec4 v000002045b669280_0, 0;
    %jmp T_5.6;
T_5.6 ;
    %pop/vec4 1;
T_5.1 ;
    %jmp T_5;
    .thread T_5;
    .scope S_000002045b66b060;
T_6 ;
    %wait E_000002045b603490;
    %load/vec4 v000002045b66a180_0;
    %store/vec4 v000002045b6696e0_0, 0, 5;
    %load/vec4 v000002045b66ac20_0;
    %store/vec4 v000002045b669640_0, 0, 5;
    %load/vec4 v000002045b669500_0;
    %flag_set/vec4 9;
    %flag_get/vec4 9;
    %jmp/0 T_6.2, 9;
    %load/vec4 v000002045b66a220_0;
    %nor/r;
    %and;
T_6.2;
    %flag_set/vec4 8;
    %jmp/0xz  T_6.0, 8;
    %load/vec4 v000002045b66a180_0;
    %addi 1, 0, 5;
    %store/vec4 v000002045b6696e0_0, 0, 5;
T_6.0 ;
    %load/vec4 v000002045b66a0e0_0;
    %flag_set/vec4 9;
    %flag_get/vec4 9;
    %jmp/0 T_6.5, 9;
    %load/vec4 v000002045b669460_0;
    %nor/r;
    %and;
T_6.5;
    %flag_set/vec4 8;
    %jmp/0xz  T_6.3, 8;
    %load/vec4 v000002045b66ac20_0;
    %addi 1, 0, 5;
    %store/vec4 v000002045b669640_0, 0, 5;
T_6.3 ;
    %jmp T_6;
    .thread T_6, $push;
    .scope S_000002045b66b060;
T_7 ;
    %wait E_000002045b602ed0;
    %load/vec4 v000002045b669c80_0;
    %nor/r;
    %flag_set/vec4 8;
    %jmp/0xz  T_7.0, 8;
    %pushi/vec4 0, 0, 5;
    %assign/vec4 v000002045b66a180_0, 0;
    %pushi/vec4 0, 0, 5;
    %assign/vec4 v000002045b66ac20_0, 0;
    %jmp T_7.1;
T_7.0 ;
    %load/vec4 v000002045b6696e0_0;
    %assign/vec4 v000002045b66a180_0, 0;
    %load/vec4 v000002045b669640_0;
    %assign/vec4 v000002045b66ac20_0, 0;
T_7.1 ;
    %jmp T_7;
    .thread T_7;
    .scope S_000002045b66b060;
T_8 ;
    %wait E_000002045b602d50;
    %load/vec4 v000002045b669500_0;
    %flag_set/vec4 9;
    %flag_get/vec4 9;
    %jmp/0 T_8.2, 9;
    %load/vec4 v000002045b66a220_0;
    %nor/r;
    %and;
T_8.2;
    %flag_set/vec4 8;
    %jmp/0xz  T_8.0, 8;
    %load/vec4 v000002045b66a900_0;
    %load/vec4 v000002045b66a180_0;
    %parti/s 4, 0, 2;
    %pad/u 6;
    %ix/vec4 3;
    %ix/load 4, 0, 0; Constant delay
    %assign/vec4/a/d v000002045b669be0, 0, 4;
T_8.0 ;
    %jmp T_8;
    .thread T_8;
    .scope S_000002045b66b060;
T_9 ;
    %wait E_000002045b602fd0;
    %load/vec4 v000002045b66ac20_0;
    %parti/s 4, 0, 2;
    %pad/u 6;
    %ix/vec4 4;
    %load/vec4a v000002045b669be0, 4;
    %store/vec4 v000002045b66af40_0, 0, 8;
    %jmp T_9;
    .thread T_9, $push;
    .scope S_000002045b66b060;
T_10 ;
    %wait E_000002045b603b10;
    %load/vec4 v000002045b66a180_0;
    %parti/s 1, 4, 4;
    %load/vec4 v000002045b66ac20_0;
    %parti/s 1, 4, 4;
    %cmp/ne;
    %flag_get/vec4 4;
    %jmp/0 T_10.0, 4;
    %load/vec4 v000002045b66a180_0;
    %parti/s 4, 0, 2;
    %load/vec4 v000002045b66ac20_0;
    %parti/s 4, 0, 2;
    %cmp/e;
    %flag_get/vec4 4;
    %and;
T_10.0;
    %store/vec4 v000002045b66a220_0, 0, 1;
    %load/vec4 v000002045b66a180_0;
    %load/vec4 v000002045b66ac20_0;
    %cmp/e;
    %flag_get/vec4 4;
    %store/vec4 v000002045b669460_0, 0, 1;
    %load/vec4 v000002045b66a180_0;
    %load/vec4 v000002045b66ac20_0;
    %sub;
    %store/vec4 v000002045b669d20_0, 0, 5;
    %jmp T_10;
    .thread T_10, $push;
    .scope S_000002045b5d1af0;
T_11 ;
    %wait E_000002045b603450;
    %pushi/vec4 0, 0, 1;
    %store/vec4 v000002045b66cfa0_0, 0, 1;
    %load/vec4 v000002045b66bba0_0;
    %parti/s 8, 0, 2;
    %store/vec4 v000002045b66cf00_0, 0, 8;
    %pushi/vec4 0, 0, 1;
    %store/vec4 v000002045b66b7e0_0, 0, 1;
    %pushi/vec4 0, 0, 1;
    %store/vec4 v000002045b66b420_0, 0, 1;
    %load/vec4 v000002045b66c820_0;
    %flag_set/vec4 9;
    %flag_get/vec4 9;
    %jmp/0 T_11.2, 9;
    %load/vec4 v000002045b66c5a0_0;
    %pushi/vec4 0, 0, 4;
    %cmp/e;
    %flag_get/vec4 4;
    %and;
T_11.2;
    %flag_set/vec4 8;
    %jmp/0xz  T_11.0, 8;
    %load/vec4 v000002045b66be20_0;
    %nor/r;
    %store/vec4 v000002045b66cfa0_0, 0, 1;
T_11.0 ;
    %load/vec4 v000002045b66bb00_0;
    %flag_set/vec4 9;
    %flag_get/vec4 9;
    %jmp/0 T_11.5, 9;
    %load/vec4 v000002045b66c5a0_0;
    %pushi/vec4 4, 0, 4;
    %cmp/e;
    %flag_get/vec4 4;
    %and;
T_11.5;
    %flag_set/vec4 8;
    %jmp/0xz  T_11.3, 8;
    %load/vec4 v000002045b66b4c0_0;
    %nor/r;
    %store/vec4 v000002045b66b7e0_0, 0, 1;
T_11.3 ;
    %load/vec4 v000002045b66ba60_0;
    %flag_set/vec4 8;
    %jmp/0xz  T_11.6, 8;
    %load/vec4 v000002045b66c5a0_0;
    %dup/vec4;
    %pushi/vec4 0, 0, 4;
    %cmp/u;
    %jmp/1 T_11.8, 6;
    %dup/vec4;
    %pushi/vec4 4, 0, 4;
    %cmp/u;
    %jmp/1 T_11.9, 6;
    %dup/vec4;
    %pushi/vec4 8, 0, 4;
    %cmp/u;
    %jmp/1 T_11.10, 6;
    %dup/vec4;
    %pushi/vec4 12, 0, 4;
    %cmp/u;
    %jmp/1 T_11.11, 6;
    %pushi/vec4 1, 0, 1;
    %store/vec4 v000002045b66b420_0, 0, 1;
    %jmp T_11.13;
T_11.8 ;
    %pushi/vec4 0, 0, 1;
    %store/vec4 v000002045b66b420_0, 0, 1;
    %jmp T_11.13;
T_11.9 ;
    %pushi/vec4 0, 0, 1;
    %store/vec4 v000002045b66b420_0, 0, 1;
    %jmp T_11.13;
T_11.10 ;
    %pushi/vec4 0, 0, 1;
    %store/vec4 v000002045b66b420_0, 0, 1;
    %jmp T_11.13;
T_11.11 ;
    %pushi/vec4 0, 0, 1;
    %store/vec4 v000002045b66b420_0, 0, 1;
    %jmp T_11.13;
T_11.13 ;
    %pop/vec4 1;
T_11.6 ;
    %jmp T_11;
    .thread T_11, $push;
    .scope S_000002045b5d1af0;
T_12 ;
    %wait E_000002045b603190;
    %pushi/vec4 0, 0, 32;
    %store/vec4 v000002045b66b920_0, 0, 32;
    %load/vec4 v000002045b66c5a0_0;
    %dup/vec4;
    %pushi/vec4 4, 0, 4;
    %cmp/u;
    %jmp/1 T_12.0, 6;
    %dup/vec4;
    %pushi/vec4 8, 0, 4;
    %cmp/u;
    %jmp/1 T_12.1, 6;
    %dup/vec4;
    %pushi/vec4 12, 0, 4;
    %cmp/u;
    %jmp/1 T_12.2, 6;
    %pushi/vec4 0, 0, 32;
    %store/vec4 v000002045b66b920_0, 0, 32;
    %jmp T_12.4;
T_12.0 ;
    %pushi/vec4 0, 0, 24;
    %load/vec4 v000002045b66b4c0_0;
    %flag_set/vec4 8;
    %jmp/0 T_12.5, 8;
    %pushi/vec4 0, 0, 8;
    %jmp/1 T_12.6, 8;
T_12.5 ; End of true expr.
    %load/vec4 v000002045b66b240_0;
    %jmp/0 T_12.6, 8;
 ; End of false expr.
    %blend;
T_12.6;
    %concat/vec4; draw_concat_vec4
    %store/vec4 v000002045b66b920_0, 0, 32;
    %jmp T_12.4;
T_12.1 ;
    %pushi/vec4 0, 0, 22;
    %load/vec4 v000002045b66cd20_0;
    %concat/vec4; draw_concat_vec4
    %load/vec4 v000002045b66bc40_0;
    %concat/vec4; draw_concat_vec4
    %store/vec4 v000002045b66b920_0, 0, 32;
    %jmp T_12.4;
T_12.2 ;
    %load/vec4 v000002045b66bf60_0;
    %ix/load 4, 0, 0;
    %flag_set/imm 4, 0;
    %store/vec4 v000002045b66b920_0, 4, 1;
    %load/vec4 v000002045b66be20_0;
    %ix/load 4, 1, 0;
    %flag_set/imm 4, 0;
    %store/vec4 v000002045b66b920_0, 4, 1;
    %load/vec4 v000002045b66b4c0_0;
    %ix/load 4, 2, 0;
    %flag_set/imm 4, 0;
    %store/vec4 v000002045b66b920_0, 4, 1;
    %load/vec4 v000002045b66bec0_0;
    %ix/load 4, 3, 0;
    %flag_set/imm 4, 0;
    %store/vec4 v000002045b66b920_0, 4, 1;
    %load/vec4 v000002045b66c3c0_0;
    %ix/load 4, 4, 0;
    %flag_set/imm 4, 0;
    %store/vec4 v000002045b66b920_0, 4, 1;
    %jmp T_12.4;
T_12.4 ;
    %pop/vec4 1;
    %jmp T_12;
    .thread T_12, $push;
    .scope S_000002045b5d1af0;
T_13 ;
    %wait E_000002045b602ed0;
    %load/vec4 v000002045b66c320_0;
    %nor/r;
    %flag_set/vec4 8;
    %jmp/0xz  T_13.0, 8;
    %pushi/vec4 2, 0, 8;
    %assign/vec4 v000002045b66cd20_0, 0;
    %pushi/vec4 0, 0, 2;
    %assign/vec4 v000002045b66bc40_0, 0;
    %jmp T_13.1;
T_13.0 ;
    %load/vec4 v000002045b66c820_0;
    %flag_set/vec4 9;
    %flag_get/vec4 9;
    %jmp/0 T_13.4, 9;
    %load/vec4 v000002045b66c5a0_0;
    %pushi/vec4 8, 0, 4;
    %cmp/e;
    %flag_get/vec4 4;
    %and;
T_13.4;
    %flag_set/vec4 8;
    %jmp/0xz  T_13.2, 8;
    %load/vec4 v000002045b66bba0_0;
    %parti/s 2, 0, 2;
    %assign/vec4 v000002045b66bc40_0, 0;
    %load/vec4 v000002045b66bba0_0;
    %parti/s 8, 2, 3;
    %assign/vec4 v000002045b66cd20_0, 0;
T_13.2 ;
T_13.1 ;
    %jmp T_13;
    .thread T_13;
    .scope S_000002045b5d1af0;
T_14 ;
    %wait E_000002045b602ed0;
    %load/vec4 v000002045b66c320_0;
    %nor/r;
    %flag_set/vec4 8;
    %jmp/0xz  T_14.0, 8;
    %pushi/vec4 0, 0, 1;
    %assign/vec4 v000002045b66b6a0_0, 0;
    %pushi/vec4 0, 0, 1;
    %assign/vec4 v000002045b66c000_0, 0;
    %pushi/vec4 0, 0, 1;
    %assign/vec4 v000002045b66cb40_0, 0;
    %jmp T_14.1;
T_14.0 ;
    %pushi/vec4 0, 0, 1;
    %assign/vec4 v000002045b66c000_0, 0;
    %pushi/vec4 0, 0, 1;
    %assign/vec4 v000002045b66cb40_0, 0;
    %load/vec4 v000002045b66b6a0_0;
    %dup/vec4;
    %pushi/vec4 0, 0, 1;
    %cmp/u;
    %jmp/1 T_14.2, 6;
    %dup/vec4;
    %pushi/vec4 1, 0, 1;
    %cmp/u;
    %jmp/1 T_14.3, 6;
    %pushi/vec4 0, 0, 1;
    %assign/vec4 v000002045b66b6a0_0, 0;
    %jmp T_14.5;
T_14.2 ;
    %load/vec4 v000002045b66bf60_0;
    %nor/r;
    %flag_set/vec4 9;
    %flag_get/vec4 9;
    %jmp/0 T_14.8, 9;
    %load/vec4 v000002045b66c3c0_0;
    %nor/r;
    %and;
T_14.8;
    %flag_set/vec4 8;
    %jmp/0xz  T_14.6, 8;
    %pushi/vec4 1, 0, 1;
    %assign/vec4 v000002045b66c000_0, 0;
    %pushi/vec4 1, 0, 1;
    %assign/vec4 v000002045b66cb40_0, 0;
    %pushi/vec4 1, 0, 1;
    %assign/vec4 v000002045b66b6a0_0, 0;
T_14.6 ;
    %jmp T_14.5;
T_14.3 ;
    %load/vec4 v000002045b66bce0_0;
    %flag_set/vec4 8;
    %jmp/0xz  T_14.9, 8;
    %pushi/vec4 0, 0, 1;
    %assign/vec4 v000002045b66b6a0_0, 0;
T_14.9 ;
    %jmp T_14.5;
T_14.5 ;
    %pop/vec4 1;
T_14.1 ;
    %jmp T_14;
    .thread T_14;
# The file index is used to find the file name in the following table.
:file_names 7;
    "N/A";
    "<interactive>";
    "-";
    "peripheral_subsystem_soc_top.sv";
    "peripheral_subsystem_apb.sv";
    "spi_master.sv";
    "sync_fifo.sv";
