#! /c/Source/iverilog-install/bin/vvp
:ivl_version "12.0 (devel)" "(s20150603-1539-g2693dd32b)";
:ivl_delay_selection "TYPICAL";
:vpi_time_precision - 12;
:vpi_module "C:\Users\iverilog\lib\ivl\system.vpi";
:vpi_module "C:\Users\iverilog\lib\ivl\vhdl_sys.vpi";
:vpi_module "C:\Users\iverilog\lib\ivl\vhdl_textio.vpi";
:vpi_module "C:\Users\iverilog\lib\ivl\v2005_math.vpi";
:vpi_module "C:\Users\iverilog\lib\ivl\va_math.vpi";
:vpi_module "C:\Users\iverilog\lib\ivl\v2009.vpi";
S_0000018f709bb290 .scope package, "$unit" "$unit" 2 1;
 .timescale 0 0;
S_0000018f709a3e60 .scope module, "spi_master_tb" "spi_master_tb" 3 3;
 .timescale -9 -12;
P_0000018f70963540 .param/l "CLK_DIV_WIDTH" 0 3 6, +C4<00000000000000000000000000001000>;
P_0000018f70963578 .param/l "DATA_WIDTH" 0 3 5, +C4<00000000000000000000000000001000>;
v0000018f70a14310_0 .net "busy", 0 0, L_0000018f70a164f0;  1 drivers
v0000018f70a14b30_0 .var "clk", 0 0;
v0000018f70a14db0_0 .var "clk_div", 7 0;
v0000018f70a14130_0 .var "cpol_cpha", 1 0;
v0000018f70a14450_0 .var "din", 7 0;
v0000018f70a144f0_0 .net "done", 0 0, v0000018f70a14e50_0;  1 drivers
v0000018f70a14590_0 .net "dout", 7 0, v0000018f70a14270_0;  1 drivers
v0000018f70a146d0_0 .var "miso", 0 0;
v0000018f70a14bd0_0 .var/2s "miso_bit_idx", 31 0;
v0000018f70a15410_0 .var "miso_pattern", 7 0;
v0000018f70a15eb0_0 .net "mosi", 0 0, v0000018f70a13f50_0;  1 drivers
v0000018f70a16b30_0 .var "rst_n", 0 0;
v0000018f70a15910_0 .net "sclk", 0 0, v0000018f70a13ff0_0;  1 drivers
v0000018f70a15690_0 .net "ss_n", 0 0, v0000018f70a14630_0;  1 drivers
v0000018f70a16310_0 .var "start", 0 0;
E_0000018f709bc070 .event posedge, v0000018f70a14e50_0;
E_0000018f709bc3b0 .event posedge, v0000018f709a4180_0;
E_0000018f709bbcb0 .event posedge, v0000018f70a14630_0, v0000018f70a13ff0_0;
S_0000018f709a3ff0 .scope module, "dut" "spi_master" 3 26, 4 1 0, S_0000018f709a3e60;
 .timescale 0 0;
    .port_info 0 /INPUT 1 "clk";
    .port_info 1 /INPUT 1 "rst_n";
    .port_info 2 /INPUT 1 "start";
    .port_info 3 /INPUT 8 "clk_div";
    .port_info 4 /INPUT 2 "cpol_cpha";
    .port_info 5 /INPUT 8 "din";
    .port_info 6 /OUTPUT 8 "dout";
    .port_info 7 /OUTPUT 1 "busy";
    .port_info 8 /OUTPUT 1 "done";
    .port_info 9 /OUTPUT 1 "sclk";
    .port_info 10 /OUTPUT 1 "mosi";
    .port_info 11 /INPUT 1 "miso";
    .port_info 12 /OUTPUT 1 "ss_n";
P_0000018f70963360 .param/l "CLK_DIV_WIDTH" 0 4 3, +C4<00000000000000000000000000001000>;
P_0000018f70963398 .param/l "DATA_WIDTH" 0 4 2, +C4<00000000000000000000000000001000>;
enum0000018f709b10c0 .enum4 (2)
   "IDLE" 2'b00,
   "SETUP" 2'b01,
   "SHIFT" 2'b10,
   "DONE" 2'b11
 ;
L_0000018f70a90088 .functor BUFT 1, C4<00>, C4<0>, C4<0>, C4<0>;
v0000018f709bb080_0 .net/2u *"_ivl_4", 1 0, L_0000018f70a90088;  1 drivers
v0000018f709630e0_0 .var "bit_cnt", 3 0;
v0000018f70a8bcc0_0 .net "busy", 0 0, L_0000018f70a164f0;  alias, 1 drivers
v0000018f709a4180_0 .net "clk", 0 0, v0000018f70a14b30_0;  1 drivers
v0000018f709a4220_0 .var "clk_cnt", 7 0;
v0000018f709be9b0_0 .net "clk_div", 7 0, v0000018f70a14db0_0;  1 drivers
v0000018f709bea50_0 .net "cpha", 0 0, L_0000018f70a16f90;  1 drivers
v0000018f70a14090_0 .net "cpol", 0 0, L_0000018f70a159b0;  1 drivers
v0000018f70a14d10_0 .net "cpol_cpha", 1 0, v0000018f70a14130_0;  1 drivers
v0000018f70a14950_0 .net "din", 7 0, v0000018f70a14450_0;  1 drivers
v0000018f70a14e50_0 .var "done", 0 0;
v0000018f70a14270_0 .var "dout", 7 0;
v0000018f70a141d0_0 .net "miso", 0 0, v0000018f70a146d0_0;  1 drivers
v0000018f70a149f0_0 .var "miso_shift", 7 0;
v0000018f70a13f50_0 .var "mosi", 0 0;
v0000018f70a14770_0 .var "mosi_shift", 7 0;
v0000018f70a14810_0 .net "rst_n", 0 0, v0000018f70a16b30_0;  1 drivers
v0000018f70a148b0_0 .var "sample_edge", 0 0;
v0000018f70a13ff0_0 .var "sclk", 0 0;
v0000018f70a14c70_0 .var "shift_edge", 0 0;
v0000018f70a14630_0 .var "ss_n", 0 0;
v0000018f70a14a90_0 .net "start", 0 0, v0000018f70a16310_0;  1 drivers
v0000018f70a143b0_0 .var "state", 1 0;
E_0000018f709bbff0/0 .event negedge, v0000018f70a14810_0;
E_0000018f709bbff0/1 .event posedge, v0000018f709a4180_0;
E_0000018f709bbff0 .event/or E_0000018f709bbff0/0, E_0000018f709bbff0/1;
L_0000018f70a159b0 .part v0000018f70a14130_0, 1, 1;
L_0000018f70a16f90 .part v0000018f70a14130_0, 0, 1;
L_0000018f70a164f0 .cmp/ne 2, v0000018f70a143b0_0, L_0000018f70a90088;
    .scope S_0000018f709a3ff0;
T_0 ;
    %wait E_0000018f709bbff0;
    %load/vec4 v0000018f70a14810_0;
    %nor/r;
    %flag_set/vec4 8;
    %jmp/0xz  T_0.0, 8;
    %pushi/vec4 0, 0, 2;
    %assign/vec4 v0000018f70a143b0_0, 0;
    %pushi/vec4 0, 0, 1;
    %assign/vec4 v0000018f70a13ff0_0, 0;
    %pushi/vec4 0, 0, 1;
    %assign/vec4 v0000018f70a13f50_0, 0;
    %pushi/vec4 1, 0, 1;
    %assign/vec4 v0000018f70a14630_0, 0;
    %pushi/vec4 0, 0, 8;
    %assign/vec4 v0000018f70a14270_0, 0;
    %pushi/vec4 0, 0, 1;
    %assign/vec4 v0000018f70a14e50_0, 0;
    %pushi/vec4 0, 0, 8;
    %assign/vec4 v0000018f709a4220_0, 0;
    %pushi/vec4 0, 0, 4;
    %assign/vec4 v0000018f709630e0_0, 0;
    %pushi/vec4 0, 0, 8;
    %assign/vec4 v0000018f70a14770_0, 0;
    %pushi/vec4 0, 0, 8;
    %assign/vec4 v0000018f70a149f0_0, 0;
    %pushi/vec4 0, 0, 1;
    %assign/vec4 v0000018f70a148b0_0, 0;
    %pushi/vec4 0, 0, 1;
    %assign/vec4 v0000018f70a14c70_0, 0;
    %jmp T_0.1;
T_0.0 ;
    %pushi/vec4 0, 0, 1;
    %assign/vec4 v0000018f70a14e50_0, 0;
    %load/vec4 v0000018f70a143b0_0;
    %dup/vec4;
    %pushi/vec4 0, 0, 2;
    %cmp/u;
    %jmp/1 T_0.2, 6;
    %dup/vec4;
    %pushi/vec4 1, 0, 2;
    %cmp/u;
    %jmp/1 T_0.3, 6;
    %dup/vec4;
    %pushi/vec4 2, 0, 2;
    %cmp/u;
    %jmp/1 T_0.4, 6;
    %dup/vec4;
    %pushi/vec4 3, 0, 2;
    %cmp/u;
    %jmp/1 T_0.5, 6;
    %jmp T_0.6;
T_0.2 ;
    %load/vec4 v0000018f70a14090_0;
    %assign/vec4 v0000018f70a13ff0_0, 0;
    %pushi/vec4 1, 0, 1;
    %assign/vec4 v0000018f70a14630_0, 0;
    %load/vec4 v0000018f70a14a90_0;
    %flag_set/vec4 8;
    %jmp/0xz  T_0.7, 8;
    %load/vec4 v0000018f70a14950_0;
    %assign/vec4 v0000018f70a14770_0, 0;
    %pushi/vec4 1, 0, 2;
    %assign/vec4 v0000018f70a143b0_0, 0;
    %pushi/vec4 0, 0, 1;
    %assign/vec4 v0000018f70a14630_0, 0;
    %pushi/vec4 0, 0, 8;
    %assign/vec4 v0000018f709a4220_0, 0;
    %pushi/vec4 8, 0, 4;
    %assign/vec4 v0000018f709630e0_0, 0;
T_0.7 ;
    %jmp T_0.6;
T_0.3 ;
    %load/vec4 v0000018f709a4220_0;
    %load/vec4 v0000018f709be9b0_0;
    %cmp/e;
    %jmp/0xz  T_0.9, 4;
    %pushi/vec4 0, 0, 8;
    %assign/vec4 v0000018f709a4220_0, 0;
    %load/vec4 v0000018f70a13ff0_0;
    %inv;
    %assign/vec4 v0000018f70a13ff0_0, 0;
    %pushi/vec4 2, 0, 2;
    %assign/vec4 v0000018f70a143b0_0, 0;
    %jmp T_0.10;
T_0.9 ;
    %load/vec4 v0000018f709a4220_0;
    %addi 1, 0, 8;
    %assign/vec4 v0000018f709a4220_0, 0;
T_0.10 ;
    %jmp T_0.6;
T_0.4 ;
    %load/vec4 v0000018f709a4220_0;
    %load/vec4 v0000018f709be9b0_0;
    %cmp/e;
    %jmp/0xz  T_0.11, 4;
    %pushi/vec4 0, 0, 8;
    %assign/vec4 v0000018f709a4220_0, 0;
    %load/vec4 v0000018f70a13ff0_0;
    %inv;
    %assign/vec4 v0000018f70a13ff0_0, 0;
    %load/vec4 v0000018f709630e0_0;
    %pad/u 32;
    %cmpi/e 1, 0, 32;
    %flag_get/vec4 4;
    %jmp/0 T_0.15, 4;
    %load/vec4 v0000018f70a13ff0_0;
    %load/vec4 v0000018f70a14090_0;
    %load/vec4 v0000018f709bea50_0;
    %xor;
    %cmp/e;
    %flag_get/vec4 4;
    %and;
T_0.15;
    %flag_set/vec4 8;
    %jmp/0xz  T_0.13, 8;
    %pushi/vec4 3, 0, 2;
    %assign/vec4 v0000018f70a143b0_0, 0;
    %jmp T_0.14;
T_0.13 ;
    %load/vec4 v0000018f70a13ff0_0;
    %load/vec4 v0000018f70a14090_0;
    %load/vec4 v0000018f709bea50_0;
    %xor;
    %cmp/e;
    %jmp/0xz  T_0.16, 4;
    %load/vec4 v0000018f70a14770_0;
    %parti/s 1, 7, 4;
    %assign/vec4 v0000018f70a13f50_0, 0;
    %load/vec4 v0000018f70a14770_0;
    %parti/s 7, 0, 2;
    %concati/vec4 0, 0, 1;
    %assign/vec4 v0000018f70a14770_0, 0;
    %load/vec4 v0000018f709630e0_0;
    %subi 1, 0, 4;
    %assign/vec4 v0000018f709630e0_0, 0;
    %jmp T_0.17;
T_0.16 ;
    %load/vec4 v0000018f70a149f0_0;
    %parti/s 7, 0, 2;
    %load/vec4 v0000018f70a141d0_0;
    %concat/vec4; draw_concat_vec4
    %assign/vec4 v0000018f70a149f0_0, 0;
T_0.17 ;
T_0.14 ;
    %jmp T_0.12;
T_0.11 ;
    %load/vec4 v0000018f709a4220_0;
    %addi 1, 0, 8;
    %assign/vec4 v0000018f709a4220_0, 0;
T_0.12 ;
    %jmp T_0.6;
T_0.5 ;
    %pushi/vec4 1, 0, 1;
    %assign/vec4 v0000018f70a14630_0, 0;
    %load/vec4 v0000018f70a14090_0;
    %assign/vec4 v0000018f70a13ff0_0, 0;
    %load/vec4 v0000018f70a149f0_0;
    %assign/vec4 v0000018f70a14270_0, 0;
    %pushi/vec4 1, 0, 1;
    %assign/vec4 v0000018f70a14e50_0, 0;
    %pushi/vec4 0, 0, 2;
    %assign/vec4 v0000018f70a143b0_0, 0;
    %jmp T_0.6;
T_0.6 ;
    %pop/vec4 1;
T_0.1 ;
    %jmp T_0;
    .thread T_0;
    .scope S_0000018f709a3e60;
T_1 ;
    %pushi/vec4 90, 0, 8;
    %store/vec4 v0000018f70a15410_0, 0, 8;
    %pushi/vec4 7, 0, 32;
    %store/vec4 v0000018f70a14bd0_0, 0, 32;
    %end;
    .thread T_1, $init;
    .scope S_0000018f709a3e60;
T_2 ;
    %pushi/vec4 0, 0, 1;
    %store/vec4 v0000018f70a14b30_0, 0, 1;
T_2.0 ;
    %delay 5000, 0;
    %load/vec4 v0000018f70a14b30_0;
    %inv;
    %store/vec4 v0000018f70a14b30_0, 0, 1;
    %jmp T_2.0;
    %end;
    .thread T_2;
    .scope S_0000018f709a3e60;
T_3 ;
    %wait E_0000018f709bbcb0;
    %load/vec4 v0000018f70a15690_0;
    %flag_set/vec4 8;
    %jmp/0xz  T_3.0, 8;
    %pushi/vec4 7, 0, 32;
    %store/vec4 v0000018f70a14bd0_0, 0, 32;
    %load/vec4 v0000018f70a15410_0;
    %parti/s 1, 7, 4;
    %assign/vec4 v0000018f70a146d0_0, 0;
    %jmp T_3.1;
T_3.0 ;
    %load/vec4 v0000018f70a15410_0;
    %load/vec4 v0000018f70a14bd0_0;
    %part/s 1;
    %assign/vec4 v0000018f70a146d0_0, 0;
    %load/vec4 v0000018f70a14bd0_0;
    %cmpi/s 0, 0, 32;
    %flag_or 5, 4; GT is !LE
    %flag_inv 5;
    %jmp/0xz  T_3.2, 5;
    ; show_stmt_assign_vector: Get l-value for compressed -= operand
    %load/vec4 v0000018f70a14bd0_0;
    %pushi/vec4 1, 0, 32;
    %sub;
    %cast2;
    %store/vec4 v0000018f70a14bd0_0, 0, 32;
T_3.2 ;
T_3.1 ;
    %jmp T_3;
    .thread T_3;
    .scope S_0000018f709a3e60;
T_4 ;
    %pushi/vec4 0, 0, 1;
    %store/vec4 v0000018f70a16b30_0, 0, 1;
    %pushi/vec4 0, 0, 1;
    %store/vec4 v0000018f70a16310_0, 0, 1;
    %pushi/vec4 2, 0, 8;
    %store/vec4 v0000018f70a14db0_0, 0, 8;
    %pushi/vec4 0, 0, 2;
    %store/vec4 v0000018f70a14130_0, 0, 2;
    %pushi/vec4 165, 0, 8;
    %store/vec4 v0000018f70a14450_0, 0, 8;
    %delay 20000, 0;
    %pushi/vec4 1, 0, 1;
    %store/vec4 v0000018f70a16b30_0, 0, 1;
    %delay 20000, 0;
    %vpi_call/w 3 81 "$display", "[%0t] Starting SPI Mode 0 Transaction...", $time {0 0 0};
    %wait E_0000018f709bc3b0;
    %pushi/vec4 165, 0, 8;
    %store/vec4 v0000018f70a14450_0, 0, 8;
    %pushi/vec4 0, 0, 2;
    %store/vec4 v0000018f70a14130_0, 0, 2;
    %pushi/vec4 1, 0, 1;
    %store/vec4 v0000018f70a16310_0, 0, 1;
    %wait E_0000018f709bc3b0;
    %pushi/vec4 0, 0, 1;
    %store/vec4 v0000018f70a16310_0, 0, 1;
    %wait E_0000018f709bc070;
    %vpi_call/w 3 91 "$display", "[%0t] Transaction finished! Received Data: 0%h", $time, v0000018f70a14590_0 {0 0 0};
    %delay 50000, 0;
    %vpi_call/w 3 95 "$display", "[%0t] Starting SPI Mode 3 Transaction...", $time {0 0 0};
    %wait E_0000018f709bc3b0;
    %pushi/vec4 60, 0, 8;
    %store/vec4 v0000018f70a14450_0, 0, 8;
    %pushi/vec4 4, 0, 8;
    %store/vec4 v0000018f70a14db0_0, 0, 8;
    %pushi/vec4 3, 0, 2;
    %store/vec4 v0000018f70a14130_0, 0, 2;
    %pushi/vec4 1, 0, 1;
    %store/vec4 v0000018f70a16310_0, 0, 1;
    %wait E_0000018f709bc3b0;
    %pushi/vec4 0, 0, 1;
    %store/vec4 v0000018f70a16310_0, 0, 1;
    %wait E_0000018f709bc070;
    %vpi_call/w 3 105 "$display", "[%0t] Transaction finished! Received Data: 0%h", $time, v0000018f70a14590_0 {0 0 0};
    %delay 50000, 0;
    %vpi_call/w 3 108 "$display", "All SPI Master tests completed successfully." {0 0 0};
    %vpi_call/w 3 109 "$finish" {0 0 0};
    %end;
    .thread T_4;
# The file index is used to find the file name in the following table.
:file_names 5;
    "N/A";
    "<interactive>";
    "-";
    "spi_master_tb.sv";
    "spi_master.sv";
