#! /c/Source/iverilog-install/bin/vvp
:ivl_version "12.0 (devel)" "(s20150603-1539-g2693dd32b)";
:ivl_delay_selection "TYPICAL";
:vpi_time_precision - 12;
:vpi_module "C:\Users\iverilog\lib\ivl\system.vpi";
:vpi_module "C:\Users\iverilog\lib\ivl\vhdl_sys.vpi";
:vpi_module "C:\Users\iverilog\lib\ivl\vhdl_textio.vpi";
:vpi_module "C:\Users\iverilog\lib\ivl\v2005_math.vpi";
:vpi_module "C:\Users\iverilog\lib\ivl\va_math.vpi";
:vpi_module "C:\Users\iverilog\lib\ivl\v2009.vpi";
S_00000273d49e1b00 .scope package, "$unit" "$unit" 2 1;
 .timescale 0 0;
S_00000273d49e1c90 .scope module, "peripheral_subsystem_tb" "peripheral_subsystem_tb" 3 3;
 .timescale -9 -12;
P_00000273d498eb10 .param/l "BAUD_RATE" 1 3 9, +C4<00000000000000011100001000000000>;
P_00000273d498eb48 .param/l "BIT_CLKS" 1 3 10, +C4<00000000000000000000000110110010>;
P_00000273d498eb80 .param/l "CLK_DIV_W" 0 3 7, +C4<00000000000000000000000000001000>;
P_00000273d498ebb8 .param/l "CLK_FREQ" 1 3 8, +C4<00000010111110101111000010000000>;
P_00000273d498ebf0 .param/l "DATA_WIDTH" 0 3 5, +C4<00000000000000000000000000001000>;
P_00000273d498ec28 .param/l "FIFO_DEPTH" 0 3 6, +C4<00000000000000000000000000010000>;
P_00000273d498ec60 .param/l "HALF_BIT" 1 3 11, +C4<00000000000000000000000011011001>;
v00000273d4a6b690_0 .var/2s "bit_index", 31 0;
v00000273d4a6b190_0 .var "clk", 0 0;
v00000273d4a6ab50_0 .var "miso", 0 0;
v00000273d4a6b230_0 .net "mosi", 0 0, v00000273d49ff100_0;  1 drivers
v00000273d4a6b2d0_0 .var "rst_n", 0 0;
v00000273d4a6b370_0 .net "sclk", 0 0, v00000273d49ff380_0;  1 drivers
v00000273d4a6b4b0_0 .var "slave_resp_data", 7 0;
v00000273d4a6b730_0 .var "spi_clk_div", 7 0;
v00000273d4a6b550_0 .var "spi_cpol_cpha", 1 0;
v00000273d4a6b5f0_0 .net "ss_n", 0 0, v00000273d49ff1a0_0;  1 drivers
v00000273d4a6d1a0_0 .var "uart_rx", 0 0;
v00000273d4a6d7e0_0 .net "uart_tx", 0 0, v00000273d4a1ccf0_0;  1 drivers
E_00000273d49f1690 .event negedge, v00000273d49ff380_0;
E_00000273d49f0a90 .event negedge, v00000273d49ff1a0_0;
S_00000273d498eca0 .scope autotask, "check" "check" 3 75, 3 75 0, S_00000273d49e1c90;
 .timescale -9 -12;
v00000273d49ff420_0 .var/2u "condition", 0 0;
v00000273d49fed40_0 .var/str "message";
TD_peripheral_subsystem_tb.check ;
    %load/vec4 v00000273d49ff420_0;
    %nor/r;
    %flag_set/vec4 8;
    %jmp/0xz  T_0.0, 8;
    %vpi_call/w 3 80 "$fatal", 32'sb00000000000000000000000000000001, "FAIL: %s", v00000273d49fed40_0 {0 0 0};
T_0.0 ;
    %end;
S_00000273d49be170 .scope autotask, "drive_uart_rx_byte" "drive_uart_rx_byte" 3 111, 3 111 0, S_00000273d49e1c90;
 .timescale -9 -12;
v00000273d49ff060_0 .var/2s "bit_idx", 31 0;
v00000273d49fe700_0 .var "value", 7 0;
E_00000273d49f09d0 .event negedge, v00000273d49fec00_0;
TD_peripheral_subsystem_tb.drive_uart_rx_byte ;
    %wait E_00000273d49f09d0;
    %pushi/vec4 0, 0, 1;
    %store/vec4 v00000273d4a6d1a0_0, 0, 1;
    %pushi/vec4 434, 0, 32;
T_1.2 %dup/vec4;
    %pushi/vec4 0, 0, 32;
    %cmp/s;
    %jmp/1xz T_1.3, 5;
    %jmp/1 T_1.3, 4;
    %pushi/vec4 1, 0, 32;
    %sub;
    %wait E_00000273d49f0b50;
    %jmp T_1.2;
T_1.3 ;
    %pop/vec4 1;
    %pushi/vec4 0, 0, 32;
    %store/vec4 v00000273d49ff060_0, 0, 32;
T_1.4 ;
    %load/vec4 v00000273d49ff060_0;
    %cmpi/s 8, 0, 32;
    %jmp/0xz T_1.5, 5;
    %load/vec4 v00000273d49fe700_0;
    %load/vec4 v00000273d49ff060_0;
    %part/s 1;
    %store/vec4 v00000273d4a6d1a0_0, 0, 1;
    %pushi/vec4 434, 0, 32;
T_1.6 %dup/vec4;
    %pushi/vec4 0, 0, 32;
    %cmp/s;
    %jmp/1xz T_1.7, 5;
    %jmp/1 T_1.7, 4;
    %pushi/vec4 1, 0, 32;
    %sub;
    %wait E_00000273d49f0b50;
    %jmp T_1.6;
T_1.7 ;
    %pop/vec4 1;
    ; show_stmt_assign_vector: Get l-value for compressed += operand
    %load/vec4 v00000273d49ff060_0;
    %pushi/vec4 1, 0, 32;
    %add;
    %cast2;
    %store/vec4 v00000273d49ff060_0, 0, 32;
    %jmp T_1.4;
T_1.5 ;
    %pushi/vec4 1, 0, 1;
    %store/vec4 v00000273d4a6d1a0_0, 0, 1;
    %pushi/vec4 1302, 0, 32;
T_1.8 %dup/vec4;
    %pushi/vec4 0, 0, 32;
    %cmp/s;
    %jmp/1xz T_1.9, 5;
    %jmp/1 T_1.9, 4;
    %pushi/vec4 1, 0, 32;
    %sub;
    %wait E_00000273d49f0b50;
    %jmp T_1.8;
T_1.9 ;
    %pop/vec4 1;
    %end;
S_00000273d49be300 .scope module, "dut" "peripheral_subsystem" 3 30, 4 3 0, S_00000273d49e1c90;
 .timescale -9 -12;
    .port_info 0 /INPUT 1 "clk";
    .port_info 1 /INPUT 1 "rst_n";
    .port_info 2 /INPUT 1 "uart_rx";
    .port_info 3 /OUTPUT 1 "uart_tx";
    .port_info 4 /OUTPUT 1 "sclk";
    .port_info 5 /OUTPUT 1 "mosi";
    .port_info 6 /INPUT 1 "miso";
    .port_info 7 /OUTPUT 1 "ss_n";
    .port_info 8 /INPUT 8 "spi_clk_div";
    .port_info 9 /INPUT 2 "spi_cpol_cpha";
P_00000273d49e09b0 .param/l "CLK_DIV_W" 0 4 6, +C4<00000000000000000000000000001000>;
P_00000273d49e09e8 .param/l "DATA_WIDTH" 0 4 4, +C4<00000000000000000000000000001000>;
P_00000273d49e0a20 .param/l "FIFO_DEPTH" 0 4 5, +C4<00000000000000000000000000010000>;
enum00000273d4919bd0 .enum4 (2)
   "IDLE" 2'b00,
   "SPI_EXEC" 2'b01,
   "UART_STREAM" 2'b10
 ;
L_00000273d4a06a70 .functor BUFZ 1, v00000273d4a1d510_0, C4<0>, C4<0>, C4<0>;
L_00000273d4a06990 .functor BUFZ 8, v00000273d4a1d790_0, C4<00000000>, C4<00000000>, C4<00000000>;
L_00000273d4a05ce0 .functor BUFZ 1, v00000273d49fe340_0, C4<0>, C4<0>, C4<0>;
L_00000273d4a05d50 .functor BUFZ 8, v00000273d49fe520_0, C4<00000000>, C4<00000000>, C4<00000000>;
v00000273d4a1dbf0_0 .net "clk", 0 0, v00000273d4a6b190_0;  1 drivers
v00000273d4a1dc90_0 .net "miso", 0 0, v00000273d4a6ab50_0;  1 drivers
v00000273d4a6bff0_0 .net "mosi", 0 0, v00000273d49ff100_0;  alias, 1 drivers
v00000273d4a6b050_0 .net "rst_n", 0 0, v00000273d4a6b2d0_0;  1 drivers
v00000273d4a6a290_0 .net "rx_fifo_din", 7 0, L_00000273d4a05d50;  1 drivers
v00000273d4a6abf0_0 .net "rx_fifo_dout", 7 0, v00000273d49fe5c0_0;  1 drivers
v00000273d4a6a650_0 .net "rx_fifo_empty", 0 0, L_00000273d4a05ea0;  1 drivers
v00000273d4a6ad30_0 .net "rx_fifo_full", 0 0, L_00000273d4a06290;  1 drivers
v00000273d4a6b870_0 .var "rx_fifo_rd_en", 0 0;
v00000273d4a6a330_0 .net "rx_fifo_wr_en", 0 0, L_00000273d4a05ce0;  1 drivers
v00000273d4a6ac90_0 .net "sclk", 0 0, v00000273d49ff380_0;  alias, 1 drivers
v00000273d4a6a970_0 .net "spi_busy", 0 0, L_00000273d4a6dec0;  1 drivers
v00000273d4a6beb0_0 .net "spi_clk_div", 7 0, v00000273d4a6b730_0;  1 drivers
v00000273d4a6add0_0 .net "spi_cpol_cpha", 1 0, v00000273d4a6b550_0;  1 drivers
v00000273d4a6a830_0 .net "spi_done", 0 0, v00000273d49fe340_0;  1 drivers
v00000273d4a6a150_0 .net "spi_dout", 7 0, v00000273d49fe520_0;  1 drivers
v00000273d4a6a1f0_0 .var "spi_start", 0 0;
v00000273d4a6b910_0 .net "ss_n", 0 0, v00000273d49ff1a0_0;  alias, 1 drivers
v00000273d4a6af10_0 .var "state", 1 0;
v00000273d4a6a6f0_0 .net "tx_fifo_din", 7 0, L_00000273d4a06990;  1 drivers
v00000273d4a6bb90_0 .net "tx_fifo_dout", 7 0, v00000273d4a1ce30_0;  1 drivers
v00000273d4a6baf0_0 .net "tx_fifo_empty", 0 0, L_00000273d4a05c00;  1 drivers
v00000273d4a6b7d0_0 .net "tx_fifo_full", 0 0, L_00000273d4a06ae0;  1 drivers
v00000273d4a6bc30_0 .var "tx_fifo_rd_en", 0 0;
v00000273d4a6a5b0_0 .net "tx_fifo_wr_en", 0 0, L_00000273d4a06a70;  1 drivers
v00000273d4a6a470_0 .net "uart_rx", 0 0, v00000273d4a6d1a0_0;  1 drivers
v00000273d4a6bcd0_0 .net "uart_rx_data", 7 0, v00000273d4a1d790_0;  1 drivers
v00000273d4a6bd70_0 .net "uart_rx_valid", 0 0, v00000273d4a1d510_0;  1 drivers
v00000273d4a6ae70_0 .net "uart_tx", 0 0, v00000273d4a1ccf0_0;  alias, 1 drivers
v00000273d4a6a3d0_0 .net "uart_tx_busy", 0 0, L_00000273d4a6cfc0;  1 drivers
v00000273d4a6afb0_0 .var "uart_tx_data", 7 0;
v00000273d4a6b410_0 .var "uart_tx_wr_en", 0 0;
S_00000273d49aca40 .scope module, "u_spi_master" "spi_master" 4 108, 5 1 0, S_00000273d49be300;
 .timescale -9 -12;
    .port_info 0 /INPUT 1 "clk";
    .port_info 1 /INPUT 1 "rst_n";
    .port_info 2 /INPUT 1 "start";
    .port_info 3 /INPUT 8 "clk_div";
    .port_info 4 /INPUT 2 "cpol_cpha";
    .port_info 5 /INPUT 8 "din";
    .port_info 6 /OUTPUT 8 "dout";
    .port_info 7 /OUTPUT 1 "busy";
    .port_info 8 /OUTPUT 1 "done";
    .port_info 9 /OUTPUT 1 "sclk";
    .port_info 10 /OUTPUT 1 "mosi";
    .port_info 11 /INPUT 1 "miso";
    .port_info 12 /OUTPUT 1 "ss_n";
P_00000273d49c99a0 .param/l "CLK_DIV_WIDTH" 0 5 3, +C4<00000000000000000000000000001000>;
P_00000273d49c99d8 .param/l "DATA_WIDTH" 0 5 2, +C4<00000000000000000000000000001000>;
enum00000273d49cb310 .enum4 (2)
   "IDLE" 2'b00,
   "SETUP" 2'b01,
   "SHIFT" 2'b10,
   "DONE" 2'b11
 ;
L_00000273d4a6e2d8 .functor BUFT 1, C4<00>, C4<0>, C4<0>, C4<0>;
v00000273d49fe020_0 .net/2u *"_ivl_4", 1 0, L_00000273d4a6e2d8;  1 drivers
v00000273d49fea20_0 .var "bit_cnt", 3 0;
v00000273d49fe7a0_0 .net "busy", 0 0, L_00000273d4a6dec0;  alias, 1 drivers
v00000273d49fec00_0 .net "clk", 0 0, v00000273d4a6b190_0;  alias, 1 drivers
v00000273d49fe8e0_0 .var "clk_cnt", 7 0;
v00000273d49fede0_0 .net "clk_div", 7 0, v00000273d4a6b730_0;  alias, 1 drivers
v00000273d49fe480_0 .net "cpha", 0 0, L_00000273d4a6c3e0;  1 drivers
v00000273d49ff740_0 .net "cpol", 0 0, L_00000273d4a6d100;  1 drivers
v00000273d49fe200_0 .net "cpol_cpha", 1 0, v00000273d4a6b550_0;  alias, 1 drivers
v00000273d49feb60_0 .net "din", 7 0, v00000273d4a1ce30_0;  alias, 1 drivers
v00000273d49fe340_0 .var "done", 0 0;
v00000273d49fe520_0 .var "dout", 7 0;
v00000273d49ff7e0_0 .net "miso", 0 0, v00000273d4a6ab50_0;  alias, 1 drivers
v00000273d49fdd00_0 .var "miso_shift", 7 0;
v00000273d49ff100_0 .var "mosi", 0 0;
v00000273d49fda80_0 .var "mosi_shift", 7 0;
v00000273d49fdb20_0 .net "rst_n", 0 0, v00000273d4a6b2d0_0;  alias, 1 drivers
v00000273d49fe0c0_0 .var "sample_edge", 0 0;
v00000273d49ff380_0 .var "sclk", 0 0;
v00000273d49fdbc0_0 .var "shift_edge", 0 0;
v00000273d49ff1a0_0 .var "ss_n", 0 0;
v00000273d49fdc60_0 .net "start", 0 0, v00000273d4a6a1f0_0;  1 drivers
v00000273d49ff6a0_0 .var "state", 1 0;
E_00000273d49f0e10/0 .event negedge, v00000273d49fdb20_0;
E_00000273d49f0e10/1 .event posedge, v00000273d49fec00_0;
E_00000273d49f0e10 .event/or E_00000273d49f0e10/0, E_00000273d49f0e10/1;
L_00000273d4a6d100 .part v00000273d4a6b550_0, 1, 1;
L_00000273d4a6c3e0 .part v00000273d4a6b550_0, 0, 1;
L_00000273d4a6dec0 .cmp/ne 2, v00000273d49ff6a0_0, L_00000273d4a6e2d8;
S_00000273d49acbd0 .scope module, "u_spi_rx_fifo" "sync_fifo" 4 133, 6 1 0, S_00000273d49be300;
 .timescale -9 -12;
    .port_info 0 /INPUT 1 "clk";
    .port_info 1 /INPUT 1 "rst_n";
    .port_info 2 /INPUT 1 "wr_en";
    .port_info 3 /INPUT 1 "rd_en";
    .port_info 4 /INPUT 8 "din";
    .port_info 5 /INPUT 5 "almost_full_val";
    .port_info 6 /INPUT 5 "almost_empty_val";
    .port_info 7 /OUTPUT 8 "dout";
    .port_info 8 /OUTPUT 1 "full";
    .port_info 9 /OUTPUT 1 "empty";
    .port_info 10 /OUTPUT 1 "almost_full";
    .port_info 11 /OUTPUT 1 "almost_empty";
    .port_info 12 /OUTPUT 5 "data_count";
P_00000273d4a1c030 .param/l "ADDR_WIDTH" 1 6 22, +C4<00000000000000000000000000000100>;
P_00000273d4a1c068 .param/l "DATA_WIDTH" 0 6 2, +C4<00000000000000000000000000001000>;
P_00000273d4a1c0a0 .param/l "FIFO_DEPTH" 0 6 3, +C4<00000000000000000000000000010000>;
L_00000273d4a06290 .functor BUFZ 1, v00000273d49fef20_0, C4<0>, C4<0>, C4<0>;
L_00000273d4a05ea0 .functor BUFZ 1, v00000273d49feac0_0, C4<0>, C4<0>, C4<0>;
L_00000273d4a05dc0 .functor BUFZ 5, v00000273d49fe2a0_0, C4<00000>, C4<00000>, C4<00000>;
v00000273d49fe840_0 .net "almost_empty", 0 0, L_00000273d4a6d420;  1 drivers
L_00000273d4a6e368 .functor BUFT 1, C4<00010>, C4<0>, C4<0>, C4<0>;
v00000273d49fee80_0 .net "almost_empty_val", 4 0, L_00000273d4a6e368;  1 drivers
v00000273d49fdda0_0 .net "almost_full", 0 0, L_00000273d4a6d9c0;  1 drivers
L_00000273d4a6e320 .functor BUFT 1, C4<01110>, C4<0>, C4<0>, C4<0>;
v00000273d49fdee0_0 .net "almost_full_val", 4 0, L_00000273d4a6e320;  1 drivers
v00000273d49fe160_0 .net "clk", 0 0, v00000273d4a6b190_0;  alias, 1 drivers
v00000273d49ff240_0 .net "data_count", 4 0, L_00000273d4a05dc0;  1 drivers
v00000273d49fe2a0_0 .var "data_count_reg", 4 0;
v00000273d49fe3e0_0 .net "din", 7 0, L_00000273d4a05d50;  alias, 1 drivers
v00000273d49fe5c0_0 .var "dout", 7 0;
v00000273d49fe660_0 .net "empty", 0 0, L_00000273d4a05ea0;  alias, 1 drivers
v00000273d49feac0_0 .var "empty_val", 0 0;
v00000273d49feca0_0 .net "full", 0 0, L_00000273d4a06290;  alias, 1 drivers
v00000273d49fef20_0 .var "full_val", 0 0;
v00000273d49e8320 .array "mem", 15 0, 7 0;
v00000273d49e8280_0 .net "rd_en", 0 0, v00000273d4a6b870_0;  1 drivers
v00000273d49e7880_0 .var "rd_ptr", 4 0;
v00000273d49e7f60_0 .var "rd_ptr_next", 4 0;
v00000273d49e8000_0 .net "rst_n", 0 0, v00000273d4a6b2d0_0;  alias, 1 drivers
v00000273d49e85a0_0 .net "wr_en", 0 0, L_00000273d4a05ce0;  alias, 1 drivers
v00000273d49e7a60_0 .var "wr_ptr", 4 0;
v00000273d49e83c0_0 .var "wr_ptr_next", 4 0;
E_00000273d49f0a50 .event anyedge, v00000273d49e7a60_0, v00000273d49e7880_0;
v00000273d49e8320_0 .array/port v00000273d49e8320, 0;
v00000273d49e8320_1 .array/port v00000273d49e8320, 1;
v00000273d49e8320_2 .array/port v00000273d49e8320, 2;
E_00000273d49f0ed0/0 .event anyedge, v00000273d49e7880_0, v00000273d49e8320_0, v00000273d49e8320_1, v00000273d49e8320_2;
v00000273d49e8320_3 .array/port v00000273d49e8320, 3;
v00000273d49e8320_4 .array/port v00000273d49e8320, 4;
v00000273d49e8320_5 .array/port v00000273d49e8320, 5;
v00000273d49e8320_6 .array/port v00000273d49e8320, 6;
E_00000273d49f0ed0/1 .event anyedge, v00000273d49e8320_3, v00000273d49e8320_4, v00000273d49e8320_5, v00000273d49e8320_6;
v00000273d49e8320_7 .array/port v00000273d49e8320, 7;
v00000273d49e8320_8 .array/port v00000273d49e8320, 8;
v00000273d49e8320_9 .array/port v00000273d49e8320, 9;
v00000273d49e8320_10 .array/port v00000273d49e8320, 10;
E_00000273d49f0ed0/2 .event anyedge, v00000273d49e8320_7, v00000273d49e8320_8, v00000273d49e8320_9, v00000273d49e8320_10;
v00000273d49e8320_11 .array/port v00000273d49e8320, 11;
v00000273d49e8320_12 .array/port v00000273d49e8320, 12;
v00000273d49e8320_13 .array/port v00000273d49e8320, 13;
v00000273d49e8320_14 .array/port v00000273d49e8320, 14;
E_00000273d49f0ed0/3 .event anyedge, v00000273d49e8320_11, v00000273d49e8320_12, v00000273d49e8320_13, v00000273d49e8320_14;
v00000273d49e8320_15 .array/port v00000273d49e8320, 15;
E_00000273d49f0ed0/4 .event anyedge, v00000273d49e8320_15;
E_00000273d49f0ed0 .event/or E_00000273d49f0ed0/0, E_00000273d49f0ed0/1, E_00000273d49f0ed0/2, E_00000273d49f0ed0/3, E_00000273d49f0ed0/4;
E_00000273d49f0b50 .event posedge, v00000273d49fec00_0;
E_00000273d49f0c10/0 .event anyedge, v00000273d49e7a60_0, v00000273d49e7880_0, v00000273d49e85a0_0, v00000273d49fef20_0;
E_00000273d49f0c10/1 .event anyedge, v00000273d49e8280_0, v00000273d49feac0_0;
E_00000273d49f0c10 .event/or E_00000273d49f0c10/0, E_00000273d49f0c10/1;
L_00000273d4a6d9c0 .cmp/ge 5, v00000273d49fe2a0_0, L_00000273d4a6e320;
L_00000273d4a6d420 .cmp/ge 5, L_00000273d4a6e368, v00000273d49fe2a0_0;
S_00000273d497ad60 .scope module, "u_spi_tx_fifo" "sync_fifo" 4 86, 6 1 0, S_00000273d49be300;
 .timescale -9 -12;
    .port_info 0 /INPUT 1 "clk";
    .port_info 1 /INPUT 1 "rst_n";
    .port_info 2 /INPUT 1 "wr_en";
    .port_info 3 /INPUT 1 "rd_en";
    .port_info 4 /INPUT 8 "din";
    .port_info 5 /INPUT 5 "almost_full_val";
    .port_info 6 /INPUT 5 "almost_empty_val";
    .port_info 7 /OUTPUT 8 "dout";
    .port_info 8 /OUTPUT 1 "full";
    .port_info 9 /OUTPUT 1 "empty";
    .port_info 10 /OUTPUT 1 "almost_full";
    .port_info 11 /OUTPUT 1 "almost_empty";
    .port_info 12 /OUTPUT 5 "data_count";
P_00000273d4a1b7f0 .param/l "ADDR_WIDTH" 1 6 22, +C4<00000000000000000000000000000100>;
P_00000273d4a1b828 .param/l "DATA_WIDTH" 0 6 2, +C4<00000000000000000000000000001000>;
P_00000273d4a1b860 .param/l "FIFO_DEPTH" 0 6 3, +C4<00000000000000000000000000010000>;
L_00000273d4a06ae0 .functor BUFZ 1, v00000273d4a1d010_0, C4<0>, C4<0>, C4<0>;
L_00000273d4a05c00 .functor BUFZ 1, v00000273d4a1d650_0, C4<0>, C4<0>, C4<0>;
L_00000273d4a05c70 .functor BUFZ 5, v00000273d4a1dfb0_0, C4<00000>, C4<00000>, C4<00000>;
v00000273d49e7b00_0 .net "almost_empty", 0 0, L_00000273d4a6d240;  1 drivers
L_00000273d4a6e290 .functor BUFT 1, C4<00010>, C4<0>, C4<0>, C4<0>;
v00000273d49e7ba0_0 .net "almost_empty_val", 4 0, L_00000273d4a6e290;  1 drivers
v00000273d49e7c40_0 .net "almost_full", 0 0, L_00000273d4a6de20;  1 drivers
L_00000273d4a6e248 .functor BUFT 1, C4<01110>, C4<0>, C4<0>, C4<0>;
v00000273d49e8460_0 .net "almost_full_val", 4 0, L_00000273d4a6e248;  1 drivers
v00000273d49e8500_0 .net "clk", 0 0, v00000273d4a6b190_0;  alias, 1 drivers
v00000273d4a1cd90_0 .net "data_count", 4 0, L_00000273d4a05c70;  1 drivers
v00000273d4a1dfb0_0 .var "data_count_reg", 4 0;
v00000273d4a1e050_0 .net "din", 7 0, L_00000273d4a06990;  alias, 1 drivers
v00000273d4a1ce30_0 .var "dout", 7 0;
v00000273d4a1cc50_0 .net "empty", 0 0, L_00000273d4a05c00;  alias, 1 drivers
v00000273d4a1d650_0 .var "empty_val", 0 0;
v00000273d4a1e230_0 .net "full", 0 0, L_00000273d4a06ae0;  alias, 1 drivers
v00000273d4a1d010_0 .var "full_val", 0 0;
v00000273d4a1d1f0 .array "mem", 15 0, 7 0;
v00000273d4a1cf70_0 .net "rd_en", 0 0, v00000273d4a6bc30_0;  1 drivers
v00000273d4a1cb10_0 .var "rd_ptr", 4 0;
v00000273d4a1e2d0_0 .var "rd_ptr_next", 4 0;
v00000273d4a1d330_0 .net "rst_n", 0 0, v00000273d4a6b2d0_0;  alias, 1 drivers
v00000273d4a1c930_0 .net "wr_en", 0 0, L_00000273d4a06a70;  alias, 1 drivers
v00000273d4a1ca70_0 .var "wr_ptr", 4 0;
v00000273d4a1e4b0_0 .var "wr_ptr_next", 4 0;
E_00000273d49f0cd0 .event anyedge, v00000273d4a1ca70_0, v00000273d4a1cb10_0;
v00000273d4a1d1f0_0 .array/port v00000273d4a1d1f0, 0;
v00000273d4a1d1f0_1 .array/port v00000273d4a1d1f0, 1;
v00000273d4a1d1f0_2 .array/port v00000273d4a1d1f0, 2;
E_00000273d49f0d10/0 .event anyedge, v00000273d4a1cb10_0, v00000273d4a1d1f0_0, v00000273d4a1d1f0_1, v00000273d4a1d1f0_2;
v00000273d4a1d1f0_3 .array/port v00000273d4a1d1f0, 3;
v00000273d4a1d1f0_4 .array/port v00000273d4a1d1f0, 4;
v00000273d4a1d1f0_5 .array/port v00000273d4a1d1f0, 5;
v00000273d4a1d1f0_6 .array/port v00000273d4a1d1f0, 6;
E_00000273d49f0d10/1 .event anyedge, v00000273d4a1d1f0_3, v00000273d4a1d1f0_4, v00000273d4a1d1f0_5, v00000273d4a1d1f0_6;
v00000273d4a1d1f0_7 .array/port v00000273d4a1d1f0, 7;
v00000273d4a1d1f0_8 .array/port v00000273d4a1d1f0, 8;
v00000273d4a1d1f0_9 .array/port v00000273d4a1d1f0, 9;
v00000273d4a1d1f0_10 .array/port v00000273d4a1d1f0, 10;
E_00000273d49f0d10/2 .event anyedge, v00000273d4a1d1f0_7, v00000273d4a1d1f0_8, v00000273d4a1d1f0_9, v00000273d4a1d1f0_10;
v00000273d4a1d1f0_11 .array/port v00000273d4a1d1f0, 11;
v00000273d4a1d1f0_12 .array/port v00000273d4a1d1f0, 12;
v00000273d4a1d1f0_13 .array/port v00000273d4a1d1f0, 13;
v00000273d4a1d1f0_14 .array/port v00000273d4a1d1f0, 14;
E_00000273d49f0d10/3 .event anyedge, v00000273d4a1d1f0_11, v00000273d4a1d1f0_12, v00000273d4a1d1f0_13, v00000273d4a1d1f0_14;
v00000273d4a1d1f0_15 .array/port v00000273d4a1d1f0, 15;
E_00000273d49f0d10/4 .event anyedge, v00000273d4a1d1f0_15;
E_00000273d49f0d10 .event/or E_00000273d49f0d10/0, E_00000273d49f0d10/1, E_00000273d49f0d10/2, E_00000273d49f0d10/3, E_00000273d49f0d10/4;
E_00000273d49f0d90/0 .event anyedge, v00000273d4a1ca70_0, v00000273d4a1cb10_0, v00000273d4a1c930_0, v00000273d4a1d010_0;
E_00000273d49f0d90/1 .event anyedge, v00000273d4a1cf70_0, v00000273d4a1d650_0;
E_00000273d49f0d90 .event/or E_00000273d49f0d90/0, E_00000273d49f0d90/1;
L_00000273d4a6de20 .cmp/ge 5, v00000273d4a1dfb0_0, L_00000273d4a6e248;
L_00000273d4a6d240 .cmp/ge 5, L_00000273d4a6e290, v00000273d4a1dfb0_0;
S_00000273d497aef0 .scope module, "u_uart" "uart_top" 4 65, 7 1 0, S_00000273d49be300;
 .timescale -9 -12;
    .port_info 0 /INPUT 1 "clk";
    .port_info 1 /INPUT 1 "rst_n";
    .port_info 2 /INPUT 1 "wr_en";
    .port_info 3 /INPUT 8 "din";
    .port_info 4 /OUTPUT 8 "dout";
    .port_info 5 /OUTPUT 1 "rx_valid";
    .port_info 6 /OUTPUT 1 "tx_busy";
    .port_info 7 /OUTPUT 1 "tx";
    .port_info 8 /INPUT 1 "rx";
P_00000273d4a0e430 .param/l "BAUD_RATE" 0 7 3, +C4<00000000000000011100001000000000>;
P_00000273d4a0e468 .param/l "BIT_CLKS" 1 7 16, +C4<00000000000000000000000110110010>;
P_00000273d4a0e4a0 .param/l "CLK_FREQ" 0 7 2, +C4<00000010111110101111000010000000>;
P_00000273d4a0e4d8 .param/l "DIVISOR" 1 7 18, +C4<00000000000000000000000000011011>;
P_00000273d4a0e510 .param/l "DIV_WIDTH" 1 7 19, +C4<00000000000000000000000000000101>;
P_00000273d4a0e548 .param/l "TX_BIT_CLKS" 1 7 51, +C4<00000000000000000000000110110010>;
P_00000273d4a0e580 .param/l "TX_CNT_WIDTH" 1 7 52, +C4<00000000000000000000000000001001>;
enum00000273d491a040 .enum4 (2)
   "RX_IDLE" 2'b00,
   "RX_START" 2'b01,
   "RX_DATA" 2'b10,
   "RX_STOP" 2'b11
 ;
enum00000273d4919fa0 .enum4 (2)
   "TX_IDLE" 2'b00,
   "TX_START" 2'b01,
   "TX_DATA" 2'b10,
   "TX_STOP" 2'b11
 ;
L_00000273d4a05f10 .functor AND 1, L_00000273d4a6da60, L_00000273d4a6c340, C4<1>, C4<1>;
L_00000273d4a6e128 .functor BUFT 1, C4<00>, C4<0>, C4<0>, C4<0>;
v00000273d4a1d8d0_0 .net/2u *"_ivl_0", 1 0, L_00000273d4a6e128;  1 drivers
v00000273d4a1c9d0_0 .net *"_ivl_10", 0 0, L_00000273d4a6c340;  1 drivers
L_00000273d4a6e200 .functor BUFT 1, C4<00>, C4<0>, C4<0>, C4<0>;
v00000273d4a1cbb0_0 .net/2u *"_ivl_14", 1 0, L_00000273d4a6e200;  1 drivers
v00000273d4a1e190_0 .net *"_ivl_2", 0 0, L_00000273d4a6da60;  1 drivers
v00000273d4a1d470_0 .net *"_ivl_4", 31 0, L_00000273d4a6cd40;  1 drivers
L_00000273d4a6e170 .functor BUFT 1, C4<00000000000000000000000>, C4<0>, C4<0>, C4<0>;
v00000273d4a1e370_0 .net *"_ivl_7", 22 0, L_00000273d4a6e170;  1 drivers
L_00000273d4a6e1b8 .functor BUFT 1, C4<00000000000000000000000110110001>, C4<0>, C4<0>, C4<0>;
v00000273d4a1df10_0 .net/2u *"_ivl_8", 31 0, L_00000273d4a6e1b8;  1 drivers
v00000273d4a1e410_0 .var "baud_counter", 4 0;
v00000273d4a1e0f0_0 .net "clk", 0 0, v00000273d4a6b190_0;  alias, 1 drivers
v00000273d4a1d150_0 .net "din", 7 0, v00000273d4a6afb0_0;  1 drivers
v00000273d4a1d790_0 .var "dout", 7 0;
v00000273d4a1dd30_0 .net "rst_n", 0 0, v00000273d4a6b2d0_0;  alias, 1 drivers
v00000273d4a1e550_0 .net "rx", 0 0, v00000273d4a6d1a0_0;  alias, 1 drivers
v00000273d4a1c750_0 .var "rx_bit_cnt", 3 0;
v00000273d4a1ddd0_0 .var "rx_idle_ok", 0 0;
v00000273d4a1c890_0 .var "rx_sample_cnt", 3 0;
v00000273d4a1dab0_0 .var "rx_shift_reg", 7 0;
v00000273d4a1e5f0_0 .var "rx_start_low_cnt", 1 0;
v00000273d4a1d970_0 .var "rx_state", 1 0;
v00000273d4a1d3d0_0 .var "rx_sync1", 0 0;
v00000273d4a1da10_0 .var "rx_sync2", 0 0;
v00000273d4a1d510_0 .var "rx_valid", 0 0;
v00000273d4a1c7f0_0 .var "tick_16x", 0 0;
v00000273d4a1ccf0_0 .var "tx", 0 0;
v00000273d4a1ced0_0 .var "tx_bit_cnt", 3 0;
v00000273d4a1d290_0 .net "tx_bit_tick", 0 0, L_00000273d4a05f10;  1 drivers
v00000273d4a1de70_0 .net "tx_busy", 0 0, L_00000273d4a6cfc0;  alias, 1 drivers
v00000273d4a1d0b0_0 .var "tx_clk_cnt", 8 0;
v00000273d4a1d5b0_0 .var "tx_shift_reg", 7 0;
v00000273d4a1d830_0 .var "tx_state", 1 0;
v00000273d4a1db50_0 .net "wr_en", 0 0, v00000273d4a6b410_0;  1 drivers
L_00000273d4a6da60 .cmp/ne 2, v00000273d4a1d830_0, L_00000273d4a6e128;
L_00000273d4a6cd40 .concat [ 9 23 0 0], v00000273d4a1d0b0_0, L_00000273d4a6e170;
L_00000273d4a6c340 .cmp/eq 32, L_00000273d4a6cd40, L_00000273d4a6e1b8;
L_00000273d4a6cfc0 .cmp/ne 2, v00000273d4a1d830_0, L_00000273d4a6e200;
S_00000273d4a0e5c0 .scope autotask, "expect_uart_tx_byte" "expect_uart_tx_byte" 3 132, 3 132 0, S_00000273d49e1c90;
 .timescale -9 -12;
v00000273d4a6ba50_0 .var/2s "bit_idx", 31 0;
v00000273d4a6a510_0 .var/2s "cycle_idx", 31 0;
v00000273d4a6b0f0_0 .var "expected", 7 0;
v00000273d4a6a790_0 .var "observed", 7 0;
v00000273d4a6b9b0_0 .var/2s "timeout_cycles", 31 0;
TD_peripheral_subsystem_tb.expect_uart_tx_byte ;
    %pushi/vec4 0, 0, 8;
    %store/vec4 v00000273d4a6a790_0, 0, 8;
    %pushi/vec4 0, 0, 32;
    %store/vec4 v00000273d4a6a510_0, 0, 32;
T_2.10 ;
    %load/vec4 v00000273d4a6d7e0_0;
    %cmpi/ne 0, 0, 1;
    %flag_get/vec4 6;
    %jmp/0 T_2.12, 6;
    %load/vec4 v00000273d4a6a510_0;
    %load/vec4 v00000273d4a6b9b0_0;
    %cmp/s;
    %flag_get/vec4 5;
    %and;
T_2.12;
    %flag_set/vec4 8;
    %jmp/0xz T_2.11, 8;
    %wait E_00000273d49f0b50;
    ; show_stmt_assign_vector: Get l-value for compressed += operand
    %load/vec4 v00000273d4a6a510_0;
    %pushi/vec4 1, 0, 32;
    %add;
    %cast2;
    %store/vec4 v00000273d4a6a510_0, 0, 32;
    %jmp T_2.10;
T_2.11 ;
    %alloc S_00000273d498eca0;
    %load/vec4 v00000273d4a6d7e0_0;
    %pushi/vec4 0, 0, 1;
    %cmp/e;
    %flag_get/vec4 6;
    %store/vec4 v00000273d49ff420_0, 0, 1;
    %pushi/str "UART TX start bit was not observed";
    %store/str v00000273d49fed40_0;
    %fork TD_peripheral_subsystem_tb.check, S_00000273d498eca0;
    %join;
    %free S_00000273d498eca0;
    %pushi/vec4 217, 0, 32;
T_2.13 %dup/vec4;
    %pushi/vec4 0, 0, 32;
    %cmp/s;
    %jmp/1xz T_2.14, 5;
    %jmp/1 T_2.14, 4;
    %pushi/vec4 1, 0, 32;
    %sub;
    %wait E_00000273d49f0b50;
    %jmp T_2.13;
T_2.14 ;
    %pop/vec4 1;
    %alloc S_00000273d498eca0;
    %load/vec4 v00000273d4a6d7e0_0;
    %pushi/vec4 0, 0, 1;
    %cmp/e;
    %flag_get/vec4 6;
    %store/vec4 v00000273d49ff420_0, 0, 1;
    %pushi/str "UART TX start bit not held low to midpoint";
    %store/str v00000273d49fed40_0;
    %fork TD_peripheral_subsystem_tb.check, S_00000273d498eca0;
    %join;
    %free S_00000273d498eca0;
    %pushi/vec4 0, 0, 32;
    %store/vec4 v00000273d4a6ba50_0, 0, 32;
T_2.15 ;
    %load/vec4 v00000273d4a6ba50_0;
    %cmpi/s 8, 0, 32;
    %jmp/0xz T_2.16, 5;
    %pushi/vec4 434, 0, 32;
T_2.17 %dup/vec4;
    %pushi/vec4 0, 0, 32;
    %cmp/s;
    %jmp/1xz T_2.18, 5;
    %jmp/1 T_2.18, 4;
    %pushi/vec4 1, 0, 32;
    %sub;
    %wait E_00000273d49f0b50;
    %jmp T_2.17;
T_2.18 ;
    %pop/vec4 1;
    %load/vec4 v00000273d4a6d7e0_0;
    %ix/getv/s 4, v00000273d4a6ba50_0;
    %store/vec4 v00000273d4a6a790_0, 4, 1;
    ; show_stmt_assign_vector: Get l-value for compressed += operand
    %load/vec4 v00000273d4a6ba50_0;
    %pushi/vec4 1, 0, 32;
    %add;
    %cast2;
    %store/vec4 v00000273d4a6ba50_0, 0, 32;
    %jmp T_2.15;
T_2.16 ;
    %pushi/vec4 434, 0, 32;
T_2.19 %dup/vec4;
    %pushi/vec4 0, 0, 32;
    %cmp/s;
    %jmp/1xz T_2.20, 5;
    %jmp/1 T_2.20, 4;
    %pushi/vec4 1, 0, 32;
    %sub;
    %wait E_00000273d49f0b50;
    %jmp T_2.19;
T_2.20 ;
    %pop/vec4 1;
    %alloc S_00000273d498eca0;
    %load/vec4 v00000273d4a6d7e0_0;
    %pushi/vec4 1, 0, 1;
    %cmp/e;
    %flag_get/vec4 6;
    %store/vec4 v00000273d49ff420_0, 0, 1;
    %pushi/str "UART TX stop bit not high";
    %store/str v00000273d49fed40_0;
    %fork TD_peripheral_subsystem_tb.check, S_00000273d498eca0;
    %join;
    %free S_00000273d498eca0;
    %alloc S_00000273d498eca0;
    %load/vec4 v00000273d4a6a790_0;
    %load/vec4 v00000273d4a6b0f0_0;
    %cmp/e;
    %flag_get/vec4 6;
    %store/vec4 v00000273d49ff420_0, 0, 1;
    %vpi_func/s 3 164 "$sformatf", "UART TX byte mismatch: expected %02h got %02h", v00000273d4a6b0f0_0, v00000273d4a6a790_0 {0 0 0};
    %store/str v00000273d49fed40_0;
    %fork TD_peripheral_subsystem_tb.check, S_00000273d498eca0;
    %join;
    %free S_00000273d498eca0;
    %end;
S_00000273d4a0e750 .scope autotask, "wait_cycles" "wait_cycles" 3 85, 3 85 0, S_00000273d49e1c90;
 .timescale -9 -12;
v00000273d4a6a8d0_0 .var/2s "cycles", 31 0;
TD_peripheral_subsystem_tb.wait_cycles ;
    %load/vec4 v00000273d4a6a8d0_0;
T_3.21 %dup/vec4;
    %pushi/vec4 0, 0, 32;
    %cmp/s;
    %jmp/1xz T_3.22, 5;
    %jmp/1 T_3.22, 4;
    %pushi/vec4 1, 0, 32;
    %sub;
    %wait E_00000273d49f0b50;
    %jmp T_3.21;
T_3.22 ;
    %pop/vec4 1;
    %end;
S_00000273d4a0e8e0 .scope autotask, "wait_for_ss" "wait_for_ss" 3 92, 3 92 0, S_00000273d49e1c90;
 .timescale -9 -12;
v00000273d4a6aa10_0 .var/2s "cycle_idx", 31 0;
v00000273d4a6be10_0 .var/2u "matched", 0 0;
v00000273d4a6bf50_0 .var/2u "target_level", 0 0;
v00000273d4a6aab0_0 .var/2s "timeout_cycles", 31 0;
TD_peripheral_subsystem_tb.wait_for_ss ;
    %pushi/vec4 0, 0, 1;
    %store/vec4 v00000273d4a6be10_0, 0, 1;
    %pushi/vec4 0, 0, 32;
    %store/vec4 v00000273d4a6aa10_0, 0, 32;
T_4.23 ;
    %load/vec4 v00000273d4a6aa10_0;
    %load/vec4 v00000273d4a6aab0_0;
    %cmp/s;
    %jmp/0xz T_4.24, 5;
    %load/vec4 v00000273d4a6b5f0_0;
    %load/vec4 v00000273d4a6bf50_0;
    %cmp/e;
    %jmp/0xz  T_4.25, 6;
    %pushi/vec4 1, 0, 1;
    %store/vec4 v00000273d4a6be10_0, 0, 1;
    %load/vec4 v00000273d4a6aab0_0;
    %store/vec4 v00000273d4a6aa10_0, 0, 32;
    %jmp T_4.26;
T_4.25 ;
    %wait E_00000273d49f0b50;
T_4.26 ;
    ; show_stmt_assign_vector: Get l-value for compressed += operand
    %load/vec4 v00000273d4a6aa10_0;
    %pushi/vec4 1, 0, 32;
    %add;
    %cast2;
    %store/vec4 v00000273d4a6aa10_0, 0, 32;
    %jmp T_4.23;
T_4.24 ;
    %alloc S_00000273d498eca0;
    %load/vec4 v00000273d4a6be10_0;
    %store/vec4 v00000273d49ff420_0, 0, 1;
    %vpi_func/s 3 107 "$sformatf", "Timeout waiting for ss_n=%0b", v00000273d4a6bf50_0 {0 0 0};
    %store/str v00000273d49fed40_0;
    %fork TD_peripheral_subsystem_tb.check, S_00000273d498eca0;
    %join;
    %free S_00000273d498eca0;
    %end;
    .scope S_00000273d497aef0;
T_5 ;
    %wait E_00000273d49f0e10;
    %load/vec4 v00000273d4a1dd30_0;
    %nor/r;
    %flag_set/vec4 8;
    %jmp/0xz  T_5.0, 8;
    %pushi/vec4 0, 0, 5;
    %assign/vec4 v00000273d4a1e410_0, 0;
    %pushi/vec4 0, 0, 1;
    %assign/vec4 v00000273d4a1c7f0_0, 0;
    %jmp T_5.1;
T_5.0 ;
    %load/vec4 v00000273d4a1e410_0;
    %pad/u 32;
    %cmpi/e 26, 0, 32;
    %jmp/0xz  T_5.2, 4;
    %pushi/vec4 0, 0, 5;
    %assign/vec4 v00000273d4a1e410_0, 0;
    %pushi/vec4 1, 0, 1;
    %assign/vec4 v00000273d4a1c7f0_0, 0;
    %jmp T_5.3;
T_5.2 ;
    %load/vec4 v00000273d4a1e410_0;
    %addi 1, 0, 5;
    %assign/vec4 v00000273d4a1e410_0, 0;
    %pushi/vec4 0, 0, 1;
    %assign/vec4 v00000273d4a1c7f0_0, 0;
T_5.3 ;
T_5.1 ;
    %jmp T_5;
    .thread T_5;
    .scope S_00000273d497aef0;
T_6 ;
    %wait E_00000273d49f0e10;
    %load/vec4 v00000273d4a1dd30_0;
    %nor/r;
    %flag_set/vec4 8;
    %jmp/0xz  T_6.0, 8;
    %pushi/vec4 0, 0, 9;
    %assign/vec4 v00000273d4a1d0b0_0, 0;
    %jmp T_6.1;
T_6.0 ;
    %load/vec4 v00000273d4a1d830_0;
    %cmpi/e 0, 0, 2;
    %jmp/0xz  T_6.2, 4;
    %pushi/vec4 0, 0, 9;
    %assign/vec4 v00000273d4a1d0b0_0, 0;
    %jmp T_6.3;
T_6.2 ;
    %load/vec4 v00000273d4a1d0b0_0;
    %pad/u 32;
    %cmpi/e 433, 0, 32;
    %jmp/0xz  T_6.4, 4;
    %pushi/vec4 0, 0, 9;
    %assign/vec4 v00000273d4a1d0b0_0, 0;
    %jmp T_6.5;
T_6.4 ;
    %load/vec4 v00000273d4a1d0b0_0;
    %addi 1, 0, 9;
    %assign/vec4 v00000273d4a1d0b0_0, 0;
T_6.5 ;
T_6.3 ;
T_6.1 ;
    %jmp T_6;
    .thread T_6;
    .scope S_00000273d497aef0;
T_7 ;
    %wait E_00000273d49f0e10;
    %load/vec4 v00000273d4a1dd30_0;
    %nor/r;
    %flag_set/vec4 8;
    %jmp/0xz  T_7.0, 8;
    %pushi/vec4 0, 0, 2;
    %assign/vec4 v00000273d4a1d830_0, 0;
    %pushi/vec4 1, 0, 1;
    %assign/vec4 v00000273d4a1ccf0_0, 0;
    %pushi/vec4 0, 0, 8;
    %assign/vec4 v00000273d4a1d5b0_0, 0;
    %pushi/vec4 0, 0, 4;
    %assign/vec4 v00000273d4a1ced0_0, 0;
    %jmp T_7.1;
T_7.0 ;
    %load/vec4 v00000273d4a1d830_0;
    %dup/vec4;
    %pushi/vec4 0, 0, 2;
    %cmp/u;
    %jmp/1 T_7.2, 6;
    %dup/vec4;
    %pushi/vec4 1, 0, 2;
    %cmp/u;
    %jmp/1 T_7.3, 6;
    %dup/vec4;
    %pushi/vec4 2, 0, 2;
    %cmp/u;
    %jmp/1 T_7.4, 6;
    %dup/vec4;
    %pushi/vec4 3, 0, 2;
    %cmp/u;
    %jmp/1 T_7.5, 6;
    %jmp T_7.6;
T_7.2 ;
    %pushi/vec4 1, 0, 1;
    %assign/vec4 v00000273d4a1ccf0_0, 0;
    %load/vec4 v00000273d4a1db50_0;
    %flag_set/vec4 9;
    %flag_get/vec4 9;
    %jmp/0 T_7.9, 9;
    %load/vec4 v00000273d4a1de70_0;
    %nor/r;
    %and;
T_7.9;
    %flag_set/vec4 8;
    %jmp/0xz  T_7.7, 8;
    %load/vec4 v00000273d4a1d150_0;
    %assign/vec4 v00000273d4a1d5b0_0, 0;
    %pushi/vec4 1, 0, 2;
    %assign/vec4 v00000273d4a1d830_0, 0;
    %pushi/vec4 0, 0, 4;
    %assign/vec4 v00000273d4a1ced0_0, 0;
    %pushi/vec4 0, 0, 1;
    %assign/vec4 v00000273d4a1ccf0_0, 0;
T_7.7 ;
    %jmp T_7.6;
T_7.3 ;
    %pushi/vec4 0, 0, 1;
    %assign/vec4 v00000273d4a1ccf0_0, 0;
    %load/vec4 v00000273d4a1d290_0;
    %flag_set/vec4 8;
    %jmp/0xz  T_7.10, 8;
    %load/vec4 v00000273d4a1d5b0_0;
    %parti/s 1, 0, 2;
    %assign/vec4 v00000273d4a1ccf0_0, 0;
    %load/vec4 v00000273d4a1d5b0_0;
    %ix/load 4, 1, 0;
    %flag_set/imm 4, 0;
    %shiftr 4;
    %assign/vec4 v00000273d4a1d5b0_0, 0;
    %pushi/vec4 0, 0, 4;
    %assign/vec4 v00000273d4a1ced0_0, 0;
    %pushi/vec4 2, 0, 2;
    %assign/vec4 v00000273d4a1d830_0, 0;
T_7.10 ;
    %jmp T_7.6;
T_7.4 ;
    %load/vec4 v00000273d4a1d290_0;
    %flag_set/vec4 8;
    %jmp/0xz  T_7.12, 8;
    %load/vec4 v00000273d4a1ced0_0;
    %cmpi/e 7, 0, 4;
    %jmp/0xz  T_7.14, 4;
    %pushi/vec4 1, 0, 1;
    %assign/vec4 v00000273d4a1ccf0_0, 0;
    %pushi/vec4 3, 0, 2;
    %assign/vec4 v00000273d4a1d830_0, 0;
    %jmp T_7.15;
T_7.14 ;
    %load/vec4 v00000273d4a1d5b0_0;
    %parti/s 1, 0, 2;
    %assign/vec4 v00000273d4a1ccf0_0, 0;
    %load/vec4 v00000273d4a1d5b0_0;
    %ix/load 4, 1, 0;
    %flag_set/imm 4, 0;
    %shiftr 4;
    %assign/vec4 v00000273d4a1d5b0_0, 0;
    %load/vec4 v00000273d4a1ced0_0;
    %addi 1, 0, 4;
    %assign/vec4 v00000273d4a1ced0_0, 0;
T_7.15 ;
T_7.12 ;
    %jmp T_7.6;
T_7.5 ;
    %pushi/vec4 1, 0, 1;
    %assign/vec4 v00000273d4a1ccf0_0, 0;
    %load/vec4 v00000273d4a1d290_0;
    %flag_set/vec4 8;
    %jmp/0xz  T_7.16, 8;
    %pushi/vec4 0, 0, 2;
    %assign/vec4 v00000273d4a1d830_0, 0;
T_7.16 ;
    %jmp T_7.6;
T_7.6 ;
    %pop/vec4 1;
T_7.1 ;
    %jmp T_7;
    .thread T_7;
    .scope S_00000273d497aef0;
T_8 ;
    %wait E_00000273d49f0e10;
    %load/vec4 v00000273d4a1dd30_0;
    %nor/r;
    %flag_set/vec4 8;
    %jmp/0xz  T_8.0, 8;
    %pushi/vec4 1, 0, 1;
    %assign/vec4 v00000273d4a1d3d0_0, 0;
    %pushi/vec4 1, 0, 1;
    %assign/vec4 v00000273d4a1da10_0, 0;
    %jmp T_8.1;
T_8.0 ;
    %load/vec4 v00000273d4a1e550_0;
    %assign/vec4 v00000273d4a1d3d0_0, 0;
    %load/vec4 v00000273d4a1d3d0_0;
    %assign/vec4 v00000273d4a1da10_0, 0;
T_8.1 ;
    %jmp T_8;
    .thread T_8;
    .scope S_00000273d497aef0;
T_9 ;
    %wait E_00000273d49f0e10;
    %load/vec4 v00000273d4a1dd30_0;
    %nor/r;
    %flag_set/vec4 8;
    %jmp/0xz  T_9.0, 8;
    %pushi/vec4 0, 0, 2;
    %assign/vec4 v00000273d4a1d970_0, 0;
    %pushi/vec4 0, 0, 4;
    %assign/vec4 v00000273d4a1c890_0, 0;
    %pushi/vec4 0, 0, 4;
    %assign/vec4 v00000273d4a1c750_0, 0;
    %pushi/vec4 0, 0, 8;
    %assign/vec4 v00000273d4a1dab0_0, 0;
    %pushi/vec4 0, 0, 2;
    %assign/vec4 v00000273d4a1e5f0_0, 0;
    %pushi/vec4 0, 0, 8;
    %assign/vec4 v00000273d4a1d790_0, 0;
    %pushi/vec4 0, 0, 1;
    %assign/vec4 v00000273d4a1d510_0, 0;
    %pushi/vec4 1, 0, 1;
    %assign/vec4 v00000273d4a1ddd0_0, 0;
    %jmp T_9.1;
T_9.0 ;
    %pushi/vec4 0, 0, 1;
    %assign/vec4 v00000273d4a1d510_0, 0;
    %load/vec4 v00000273d4a1da10_0;
    %cmpi/e 1, 0, 1;
    %jmp/0xz  T_9.2, 4;
    %pushi/vec4 1, 0, 1;
    %assign/vec4 v00000273d4a1ddd0_0, 0;
T_9.2 ;
    %load/vec4 v00000273d4a1d970_0;
    %dup/vec4;
    %pushi/vec4 0, 0, 2;
    %cmp/u;
    %jmp/1 T_9.4, 6;
    %dup/vec4;
    %pushi/vec4 1, 0, 2;
    %cmp/u;
    %jmp/1 T_9.5, 6;
    %dup/vec4;
    %pushi/vec4 2, 0, 2;
    %cmp/u;
    %jmp/1 T_9.6, 6;
    %dup/vec4;
    %pushi/vec4 3, 0, 2;
    %cmp/u;
    %jmp/1 T_9.7, 6;
    %jmp T_9.8;
T_9.4 ;
    %load/vec4 v00000273d4a1da10_0;
    %cmpi/e 0, 0, 1;
    %flag_get/vec4 4;
    %jmp/0 T_9.11, 4;
    %load/vec4 v00000273d4a1ddd0_0;
    %and;
T_9.11;
    %flag_set/vec4 8;
    %jmp/0xz  T_9.9, 8;
    %load/vec4 v00000273d4a1e5f0_0;
    %cmpi/e 1, 0, 2;
    %jmp/0xz  T_9.12, 4;
    %pushi/vec4 1, 0, 2;
    %assign/vec4 v00000273d4a1d970_0, 0;
    %pushi/vec4 0, 0, 4;
    %assign/vec4 v00000273d4a1c890_0, 0;
    %pushi/vec4 0, 0, 2;
    %assign/vec4 v00000273d4a1e5f0_0, 0;
    %pushi/vec4 0, 0, 1;
    %assign/vec4 v00000273d4a1ddd0_0, 0;
    %jmp T_9.13;
T_9.12 ;
    %load/vec4 v00000273d4a1e5f0_0;
    %addi 1, 0, 2;
    %assign/vec4 v00000273d4a1e5f0_0, 0;
T_9.13 ;
    %jmp T_9.10;
T_9.9 ;
    %load/vec4 v00000273d4a1da10_0;
    %cmpi/e 1, 0, 1;
    %jmp/0xz  T_9.14, 4;
    %pushi/vec4 0, 0, 2;
    %assign/vec4 v00000273d4a1e5f0_0, 0;
T_9.14 ;
T_9.10 ;
    %jmp T_9.8;
T_9.5 ;
    %load/vec4 v00000273d4a1c7f0_0;
    %flag_set/vec4 8;
    %jmp/0xz  T_9.16, 8;
    %load/vec4 v00000273d4a1c890_0;
    %cmpi/e 7, 0, 4;
    %jmp/0xz  T_9.18, 4;
    %load/vec4 v00000273d4a1da10_0;
    %cmpi/e 0, 0, 1;
    %jmp/0xz  T_9.20, 4;
    %pushi/vec4 2, 0, 2;
    %assign/vec4 v00000273d4a1d970_0, 0;
    %pushi/vec4 0, 0, 4;
    %assign/vec4 v00000273d4a1c890_0, 0;
    %pushi/vec4 0, 0, 4;
    %assign/vec4 v00000273d4a1c750_0, 0;
    %jmp T_9.21;
T_9.20 ;
    %pushi/vec4 0, 0, 2;
    %assign/vec4 v00000273d4a1d970_0, 0;
    %pushi/vec4 0, 0, 2;
    %assign/vec4 v00000273d4a1e5f0_0, 0;
T_9.21 ;
    %jmp T_9.19;
T_9.18 ;
    %load/vec4 v00000273d4a1c890_0;
    %addi 1, 0, 4;
    %assign/vec4 v00000273d4a1c890_0, 0;
T_9.19 ;
T_9.16 ;
    %jmp T_9.8;
T_9.6 ;
    %load/vec4 v00000273d4a1c7f0_0;
    %flag_set/vec4 8;
    %jmp/0xz  T_9.22, 8;
    %load/vec4 v00000273d4a1c890_0;
    %cmpi/e 15, 0, 4;
    %jmp/0xz  T_9.24, 4;
    %pushi/vec4 0, 0, 4;
    %assign/vec4 v00000273d4a1c890_0, 0;
    %load/vec4 v00000273d4a1da10_0;
    %load/vec4 v00000273d4a1dab0_0;
    %parti/s 7, 1, 2;
    %concat/vec4; draw_concat_vec4
    %assign/vec4 v00000273d4a1dab0_0, 0;
    %load/vec4 v00000273d4a1c750_0;
    %cmpi/e 7, 0, 4;
    %jmp/0xz  T_9.26, 4;
    %pushi/vec4 0, 0, 4;
    %assign/vec4 v00000273d4a1c750_0, 0;
    %pushi/vec4 3, 0, 2;
    %assign/vec4 v00000273d4a1d970_0, 0;
    %jmp T_9.27;
T_9.26 ;
    %load/vec4 v00000273d4a1c750_0;
    %addi 1, 0, 4;
    %assign/vec4 v00000273d4a1c750_0, 0;
T_9.27 ;
    %jmp T_9.25;
T_9.24 ;
    %load/vec4 v00000273d4a1c890_0;
    %addi 1, 0, 4;
    %assign/vec4 v00000273d4a1c890_0, 0;
T_9.25 ;
T_9.22 ;
    %jmp T_9.8;
T_9.7 ;
    %load/vec4 v00000273d4a1c7f0_0;
    %flag_set/vec4 8;
    %jmp/0xz  T_9.28, 8;
    %load/vec4 v00000273d4a1c890_0;
    %cmpi/e 15, 0, 4;
    %jmp/0xz  T_9.30, 4;
    %pushi/vec4 0, 0, 2;
    %assign/vec4 v00000273d4a1d970_0, 0;
    %pushi/vec4 0, 0, 4;
    %assign/vec4 v00000273d4a1c890_0, 0;
    %pushi/vec4 0, 0, 2;
    %assign/vec4 v00000273d4a1e5f0_0, 0;
    %load/vec4 v00000273d4a1da10_0;
    %cmpi/e 1, 0, 1;
    %jmp/0xz  T_9.32, 4;
    %load/vec4 v00000273d4a1dab0_0;
    %assign/vec4 v00000273d4a1d790_0, 0;
    %pushi/vec4 1, 0, 1;
    %assign/vec4 v00000273d4a1d510_0, 0;
T_9.32 ;
    %jmp T_9.31;
T_9.30 ;
    %load/vec4 v00000273d4a1c890_0;
    %addi 1, 0, 4;
    %assign/vec4 v00000273d4a1c890_0, 0;
T_9.31 ;
T_9.28 ;
    %jmp T_9.8;
T_9.8 ;
    %pop/vec4 1;
T_9.1 ;
    %jmp T_9;
    .thread T_9;
    .scope S_00000273d497ad60;
T_10 ;
    %wait E_00000273d49f0d90;
    %load/vec4 v00000273d4a1ca70_0;
    %store/vec4 v00000273d4a1e4b0_0, 0, 5;
    %load/vec4 v00000273d4a1cb10_0;
    %store/vec4 v00000273d4a1e2d0_0, 0, 5;
    %load/vec4 v00000273d4a1c930_0;
    %flag_set/vec4 9;
    %flag_get/vec4 9;
    %jmp/0 T_10.2, 9;
    %load/vec4 v00000273d4a1d010_0;
    %nor/r;
    %and;
T_10.2;
    %flag_set/vec4 8;
    %jmp/0xz  T_10.0, 8;
    %load/vec4 v00000273d4a1ca70_0;
    %addi 1, 0, 5;
    %store/vec4 v00000273d4a1e4b0_0, 0, 5;
T_10.0 ;
    %load/vec4 v00000273d4a1cf70_0;
    %flag_set/vec4 9;
    %flag_get/vec4 9;
    %jmp/0 T_10.5, 9;
    %load/vec4 v00000273d4a1d650_0;
    %nor/r;
    %and;
T_10.5;
    %flag_set/vec4 8;
    %jmp/0xz  T_10.3, 8;
    %load/vec4 v00000273d4a1cb10_0;
    %addi 1, 0, 5;
    %store/vec4 v00000273d4a1e2d0_0, 0, 5;
T_10.3 ;
    %jmp T_10;
    .thread T_10, $push;
    .scope S_00000273d497ad60;
T_11 ;
    %wait E_00000273d49f0e10;
    %load/vec4 v00000273d4a1d330_0;
    %nor/r;
    %flag_set/vec4 8;
    %jmp/0xz  T_11.0, 8;
    %pushi/vec4 0, 0, 5;
    %assign/vec4 v00000273d4a1ca70_0, 0;
    %pushi/vec4 0, 0, 5;
    %assign/vec4 v00000273d4a1cb10_0, 0;
    %jmp T_11.1;
T_11.0 ;
    %load/vec4 v00000273d4a1e4b0_0;
    %assign/vec4 v00000273d4a1ca70_0, 0;
    %load/vec4 v00000273d4a1e2d0_0;
    %assign/vec4 v00000273d4a1cb10_0, 0;
T_11.1 ;
    %jmp T_11;
    .thread T_11;
    .scope S_00000273d497ad60;
T_12 ;
    %wait E_00000273d49f0b50;
    %load/vec4 v00000273d4a1c930_0;
    %flag_set/vec4 9;
    %flag_get/vec4 9;
    %jmp/0 T_12.2, 9;
    %load/vec4 v00000273d4a1d010_0;
    %nor/r;
    %and;
T_12.2;
    %flag_set/vec4 8;
    %jmp/0xz  T_12.0, 8;
    %load/vec4 v00000273d4a1e050_0;
    %load/vec4 v00000273d4a1ca70_0;
    %parti/s 4, 0, 2;
    %pad/u 6;
    %ix/vec4 3;
    %ix/load 4, 0, 0; Constant delay
    %assign/vec4/a/d v00000273d4a1d1f0, 0, 4;
T_12.0 ;
    %jmp T_12;
    .thread T_12;
    .scope S_00000273d497ad60;
T_13 ;
    %wait E_00000273d49f0d10;
    %load/vec4 v00000273d4a1cb10_0;
    %parti/s 4, 0, 2;
    %pad/u 6;
    %ix/vec4 4;
    %load/vec4a v00000273d4a1d1f0, 4;
    %store/vec4 v00000273d4a1ce30_0, 0, 8;
    %jmp T_13;
    .thread T_13, $push;
    .scope S_00000273d497ad60;
T_14 ;
    %wait E_00000273d49f0cd0;
    %load/vec4 v00000273d4a1ca70_0;
    %parti/s 1, 4, 4;
    %load/vec4 v00000273d4a1cb10_0;
    %parti/s 1, 4, 4;
    %cmp/ne;
    %flag_get/vec4 4;
    %jmp/0 T_14.0, 4;
    %load/vec4 v00000273d4a1ca70_0;
    %parti/s 4, 0, 2;
    %load/vec4 v00000273d4a1cb10_0;
    %parti/s 4, 0, 2;
    %cmp/e;
    %flag_get/vec4 4;
    %and;
T_14.0;
    %store/vec4 v00000273d4a1d010_0, 0, 1;
    %load/vec4 v00000273d4a1ca70_0;
    %load/vec4 v00000273d4a1cb10_0;
    %cmp/e;
    %flag_get/vec4 4;
    %store/vec4 v00000273d4a1d650_0, 0, 1;
    %load/vec4 v00000273d4a1ca70_0;
    %load/vec4 v00000273d4a1cb10_0;
    %sub;
    %store/vec4 v00000273d4a1dfb0_0, 0, 5;
    %jmp T_14;
    .thread T_14, $push;
    .scope S_00000273d49aca40;
T_15 ;
    %wait E_00000273d49f0e10;
    %load/vec4 v00000273d49fdb20_0;
    %nor/r;
    %flag_set/vec4 8;
    %jmp/0xz  T_15.0, 8;
    %pushi/vec4 0, 0, 2;
    %assign/vec4 v00000273d49ff6a0_0, 0;
    %pushi/vec4 0, 0, 1;
    %assign/vec4 v00000273d49ff380_0, 0;
    %pushi/vec4 0, 0, 1;
    %assign/vec4 v00000273d49ff100_0, 0;
    %pushi/vec4 1, 0, 1;
    %assign/vec4 v00000273d49ff1a0_0, 0;
    %pushi/vec4 0, 0, 8;
    %assign/vec4 v00000273d49fe520_0, 0;
    %pushi/vec4 0, 0, 1;
    %assign/vec4 v00000273d49fe340_0, 0;
    %pushi/vec4 0, 0, 8;
    %assign/vec4 v00000273d49fe8e0_0, 0;
    %pushi/vec4 0, 0, 4;
    %assign/vec4 v00000273d49fea20_0, 0;
    %pushi/vec4 0, 0, 8;
    %assign/vec4 v00000273d49fda80_0, 0;
    %pushi/vec4 0, 0, 8;
    %assign/vec4 v00000273d49fdd00_0, 0;
    %pushi/vec4 0, 0, 1;
    %assign/vec4 v00000273d49fe0c0_0, 0;
    %pushi/vec4 0, 0, 1;
    %assign/vec4 v00000273d49fdbc0_0, 0;
    %jmp T_15.1;
T_15.0 ;
    %pushi/vec4 0, 0, 1;
    %assign/vec4 v00000273d49fe340_0, 0;
    %load/vec4 v00000273d49ff6a0_0;
    %dup/vec4;
    %pushi/vec4 0, 0, 2;
    %cmp/u;
    %jmp/1 T_15.2, 6;
    %dup/vec4;
    %pushi/vec4 1, 0, 2;
    %cmp/u;
    %jmp/1 T_15.3, 6;
    %dup/vec4;
    %pushi/vec4 2, 0, 2;
    %cmp/u;
    %jmp/1 T_15.4, 6;
    %dup/vec4;
    %pushi/vec4 3, 0, 2;
    %cmp/u;
    %jmp/1 T_15.5, 6;
    %jmp T_15.6;
T_15.2 ;
    %load/vec4 v00000273d49ff740_0;
    %assign/vec4 v00000273d49ff380_0, 0;
    %pushi/vec4 1, 0, 1;
    %assign/vec4 v00000273d49ff1a0_0, 0;
    %load/vec4 v00000273d49fdc60_0;
    %flag_set/vec4 8;
    %jmp/0xz  T_15.7, 8;
    %load/vec4 v00000273d49feb60_0;
    %assign/vec4 v00000273d49fda80_0, 0;
    %pushi/vec4 1, 0, 2;
    %assign/vec4 v00000273d49ff6a0_0, 0;
    %pushi/vec4 0, 0, 1;
    %assign/vec4 v00000273d49ff1a0_0, 0;
    %pushi/vec4 0, 0, 8;
    %assign/vec4 v00000273d49fe8e0_0, 0;
    %pushi/vec4 8, 0, 4;
    %assign/vec4 v00000273d49fea20_0, 0;
T_15.7 ;
    %jmp T_15.6;
T_15.3 ;
    %load/vec4 v00000273d49fe8e0_0;
    %load/vec4 v00000273d49fede0_0;
    %cmp/e;
    %jmp/0xz  T_15.9, 4;
    %pushi/vec4 0, 0, 8;
    %assign/vec4 v00000273d49fe8e0_0, 0;
    %load/vec4 v00000273d49ff380_0;
    %inv;
    %assign/vec4 v00000273d49ff380_0, 0;
    %pushi/vec4 2, 0, 2;
    %assign/vec4 v00000273d49ff6a0_0, 0;
    %jmp T_15.10;
T_15.9 ;
    %load/vec4 v00000273d49fe8e0_0;
    %addi 1, 0, 8;
    %assign/vec4 v00000273d49fe8e0_0, 0;
T_15.10 ;
    %jmp T_15.6;
T_15.4 ;
    %load/vec4 v00000273d49fe8e0_0;
    %load/vec4 v00000273d49fede0_0;
    %cmp/e;
    %jmp/0xz  T_15.11, 4;
    %pushi/vec4 0, 0, 8;
    %assign/vec4 v00000273d49fe8e0_0, 0;
    %load/vec4 v00000273d49ff380_0;
    %inv;
    %assign/vec4 v00000273d49ff380_0, 0;
    %load/vec4 v00000273d49fea20_0;
    %pad/u 32;
    %cmpi/e 1, 0, 32;
    %flag_get/vec4 4;
    %jmp/0 T_15.15, 4;
    %load/vec4 v00000273d49ff380_0;
    %load/vec4 v00000273d49ff740_0;
    %load/vec4 v00000273d49fe480_0;
    %xor;
    %cmp/e;
    %flag_get/vec4 4;
    %and;
T_15.15;
    %flag_set/vec4 8;
    %jmp/0xz  T_15.13, 8;
    %pushi/vec4 3, 0, 2;
    %assign/vec4 v00000273d49ff6a0_0, 0;
    %jmp T_15.14;
T_15.13 ;
    %load/vec4 v00000273d49ff380_0;
    %load/vec4 v00000273d49ff740_0;
    %load/vec4 v00000273d49fe480_0;
    %xor;
    %cmp/e;
    %jmp/0xz  T_15.16, 4;
    %load/vec4 v00000273d49fda80_0;
    %parti/s 1, 7, 4;
    %assign/vec4 v00000273d49ff100_0, 0;
    %load/vec4 v00000273d49fda80_0;
    %parti/s 7, 0, 2;
    %concati/vec4 0, 0, 1;
    %assign/vec4 v00000273d49fda80_0, 0;
    %load/vec4 v00000273d49fea20_0;
    %subi 1, 0, 4;
    %assign/vec4 v00000273d49fea20_0, 0;
    %jmp T_15.17;
T_15.16 ;
    %load/vec4 v00000273d49fdd00_0;
    %parti/s 7, 0, 2;
    %load/vec4 v00000273d49ff7e0_0;
    %concat/vec4; draw_concat_vec4
    %assign/vec4 v00000273d49fdd00_0, 0;
T_15.17 ;
T_15.14 ;
    %jmp T_15.12;
T_15.11 ;
    %load/vec4 v00000273d49fe8e0_0;
    %addi 1, 0, 8;
    %assign/vec4 v00000273d49fe8e0_0, 0;
T_15.12 ;
    %jmp T_15.6;
T_15.5 ;
    %pushi/vec4 1, 0, 1;
    %assign/vec4 v00000273d49ff1a0_0, 0;
    %load/vec4 v00000273d49ff740_0;
    %assign/vec4 v00000273d49ff380_0, 0;
    %load/vec4 v00000273d49fdd00_0;
    %assign/vec4 v00000273d49fe520_0, 0;
    %pushi/vec4 1, 0, 1;
    %assign/vec4 v00000273d49fe340_0, 0;
    %pushi/vec4 0, 0, 2;
    %assign/vec4 v00000273d49ff6a0_0, 0;
    %jmp T_15.6;
T_15.6 ;
    %pop/vec4 1;
T_15.1 ;
    %jmp T_15;
    .thread T_15;
    .scope S_00000273d49acbd0;
T_16 ;
    %wait E_00000273d49f0c10;
    %load/vec4 v00000273d49e7a60_0;
    %store/vec4 v00000273d49e83c0_0, 0, 5;
    %load/vec4 v00000273d49e7880_0;
    %store/vec4 v00000273d49e7f60_0, 0, 5;
    %load/vec4 v00000273d49e85a0_0;
    %flag_set/vec4 9;
    %flag_get/vec4 9;
    %jmp/0 T_16.2, 9;
    %load/vec4 v00000273d49fef20_0;
    %nor/r;
    %and;
T_16.2;
    %flag_set/vec4 8;
    %jmp/0xz  T_16.0, 8;
    %load/vec4 v00000273d49e7a60_0;
    %addi 1, 0, 5;
    %store/vec4 v00000273d49e83c0_0, 0, 5;
T_16.0 ;
    %load/vec4 v00000273d49e8280_0;
    %flag_set/vec4 9;
    %flag_get/vec4 9;
    %jmp/0 T_16.5, 9;
    %load/vec4 v00000273d49feac0_0;
    %nor/r;
    %and;
T_16.5;
    %flag_set/vec4 8;
    %jmp/0xz  T_16.3, 8;
    %load/vec4 v00000273d49e7880_0;
    %addi 1, 0, 5;
    %store/vec4 v00000273d49e7f60_0, 0, 5;
T_16.3 ;
    %jmp T_16;
    .thread T_16, $push;
    .scope S_00000273d49acbd0;
T_17 ;
    %wait E_00000273d49f0e10;
    %load/vec4 v00000273d49e8000_0;
    %nor/r;
    %flag_set/vec4 8;
    %jmp/0xz  T_17.0, 8;
    %pushi/vec4 0, 0, 5;
    %assign/vec4 v00000273d49e7a60_0, 0;
    %pushi/vec4 0, 0, 5;
    %assign/vec4 v00000273d49e7880_0, 0;
    %jmp T_17.1;
T_17.0 ;
    %load/vec4 v00000273d49e83c0_0;
    %assign/vec4 v00000273d49e7a60_0, 0;
    %load/vec4 v00000273d49e7f60_0;
    %assign/vec4 v00000273d49e7880_0, 0;
T_17.1 ;
    %jmp T_17;
    .thread T_17;
    .scope S_00000273d49acbd0;
T_18 ;
    %wait E_00000273d49f0b50;
    %load/vec4 v00000273d49e85a0_0;
    %flag_set/vec4 9;
    %flag_get/vec4 9;
    %jmp/0 T_18.2, 9;
    %load/vec4 v00000273d49fef20_0;
    %nor/r;
    %and;
T_18.2;
    %flag_set/vec4 8;
    %jmp/0xz  T_18.0, 8;
    %load/vec4 v00000273d49fe3e0_0;
    %load/vec4 v00000273d49e7a60_0;
    %parti/s 4, 0, 2;
    %pad/u 6;
    %ix/vec4 3;
    %ix/load 4, 0, 0; Constant delay
    %assign/vec4/a/d v00000273d49e8320, 0, 4;
T_18.0 ;
    %jmp T_18;
    .thread T_18;
    .scope S_00000273d49acbd0;
T_19 ;
    %wait E_00000273d49f0ed0;
    %load/vec4 v00000273d49e7880_0;
    %parti/s 4, 0, 2;
    %pad/u 6;
    %ix/vec4 4;
    %load/vec4a v00000273d49e8320, 4;
    %store/vec4 v00000273d49fe5c0_0, 0, 8;
    %jmp T_19;
    .thread T_19, $push;
    .scope S_00000273d49acbd0;
T_20 ;
    %wait E_00000273d49f0a50;
    %load/vec4 v00000273d49e7a60_0;
    %parti/s 1, 4, 4;
    %load/vec4 v00000273d49e7880_0;
    %parti/s 1, 4, 4;
    %cmp/ne;
    %flag_get/vec4 4;
    %jmp/0 T_20.0, 4;
    %load/vec4 v00000273d49e7a60_0;
    %parti/s 4, 0, 2;
    %load/vec4 v00000273d49e7880_0;
    %parti/s 4, 0, 2;
    %cmp/e;
    %flag_get/vec4 4;
    %and;
T_20.0;
    %store/vec4 v00000273d49fef20_0, 0, 1;
    %load/vec4 v00000273d49e7a60_0;
    %load/vec4 v00000273d49e7880_0;
    %cmp/e;
    %flag_get/vec4 4;
    %store/vec4 v00000273d49feac0_0, 0, 1;
    %load/vec4 v00000273d49e7a60_0;
    %load/vec4 v00000273d49e7880_0;
    %sub;
    %store/vec4 v00000273d49fe2a0_0, 0, 5;
    %jmp T_20;
    .thread T_20, $push;
    .scope S_00000273d49be300;
T_21 ;
    %wait E_00000273d49f0e10;
    %load/vec4 v00000273d4a6b050_0;
    %nor/r;
    %flag_set/vec4 8;
    %jmp/0xz  T_21.0, 8;
    %pushi/vec4 0, 0, 2;
    %assign/vec4 v00000273d4a6af10_0, 0;
    %pushi/vec4 0, 0, 1;
    %assign/vec4 v00000273d4a6a1f0_0, 0;
    %pushi/vec4 0, 0, 1;
    %assign/vec4 v00000273d4a6bc30_0, 0;
    %pushi/vec4 0, 0, 1;
    %assign/vec4 v00000273d4a6b870_0, 0;
    %pushi/vec4 0, 0, 8;
    %assign/vec4 v00000273d4a6afb0_0, 0;
    %pushi/vec4 0, 0, 1;
    %assign/vec4 v00000273d4a6b410_0, 0;
    %jmp T_21.1;
T_21.0 ;
    %pushi/vec4 0, 0, 1;
    %assign/vec4 v00000273d4a6a1f0_0, 0;
    %pushi/vec4 0, 0, 1;
    %assign/vec4 v00000273d4a6bc30_0, 0;
    %pushi/vec4 0, 0, 1;
    %assign/vec4 v00000273d4a6b870_0, 0;
    %pushi/vec4 0, 0, 1;
    %assign/vec4 v00000273d4a6b410_0, 0;
    %load/vec4 v00000273d4a6af10_0;
    %dup/vec4;
    %pushi/vec4 0, 0, 2;
    %cmp/u;
    %jmp/1 T_21.2, 6;
    %dup/vec4;
    %pushi/vec4 1, 0, 2;
    %cmp/u;
    %jmp/1 T_21.3, 6;
    %dup/vec4;
    %pushi/vec4 2, 0, 2;
    %cmp/u;
    %jmp/1 T_21.4, 6;
    %pushi/vec4 0, 0, 2;
    %assign/vec4 v00000273d4a6af10_0, 0;
    %jmp T_21.6;
T_21.2 ;
    %load/vec4 v00000273d4a6baf0_0;
    %nor/r;
    %flag_set/vec4 9;
    %flag_get/vec4 9;
    %jmp/0 T_21.9, 9;
    %load/vec4 v00000273d4a6a970_0;
    %nor/r;
    %and;
T_21.9;
    %flag_set/vec4 8;
    %jmp/0xz  T_21.7, 8;
    %pushi/vec4 1, 0, 1;
    %assign/vec4 v00000273d4a6bc30_0, 0;
    %pushi/vec4 1, 0, 1;
    %assign/vec4 v00000273d4a6a1f0_0, 0;
    %pushi/vec4 1, 0, 2;
    %assign/vec4 v00000273d4a6af10_0, 0;
    %jmp T_21.8;
T_21.7 ;
    %load/vec4 v00000273d4a6a650_0;
    %nor/r;
    %flag_set/vec4 9;
    %flag_get/vec4 9;
    %jmp/0 T_21.12, 9;
    %load/vec4 v00000273d4a6a3d0_0;
    %nor/r;
    %and;
T_21.12;
    %flag_set/vec4 8;
    %jmp/0xz  T_21.10, 8;
    %pushi/vec4 1, 0, 1;
    %assign/vec4 v00000273d4a6b870_0, 0;
    %pushi/vec4 2, 0, 2;
    %assign/vec4 v00000273d4a6af10_0, 0;
T_21.10 ;
T_21.8 ;
    %jmp T_21.6;
T_21.3 ;
    %load/vec4 v00000273d4a6a830_0;
    %flag_set/vec4 8;
    %jmp/0xz  T_21.13, 8;
    %pushi/vec4 0, 0, 2;
    %assign/vec4 v00000273d4a6af10_0, 0;
T_21.13 ;
    %jmp T_21.6;
T_21.4 ;
    %load/vec4 v00000273d4a6abf0_0;
    %assign/vec4 v00000273d4a6afb0_0, 0;
    %pushi/vec4 1, 0, 1;
    %assign/vec4 v00000273d4a6b410_0, 0;
    %pushi/vec4 0, 0, 2;
    %assign/vec4 v00000273d4a6af10_0, 0;
    %jmp T_21.6;
T_21.6 ;
    %pop/vec4 1;
T_21.1 ;
    %jmp T_21;
    .thread T_21;
    .scope S_00000273d49e1c90;
T_22 ;
    %pushi/vec4 90, 0, 8;
    %store/vec4 v00000273d4a6b4b0_0, 0, 8;
    %end;
    .thread T_22, $init;
    .scope S_00000273d49e1c90;
T_23 ;
    %pushi/vec4 0, 0, 1;
    %store/vec4 v00000273d4a6b190_0, 0, 1;
T_23.0 ;
    %delay 10000, 0;
    %load/vec4 v00000273d4a6b190_0;
    %inv;
    %store/vec4 v00000273d4a6b190_0, 0, 1;
    %jmp T_23.0;
    %end;
    .thread T_23;
    .scope S_00000273d49e1c90;
T_24 ;
    %pushi/vec4 7, 0, 32;
    %store/vec4 v00000273d4a6b690_0, 0, 32;
    %load/vec4 v00000273d4a6b4b0_0;
    %parti/s 1, 7, 4;
    %store/vec4 v00000273d4a6ab50_0, 0, 1;
    %end;
    .thread T_24;
    .scope S_00000273d49e1c90;
T_25 ;
    %wait E_00000273d49f0a90;
    %pushi/vec4 7, 0, 32;
    %assign/vec4 v00000273d4a6b690_0, 0;
    %load/vec4 v00000273d4a6b4b0_0;
    %parti/s 1, 7, 4;
    %assign/vec4 v00000273d4a6ab50_0, 0;
    %jmp T_25;
    .thread T_25;
    .scope S_00000273d49e1c90;
T_26 ;
    %wait E_00000273d49f1690;
    %load/vec4 v00000273d4a6b5f0_0;
    %nor/r;
    %flag_set/vec4 8;
    %jmp/0xz  T_26.0, 8;
    %load/vec4 v00000273d4a6b690_0;
    %cmpi/s 0, 0, 32;
    %flag_or 5, 4; GT is !LE
    %flag_inv 5;
    %jmp/0xz  T_26.2, 5;
    %load/vec4 v00000273d4a6b690_0;
    %subi 1, 0, 32;
    %cast2;
    %assign/vec4 v00000273d4a6b690_0, 0;
    %load/vec4 v00000273d4a6b4b0_0;
    %load/vec4 v00000273d4a6b690_0;
    %subi 1, 0, 32;
    %part/s 1;
    %assign/vec4 v00000273d4a6ab50_0, 0;
    %jmp T_26.3;
T_26.2 ;
    %load/vec4 v00000273d4a6b4b0_0;
    %parti/s 1, 0, 2;
    %assign/vec4 v00000273d4a6ab50_0, 0;
T_26.3 ;
T_26.0 ;
    %jmp T_26;
    .thread T_26;
    .scope S_00000273d49e1c90;
T_27 ;
    %pushi/vec4 0, 0, 1;
    %store/vec4 v00000273d4a6b2d0_0, 0, 1;
    %pushi/vec4 1, 0, 1;
    %store/vec4 v00000273d4a6d1a0_0, 0, 1;
    %pushi/vec4 2, 0, 8;
    %store/vec4 v00000273d4a6b730_0, 0, 8;
    %pushi/vec4 0, 0, 2;
    %store/vec4 v00000273d4a6b550_0, 0, 2;
    %delay 100000, 0;
    %pushi/vec4 1, 0, 1;
    %store/vec4 v00000273d4a6b2d0_0, 0, 1;
    %delay 100000, 0;
    %vpi_call/w 3 181 "$display", "[%0t] Starting Peripheral Subsystem Integration Test...", $time {0 0 0};
    %fork t_1, S_00000273d49e1c90;
    %fork t_2, S_00000273d49e1c90;
    %fork t_3, S_00000273d49e1c90;
    %join;
    %join;
    %join;
    %jmp t_0;
t_1 ;
    %alloc S_00000273d49be170;
    %pushi/vec4 166, 0, 8;
    %store/vec4 v00000273d49fe700_0, 0, 8;
    %fork TD_peripheral_subsystem_tb.drive_uart_rx_byte, S_00000273d49be170;
    %join;
    %free S_00000273d49be170;
    %end;
t_2 ;
    %alloc S_00000273d4a0e8e0;
    %pushi/vec4 0, 0, 1;
    %store/vec4 v00000273d4a6bf50_0, 0, 1;
    %pushi/vec4 17360, 0, 32;
    %store/vec4 v00000273d4a6aab0_0, 0, 32;
    %fork TD_peripheral_subsystem_tb.wait_for_ss, S_00000273d4a0e8e0;
    %join;
    %free S_00000273d4a0e8e0;
    %alloc S_00000273d4a0e8e0;
    %pushi/vec4 1, 0, 1;
    %store/vec4 v00000273d4a6bf50_0, 0, 1;
    %pushi/vec4 17360, 0, 32;
    %store/vec4 v00000273d4a6aab0_0, 0, 32;
    %fork TD_peripheral_subsystem_tb.wait_for_ss, S_00000273d4a0e8e0;
    %join;
    %free S_00000273d4a0e8e0;
    %end;
t_3 ;
    %alloc S_00000273d4a0e5c0;
    %pushi/vec4 90, 0, 8;
    %store/vec4 v00000273d4a6b0f0_0, 0, 8;
    %pushi/vec4 52080, 0, 32;
    %store/vec4 v00000273d4a6b9b0_0, 0, 32;
    %fork TD_peripheral_subsystem_tb.expect_uart_tx_byte, S_00000273d4a0e5c0;
    %join;
    %free S_00000273d4a0e5c0;
    %end;
    .scope S_00000273d49e1c90;
t_0 ;
    %alloc S_00000273d4a0e750;
    %pushi/vec4 868, 0, 32;
    %store/vec4 v00000273d4a6a8d0_0, 0, 32;
    %fork TD_peripheral_subsystem_tb.wait_cycles, S_00000273d4a0e750;
    %join;
    %free S_00000273d4a0e750;
    %alloc S_00000273d498eca0;
    %load/vec4 v00000273d4a6d7e0_0;
    %pushi/vec4 1, 0, 1;
    %cmp/e;
    %flag_get/vec4 6;
    %store/vec4 v00000273d49ff420_0, 0, 1;
    %pushi/str "UART TX did not return to idle high";
    %store/str v00000273d49fed40_0;
    %fork TD_peripheral_subsystem_tb.check, S_00000273d498eca0;
    %join;
    %free S_00000273d498eca0;
    %vpi_call/w 3 204 "$display", "[%0t] Peripheral Subsystem loopback test completed successfully.", $time {0 0 0};
    %vpi_call/w 3 205 "$finish" {0 0 0};
    %end;
    .thread T_27;
# The file index is used to find the file name in the following table.
:file_names 8;
    "N/A";
    "<interactive>";
    "-";
    "peripheral_subsystem_tb.sv";
    "peripheral_subsystem.sv";
    "spi_master.sv";
    "sync_fifo.sv";
    "uart_top.sv";
