#! /c/Source/iverilog-install/bin/vvp
:ivl_version "12.0 (devel)" "(s20150603-1539-g2693dd32b)";
:ivl_delay_selection "TYPICAL";
:vpi_time_precision - 12;
:vpi_module "C:\Users\iverilog\lib\ivl\system.vpi";
:vpi_module "C:\Users\iverilog\lib\ivl\vhdl_sys.vpi";
:vpi_module "C:\Users\iverilog\lib\ivl\vhdl_textio.vpi";
:vpi_module "C:\Users\iverilog\lib\ivl\v2005_math.vpi";
:vpi_module "C:\Users\iverilog\lib\ivl\va_math.vpi";
:vpi_module "C:\Users\iverilog\lib\ivl\v2009.vpi";
S_0000028e95b270e0 .scope package, "$unit" "$unit" 2 1;
 .timescale 0 0;
S_0000028e95abe1d0 .scope module, "uart_top_tb" "uart_top_tb" 3 3;
 .timescale -9 -12;
P_0000028e95ac0d20 .param/l "BAUD_RATE" 1 3 6, +C4<00000000000000000000000000001010>;
P_0000028e95ac0d58 .param/l "BIT_CLKS" 1 3 7, +C4<00000000000000000000000000100000>;
P_0000028e95ac0d90 .param/l "CLK_FREQ" 1 3 5, +C4<00000000000000000000000101000000>;
P_0000028e95ac0dc8 .param/l "HALF_BIT" 1 3 8, +C4<00000000000000000000000000010000>;
v0000028e95b27f40_0 .var "clk", 0 0;
v0000028e95b28580_0 .var "din", 7 0;
v0000028e95ac3bb0_0 .net "dout", 7 0, v0000028e95b29520_0;  1 drivers
v0000028e95ac46f0_0 .var "rst_n", 0 0;
v0000028e95ac4970_0 .var "rx_line", 0 0;
v0000028e95ac43d0_0 .net "rx_valid", 0 0, v0000028e95b29d40_0;  1 drivers
v0000028e95ac4470_0 .net "tx", 0 0, v0000028e95b28260_0;  1 drivers
v0000028e95ac3c50_0 .net "tx_busy", 0 0, L_0000028e95ac4830;  1 drivers
v0000028e95ac3ed0_0 .var "wr_en", 0 0;
E_0000028e95b308a0 .event anyedge, v0000028e95b29980_0;
E_0000028e95b30960 .event posedge, v0000028e95b288a0_0;
E_0000028e95b309e0 .event negedge, v0000028e95b288a0_0;
S_0000028e95b190a0 .scope begin, "$ivl_for_loop0" "$ivl_for_loop0" 3 269, 3 269 0, S_0000028e95abe1d0;
 .timescale -9 -12;
v0000028e95b28620_0 .var/2s "stress_idx", 31 0;
S_0000028e95ac0f00 .scope autotask, "check" "check" 3 35, 3 35 0, S_0000028e95abe1d0;
 .timescale -9 -12;
v0000028e95b28f80_0 .var/2u "condition", 0 0;
v0000028e95b29480_0 .var/str "message";
TD_uart_top_tb.check ;
    %load/vec4 v0000028e95b28f80_0;
    %nor/r;
    %flag_set/vec4 8;
    %jmp/0xz  T_0.0, 8;
    %vpi_call/w 3 40 "$fatal", 32'sb00000000000000000000000000000001, "FAIL: %s", v0000028e95b29480_0 {0 0 0};
T_0.0 ;
    %end;
S_0000028e95b24a10 .scope autotask, "drive_rx_byte" "drive_rx_byte" 3 97, 3 97 0, S_0000028e95abe1d0;
 .timescale -9 -12;
v0000028e95b29c00_0 .var "value", 7 0;
TD_uart_top_tb.drive_rx_byte ;
    %alloc S_0000028e95b25630;
    %load/vec4 v0000028e95b29c00_0;
    %store/vec4 v0000028e95b28c60_0, 0, 8;
    %pushi/vec4 1, 0, 1;
    %store/vec4 v0000028e95b295c0_0, 0, 1;
    %fork TD_uart_top_tb.drive_rx_frame, S_0000028e95b25630;
    %join;
    %free S_0000028e95b25630;
    %end;
S_0000028e95b25630 .scope autotask, "drive_rx_frame" "drive_rx_frame" 3 75, 3 75 0, S_0000028e95abe1d0;
 .timescale -9 -12;
v0000028e95b286c0_0 .var/2s "bit_idx", 31 0;
v0000028e95b295c0_0 .var/2u "stop_high", 0 0;
v0000028e95b28c60_0 .var "value", 7 0;
TD_uart_top_tb.drive_rx_frame ;
    %wait E_0000028e95b309e0;
    %pushi/vec4 0, 0, 1;
    %store/vec4 v0000028e95ac4970_0, 0, 1;
    %pushi/vec4 32, 0, 32;
T_2.2 %dup/vec4;
    %pushi/vec4 0, 0, 32;
    %cmp/s;
    %jmp/1xz T_2.3, 5;
    %jmp/1 T_2.3, 4;
    %pushi/vec4 1, 0, 32;
    %sub;
    %wait E_0000028e95b30960;
    %jmp T_2.2;
T_2.3 ;
    %pop/vec4 1;
    %pushi/vec4 0, 0, 32;
    %store/vec4 v0000028e95b286c0_0, 0, 32;
T_2.4 ;
    %load/vec4 v0000028e95b286c0_0;
    %cmpi/s 8, 0, 32;
    %jmp/0xz T_2.5, 5;
    %load/vec4 v0000028e95b28c60_0;
    %load/vec4 v0000028e95b286c0_0;
    %part/s 1;
    %store/vec4 v0000028e95ac4970_0, 0, 1;
    %pushi/vec4 32, 0, 32;
T_2.6 %dup/vec4;
    %pushi/vec4 0, 0, 32;
    %cmp/s;
    %jmp/1xz T_2.7, 5;
    %jmp/1 T_2.7, 4;
    %pushi/vec4 1, 0, 32;
    %sub;
    %wait E_0000028e95b30960;
    %jmp T_2.6;
T_2.7 ;
    %pop/vec4 1;
    ; show_stmt_assign_vector: Get l-value for compressed += operand
    %load/vec4 v0000028e95b286c0_0;
    %pushi/vec4 1, 0, 32;
    %add;
    %cast2;
    %store/vec4 v0000028e95b286c0_0, 0, 32;
    %jmp T_2.4;
T_2.5 ;
    %load/vec4 v0000028e95b295c0_0;
    %store/vec4 v0000028e95ac4970_0, 0, 1;
    %pushi/vec4 32, 0, 32;
T_2.8 %dup/vec4;
    %pushi/vec4 0, 0, 32;
    %cmp/s;
    %jmp/1xz T_2.9, 5;
    %jmp/1 T_2.9, 4;
    %pushi/vec4 1, 0, 32;
    %sub;
    %wait E_0000028e95b30960;
    %jmp T_2.8;
T_2.9 ;
    %pop/vec4 1;
    %pushi/vec4 1, 0, 1;
    %store/vec4 v0000028e95ac4970_0, 0, 1;
    %pushi/vec4 32, 0, 32;
T_2.10 %dup/vec4;
    %pushi/vec4 0, 0, 32;
    %cmp/s;
    %jmp/1xz T_2.11, 5;
    %jmp/1 T_2.11, 4;
    %pushi/vec4 1, 0, 32;
    %sub;
    %wait E_0000028e95b30960;
    %jmp T_2.10;
T_2.11 ;
    %pop/vec4 1;
    %end;
S_0000028e95b257c0 .scope autotask, "drive_rx_glitch" "drive_rx_glitch" 3 104, 3 104 0, S_0000028e95abe1d0;
 .timescale -9 -12;
v0000028e95b29340_0 .var/2s "low_cycles", 31 0;
TD_uart_top_tb.drive_rx_glitch ;
    %wait E_0000028e95b309e0;
    %pushi/vec4 0, 0, 1;
    %store/vec4 v0000028e95ac4970_0, 0, 1;
    %load/vec4 v0000028e95b29340_0;
T_3.12 %dup/vec4;
    %pushi/vec4 0, 0, 32;
    %cmp/s;
    %jmp/1xz T_3.13, 5;
    %jmp/1 T_3.13, 4;
    %pushi/vec4 1, 0, 32;
    %sub;
    %wait E_0000028e95b30960;
    %jmp T_3.12;
T_3.13 ;
    %pop/vec4 1;
    %pushi/vec4 1, 0, 1;
    %store/vec4 v0000028e95ac4970_0, 0, 1;
    %pushi/vec4 32, 0, 32;
T_3.14 %dup/vec4;
    %pushi/vec4 0, 0, 32;
    %cmp/s;
    %jmp/1xz T_3.15, 5;
    %jmp/1 T_3.15, 4;
    %pushi/vec4 1, 0, 32;
    %sub;
    %wait E_0000028e95b30960;
    %jmp T_3.14;
T_3.15 ;
    %pop/vec4 1;
    %end;
S_0000028e95b2c550 .scope module, "dut" "uart_top" 3 23, 4 1 0, S_0000028e95abe1d0;
 .timescale 0 0;
    .port_info 0 /INPUT 1 "clk";
    .port_info 1 /INPUT 1 "rst_n";
    .port_info 2 /INPUT 1 "wr_en";
    .port_info 3 /INPUT 8 "din";
    .port_info 4 /OUTPUT 8 "dout";
    .port_info 5 /OUTPUT 1 "rx_valid";
    .port_info 6 /OUTPUT 1 "tx_busy";
    .port_info 7 /OUTPUT 1 "tx";
    .port_info 8 /INPUT 1 "rx";
P_0000028e95b2c6e0 .param/l "BAUD_RATE" 0 4 3, +C4<00000000000000000000000000001010>;
P_0000028e95b2c718 .param/l "BIT_CLKS" 1 4 16, +C4<00000000000000000000000000100000>;
P_0000028e95b2c750 .param/l "CLK_FREQ" 0 4 2, +C4<00000000000000000000000101000000>;
P_0000028e95b2c788 .param/l "DIVISOR" 1 4 17, +C4<00000000000000000000000000000010>;
P_0000028e95b2c7c0 .param/l "DIV_WIDTH" 1 4 18, +C4<00000000000000000000000000000001>;
P_0000028e95b2c7f8 .param/l "TX_BIT_CLKS" 1 4 50, +C4<00000000000000000000000000100000>;
P_0000028e95b2c830 .param/l "TX_CNT_WIDTH" 1 4 51, +C4<00000000000000000000000000000101>;
enum0000028e95b03e20 .enum4 (2)
   "TX_IDLE" 2'b00,
   "TX_START" 2'b01,
   "TX_DATA" 2'b10,
   "TX_STOP" 2'b11
 ;
enum0000028e95b00360 .enum4 (2)
   "RX_IDLE" 2'b00,
   "RX_START" 2'b01,
   "RX_DATA" 2'b10,
   "RX_STOP" 2'b11
 ;
L_0000028e95b265e0 .functor AND 1, L_0000028e95ac3cf0, L_0000028e95ac4510, C4<1>, C4<1>;
L_0000028e95b900b8 .functor BUFT 1, C4<00>, C4<0>, C4<0>, C4<0>;
v0000028e95b29ca0_0 .net/2u *"_ivl_0", 1 0, L_0000028e95b900b8;  1 drivers
v0000028e95b289e0_0 .net *"_ivl_10", 0 0, L_0000028e95ac4510;  1 drivers
L_0000028e95b90190 .functor BUFT 1, C4<00>, C4<0>, C4<0>, C4<0>;
v0000028e95b28760_0 .net/2u *"_ivl_14", 1 0, L_0000028e95b90190;  1 drivers
v0000028e95b28080_0 .net *"_ivl_2", 0 0, L_0000028e95ac3cf0;  1 drivers
v0000028e95b28440_0 .net *"_ivl_4", 31 0, L_0000028e95ac4010;  1 drivers
L_0000028e95b90100 .functor BUFT 1, C4<000000000000000000000000000>, C4<0>, C4<0>, C4<0>;
v0000028e95b28800_0 .net *"_ivl_7", 26 0, L_0000028e95b90100;  1 drivers
L_0000028e95b90148 .functor BUFT 1, C4<00000000000000000000000000011111>, C4<0>, C4<0>, C4<0>;
v0000028e95b29700_0 .net/2u *"_ivl_8", 31 0, L_0000028e95b90148;  1 drivers
v0000028e95b28a80_0 .var "baud_counter", 0 0;
v0000028e95b288a0_0 .net "clk", 0 0, v0000028e95b27f40_0;  1 drivers
v0000028e95b293e0_0 .net "din", 7 0, v0000028e95b28580_0;  1 drivers
v0000028e95b29520_0 .var "dout", 7 0;
v0000028e95b29020_0 .net "rst_n", 0 0, v0000028e95ac46f0_0;  1 drivers
v0000028e95b28bc0_0 .net "rx", 0 0, v0000028e95ac4970_0;  1 drivers
v0000028e95b28d00_0 .var "rx_bit_cnt", 3 0;
v0000028e95b290c0_0 .var "rx_sample_cnt", 3 0;
v0000028e95b283a0_0 .var "rx_shift_reg", 7 0;
v0000028e95b28940_0 .var "rx_start_low_cnt", 1 0;
v0000028e95b28b20_0 .var "rx_state", 1 0;
v0000028e95b29660_0 .var "rx_sync1", 0 0;
v0000028e95b297a0_0 .var "rx_sync2", 0 0;
v0000028e95b29d40_0 .var "rx_valid", 0 0;
v0000028e95b28da0_0 .var "tick_16x", 0 0;
v0000028e95b28260_0 .var "tx", 0 0;
v0000028e95b29840_0 .var "tx_bit_cnt", 3 0;
v0000028e95b28e40_0 .net "tx_bit_tick", 0 0, L_0000028e95b265e0;  1 drivers
v0000028e95b29980_0 .net "tx_busy", 0 0, L_0000028e95ac4830;  alias, 1 drivers
v0000028e95b298e0_0 .var "tx_clk_cnt", 4 0;
v0000028e95b29a20_0 .var "tx_shift_reg", 7 0;
v0000028e95b28ee0_0 .var "tx_state", 1 0;
v0000028e95b281c0_0 .net "wr_en", 0 0, v0000028e95ac3ed0_0;  1 drivers
E_0000028e95b2fea0/0 .event negedge, v0000028e95b29020_0;
E_0000028e95b2fea0/1 .event posedge, v0000028e95b288a0_0;
E_0000028e95b2fea0 .event/or E_0000028e95b2fea0/0, E_0000028e95b2fea0/1;
L_0000028e95ac3cf0 .cmp/ne 2, v0000028e95b28ee0_0, L_0000028e95b900b8;
L_0000028e95ac4010 .concat [ 5 27 0 0], v0000028e95b298e0_0, L_0000028e95b90100;
L_0000028e95ac4510 .cmp/eq 32, L_0000028e95ac4010, L_0000028e95b90148;
L_0000028e95ac4830 .cmp/ne 2, v0000028e95b28ee0_0, L_0000028e95b90190;
S_0000028e95ae1ee0 .scope autotask, "ensure_no_rx_valid" "ensure_no_rx_valid" 3 151, 3 151 0, S_0000028e95abe1d0;
 .timescale -9 -12;
v0000028e95b29200_0 .var/2s "cycle_idx", 31 0;
v0000028e95b284e0_0 .var/2s "cycles", 31 0;
TD_uart_top_tb.ensure_no_rx_valid ;
    %pushi/vec4 0, 0, 32;
    %store/vec4 v0000028e95b29200_0, 0, 32;
T_4.16 ;
    %load/vec4 v0000028e95b29200_0;
    %load/vec4 v0000028e95b284e0_0;
    %cmp/s;
    %jmp/0xz T_4.17, 5;
    %wait E_0000028e95b30960;
    %delay 1000, 0;
    %alloc S_0000028e95ac0f00;
    %load/vec4 v0000028e95ac43d0_0;
    %pushi/vec4 0, 0, 1;
    %cmp/e;
    %flag_get/vec4 6;
    %store/vec4 v0000028e95b28f80_0, 0, 1;
    %pushi/str "rx_valid must remain low";
    %store/str v0000028e95b29480_0;
    %fork TD_uart_top_tb.check, S_0000028e95ac0f00;
    %join;
    %free S_0000028e95ac0f00;
    ; show_stmt_assign_vector: Get l-value for compressed += operand
    %load/vec4 v0000028e95b29200_0;
    %pushi/vec4 1, 0, 32;
    %add;
    %cast2;
    %store/vec4 v0000028e95b29200_0, 0, 32;
    %jmp T_4.16;
T_4.17 ;
    %end;
S_0000028e95ae2070 .scope autotask, "expect_rx_byte" "expect_rx_byte" 3 115, 3 115 0, S_0000028e95abe1d0;
 .timescale -9 -12;
v0000028e95b28120_0 .var "expected", 7 0;
E_0000028e95b30d20 .event anyedge, v0000028e95b29d40_0;
TD_uart_top_tb.expect_rx_byte ;
T_5.18 ;
    %load/vec4 v0000028e95ac43d0_0;
    %pushi/vec4 1, 0, 1;
    %cmp/e;
    %flag_get/vec4 6;
    %cmpi/ne 1, 0, 1;
    %jmp/0xz T_5.19, 6;
    %wait E_0000028e95b30d20;
    %jmp T_5.18;
T_5.19 ;
    %delay 1000, 0;
    %alloc S_0000028e95ac0f00;
    %load/vec4 v0000028e95ac3bb0_0;
    %load/vec4 v0000028e95b28120_0;
    %cmp/e;
    %flag_get/vec4 6;
    %store/vec4 v0000028e95b28f80_0, 0, 1;
    %vpi_func/s 3 120 "$sformatf", "received byte expected %02h got %02h", v0000028e95b28120_0, v0000028e95ac3bb0_0 {0 0 0};
    %store/str v0000028e95b29480_0;
    %fork TD_uart_top_tb.check, S_0000028e95ac0f00;
    %join;
    %free S_0000028e95ac0f00;
    %end;
S_0000028e95b35ab0 .scope autotask, "expect_tx_frame" "expect_tx_frame" 3 124, 3 124 0, S_0000028e95abe1d0;
 .timescale -9 -12;
v0000028e95b29ac0_0 .var "expected", 7 0;
v0000028e95b29b60_0 .var/2s "frame_cycles", 31 0;
TD_uart_top_tb.expect_tx_frame ;
T_6.20 ;
    %load/vec4 v0000028e95ac3c50_0;
    %pushi/vec4 1, 0, 1;
    %cmp/e;
    %flag_get/vec4 6;
    %cmpi/ne 1, 0, 1;
    %jmp/0xz T_6.21, 6;
    %wait E_0000028e95b308a0;
    %jmp T_6.20;
T_6.21 ;
    %delay 1000, 0;
    %alloc S_0000028e95ac0f00;
    %load/vec4 v0000028e95ac4470_0;
    %pushi/vec4 0, 0, 1;
    %cmp/e;
    %flag_get/vec4 6;
    %store/vec4 v0000028e95b28f80_0, 0, 1;
    %pushi/str "tx start bit low";
    %store/str v0000028e95b29480_0;
    %fork TD_uart_top_tb.check, S_0000028e95ac0f00;
    %join;
    %free S_0000028e95ac0f00;
    %alloc S_0000028e95ac0f00;
    %load/vec4 v0000028e95ac3c50_0;
    %pushi/vec4 1, 0, 1;
    %cmp/e;
    %flag_get/vec4 6;
    %store/vec4 v0000028e95b28f80_0, 0, 1;
    %pushi/str "tx_busy asserted during transmission";
    %store/str v0000028e95b29480_0;
    %fork TD_uart_top_tb.check, S_0000028e95ac0f00;
    %join;
    %free S_0000028e95ac0f00;
    %pushi/vec4 16, 0, 32;
T_6.22 %dup/vec4;
    %pushi/vec4 0, 0, 32;
    %cmp/s;
    %jmp/1xz T_6.23, 5;
    %jmp/1 T_6.23, 4;
    %pushi/vec4 1, 0, 32;
    %sub;
    %wait E_0000028e95b30960;
    %jmp T_6.22;
T_6.23 ;
    %pop/vec4 1;
    %delay 1000, 0;
    %alloc S_0000028e95ac0f00;
    %load/vec4 v0000028e95ac4470_0;
    %pushi/vec4 0, 0, 1;
    %cmp/e;
    %flag_get/vec4 6;
    %store/vec4 v0000028e95b28f80_0, 0, 1;
    %pushi/str "start bit still low at midpoint";
    %store/str v0000028e95b29480_0;
    %fork TD_uart_top_tb.check, S_0000028e95ac0f00;
    %join;
    %free S_0000028e95ac0f00;
    %pushi/vec4 0, 0, 32;
    %store/vec4 v0000028e95b29b60_0, 0, 32;
T_6.24 ;
    %load/vec4 v0000028e95ac3c50_0;
    %cmpi/e 1, 0, 1;
    %flag_get/vec4 6;
    %jmp/0 T_6.26, 6;
    %load/vec4 v0000028e95b29b60_0;
    %cmpi/s 640, 0, 32;
    %flag_get/vec4 5;
    %and;
T_6.26;
    %flag_set/vec4 8;
    %jmp/0xz T_6.25, 8;
    %wait E_0000028e95b30960;
    %delay 1000, 0;
    ; show_stmt_assign_vector: Get l-value for compressed += operand
    %load/vec4 v0000028e95b29b60_0;
    %pushi/vec4 1, 0, 32;
    %add;
    %cast2;
    %store/vec4 v0000028e95b29b60_0, 0, 32;
    %jmp T_6.24;
T_6.25 ;
    %alloc S_0000028e95ac0f00;
    %pushi/vec4 288, 0, 32;
    %load/vec4 v0000028e95b29b60_0;
    %cmp/s;
    %flag_get/vec4 4;
    %flag_get/vec4 5;
    %or;
    %store/vec4 v0000028e95b28f80_0, 0, 1;
    %vpi_func/s 3 144 "$sformatf", "tx frame too short for %02h", v0000028e95b29ac0_0 {0 0 0};
    %store/str v0000028e95b29480_0;
    %fork TD_uart_top_tb.check, S_0000028e95ac0f00;
    %join;
    %free S_0000028e95ac0f00;
    %delay 1000, 0;
    %alloc S_0000028e95ac0f00;
    %load/vec4 v0000028e95ac4470_0;
    %pushi/vec4 1, 0, 1;
    %cmp/e;
    %flag_get/vec4 6;
    %store/vec4 v0000028e95b28f80_0, 0, 1;
    %pushi/str "tx idle high after frame";
    %store/str v0000028e95b29480_0;
    %fork TD_uart_top_tb.check, S_0000028e95ac0f00;
    %join;
    %free S_0000028e95ac0f00;
    %end;
S_0000028e95b35c40 .scope autotask, "pulse_write" "pulse_write" 3 64, 3 64 0, S_0000028e95abe1d0;
 .timescale -9 -12;
v0000028e95b27ea0_0 .var "value", 7 0;
TD_uart_top_tb.pulse_write ;
    %wait E_0000028e95b309e0;
    %load/vec4 v0000028e95b27ea0_0;
    %store/vec4 v0000028e95b28580_0, 0, 8;
    %pushi/vec4 1, 0, 1;
    %store/vec4 v0000028e95ac3ed0_0, 0, 1;
    %wait E_0000028e95b309e0;
    %pushi/vec4 0, 0, 1;
    %store/vec4 v0000028e95ac3ed0_0, 0, 1;
    %end;
S_0000028e95a92ce0 .scope autotask, "reset_dut" "reset_dut" 3 52, 3 52 0, S_0000028e95abe1d0;
 .timescale -9 -12;
TD_uart_top_tb.reset_dut ;
    %pushi/vec4 0, 0, 1;
    %store/vec4 v0000028e95ac46f0_0, 0, 1;
    %pushi/vec4 0, 0, 1;
    %store/vec4 v0000028e95ac3ed0_0, 0, 1;
    %pushi/vec4 0, 0, 8;
    %store/vec4 v0000028e95b28580_0, 0, 8;
    %pushi/vec4 1, 0, 1;
    %store/vec4 v0000028e95ac4970_0, 0, 1;
    %alloc S_0000028e95a92e70;
    %pushi/vec4 4, 0, 32;
    %store/vec4 v0000028e95b28300_0, 0, 32;
    %fork TD_uart_top_tb.wait_cycles, S_0000028e95a92e70;
    %join;
    %free S_0000028e95a92e70;
    %pushi/vec4 1, 0, 1;
    %store/vec4 v0000028e95ac46f0_0, 0, 1;
    %alloc S_0000028e95a92e70;
    %pushi/vec4 2, 0, 32;
    %store/vec4 v0000028e95b28300_0, 0, 32;
    %fork TD_uart_top_tb.wait_cycles, S_0000028e95a92e70;
    %join;
    %free S_0000028e95a92e70;
    %end;
S_0000028e95a92e70 .scope autotask, "wait_cycles" "wait_cycles" 3 45, 3 45 0, S_0000028e95abe1d0;
 .timescale -9 -12;
v0000028e95b28300_0 .var/2s "cycles", 31 0;
TD_uart_top_tb.wait_cycles ;
    %load/vec4 v0000028e95b28300_0;
T_9.27 %dup/vec4;
    %pushi/vec4 0, 0, 32;
    %cmp/s;
    %jmp/1xz T_9.28, 5;
    %jmp/1 T_9.28, 4;
    %pushi/vec4 1, 0, 32;
    %sub;
    %wait E_0000028e95b30960;
    %jmp T_9.27;
T_9.28 ;
    %pop/vec4 1;
    %end;
    .scope S_0000028e95b2c550;
T_10 ;
    %wait E_0000028e95b2fea0;
    %load/vec4 v0000028e95b29020_0;
    %nor/r;
    %flag_set/vec4 8;
    %jmp/0xz  T_10.0, 8;
    %pushi/vec4 0, 0, 1;
    %assign/vec4 v0000028e95b28a80_0, 0;
    %pushi/vec4 0, 0, 1;
    %assign/vec4 v0000028e95b28da0_0, 0;
    %jmp T_10.1;
T_10.0 ;
    %load/vec4 v0000028e95b28a80_0;
    %pad/u 32;
    %cmpi/e 1, 0, 32;
    %jmp/0xz  T_10.2, 4;
    %pushi/vec4 0, 0, 1;
    %assign/vec4 v0000028e95b28a80_0, 0;
    %pushi/vec4 1, 0, 1;
    %assign/vec4 v0000028e95b28da0_0, 0;
    %jmp T_10.3;
T_10.2 ;
    %load/vec4 v0000028e95b28a80_0;
    %addi 1, 0, 1;
    %assign/vec4 v0000028e95b28a80_0, 0;
    %pushi/vec4 0, 0, 1;
    %assign/vec4 v0000028e95b28da0_0, 0;
T_10.3 ;
T_10.1 ;
    %jmp T_10;
    .thread T_10;
    .scope S_0000028e95b2c550;
T_11 ;
    %wait E_0000028e95b2fea0;
    %load/vec4 v0000028e95b29020_0;
    %nor/r;
    %flag_set/vec4 8;
    %jmp/0xz  T_11.0, 8;
    %pushi/vec4 0, 0, 5;
    %assign/vec4 v0000028e95b298e0_0, 0;
    %jmp T_11.1;
T_11.0 ;
    %load/vec4 v0000028e95b28ee0_0;
    %cmpi/e 0, 0, 2;
    %jmp/0xz  T_11.2, 4;
    %pushi/vec4 0, 0, 5;
    %assign/vec4 v0000028e95b298e0_0, 0;
    %jmp T_11.3;
T_11.2 ;
    %load/vec4 v0000028e95b298e0_0;
    %pad/u 32;
    %cmpi/e 31, 0, 32;
    %jmp/0xz  T_11.4, 4;
    %pushi/vec4 0, 0, 5;
    %assign/vec4 v0000028e95b298e0_0, 0;
    %jmp T_11.5;
T_11.4 ;
    %load/vec4 v0000028e95b298e0_0;
    %addi 1, 0, 5;
    %assign/vec4 v0000028e95b298e0_0, 0;
T_11.5 ;
T_11.3 ;
T_11.1 ;
    %jmp T_11;
    .thread T_11;
    .scope S_0000028e95b2c550;
T_12 ;
    %wait E_0000028e95b2fea0;
    %load/vec4 v0000028e95b29020_0;
    %nor/r;
    %flag_set/vec4 8;
    %jmp/0xz  T_12.0, 8;
    %pushi/vec4 0, 0, 2;
    %assign/vec4 v0000028e95b28ee0_0, 0;
    %pushi/vec4 1, 0, 1;
    %assign/vec4 v0000028e95b28260_0, 0;
    %pushi/vec4 0, 0, 8;
    %assign/vec4 v0000028e95b29a20_0, 0;
    %pushi/vec4 0, 0, 4;
    %assign/vec4 v0000028e95b29840_0, 0;
    %jmp T_12.1;
T_12.0 ;
    %load/vec4 v0000028e95b28ee0_0;
    %dup/vec4;
    %pushi/vec4 0, 0, 2;
    %cmp/u;
    %jmp/1 T_12.2, 6;
    %dup/vec4;
    %pushi/vec4 1, 0, 2;
    %cmp/u;
    %jmp/1 T_12.3, 6;
    %dup/vec4;
    %pushi/vec4 2, 0, 2;
    %cmp/u;
    %jmp/1 T_12.4, 6;
    %dup/vec4;
    %pushi/vec4 3, 0, 2;
    %cmp/u;
    %jmp/1 T_12.5, 6;
    %jmp T_12.6;
T_12.2 ;
    %pushi/vec4 1, 0, 1;
    %assign/vec4 v0000028e95b28260_0, 0;
    %load/vec4 v0000028e95b281c0_0;
    %flag_set/vec4 9;
    %flag_get/vec4 9;
    %jmp/0 T_12.9, 9;
    %load/vec4 v0000028e95b29980_0;
    %nor/r;
    %and;
T_12.9;
    %flag_set/vec4 8;
    %jmp/0xz  T_12.7, 8;
    %load/vec4 v0000028e95b293e0_0;
    %assign/vec4 v0000028e95b29a20_0, 0;
    %pushi/vec4 1, 0, 2;
    %assign/vec4 v0000028e95b28ee0_0, 0;
    %pushi/vec4 0, 0, 4;
    %assign/vec4 v0000028e95b29840_0, 0;
    %pushi/vec4 0, 0, 1;
    %assign/vec4 v0000028e95b28260_0, 0;
T_12.7 ;
    %jmp T_12.6;
T_12.3 ;
    %pushi/vec4 0, 0, 1;
    %assign/vec4 v0000028e95b28260_0, 0;
    %load/vec4 v0000028e95b28e40_0;
    %flag_set/vec4 8;
    %jmp/0xz  T_12.10, 8;
    %load/vec4 v0000028e95b29a20_0;
    %parti/s 1, 0, 2;
    %assign/vec4 v0000028e95b28260_0, 0;
    %load/vec4 v0000028e95b29a20_0;
    %ix/load 4, 1, 0;
    %flag_set/imm 4, 0;
    %shiftr 4;
    %assign/vec4 v0000028e95b29a20_0, 0;
    %pushi/vec4 0, 0, 4;
    %assign/vec4 v0000028e95b29840_0, 0;
    %pushi/vec4 2, 0, 2;
    %assign/vec4 v0000028e95b28ee0_0, 0;
T_12.10 ;
    %jmp T_12.6;
T_12.4 ;
    %load/vec4 v0000028e95b28e40_0;
    %flag_set/vec4 8;
    %jmp/0xz  T_12.12, 8;
    %load/vec4 v0000028e95b29840_0;
    %cmpi/e 7, 0, 4;
    %jmp/0xz  T_12.14, 4;
    %pushi/vec4 1, 0, 1;
    %assign/vec4 v0000028e95b28260_0, 0;
    %pushi/vec4 3, 0, 2;
    %assign/vec4 v0000028e95b28ee0_0, 0;
    %jmp T_12.15;
T_12.14 ;
    %load/vec4 v0000028e95b29a20_0;
    %parti/s 1, 0, 2;
    %assign/vec4 v0000028e95b28260_0, 0;
    %load/vec4 v0000028e95b29a20_0;
    %ix/load 4, 1, 0;
    %flag_set/imm 4, 0;
    %shiftr 4;
    %assign/vec4 v0000028e95b29a20_0, 0;
    %load/vec4 v0000028e95b29840_0;
    %addi 1, 0, 4;
    %assign/vec4 v0000028e95b29840_0, 0;
T_12.15 ;
T_12.12 ;
    %jmp T_12.6;
T_12.5 ;
    %pushi/vec4 1, 0, 1;
    %assign/vec4 v0000028e95b28260_0, 0;
    %load/vec4 v0000028e95b28e40_0;
    %flag_set/vec4 8;
    %jmp/0xz  T_12.16, 8;
    %pushi/vec4 0, 0, 2;
    %assign/vec4 v0000028e95b28ee0_0, 0;
T_12.16 ;
    %jmp T_12.6;
T_12.6 ;
    %pop/vec4 1;
T_12.1 ;
    %jmp T_12;
    .thread T_12;
    .scope S_0000028e95b2c550;
T_13 ;
    %wait E_0000028e95b2fea0;
    %load/vec4 v0000028e95b29020_0;
    %nor/r;
    %flag_set/vec4 8;
    %jmp/0xz  T_13.0, 8;
    %pushi/vec4 1, 0, 1;
    %assign/vec4 v0000028e95b29660_0, 0;
    %pushi/vec4 1, 0, 1;
    %assign/vec4 v0000028e95b297a0_0, 0;
    %jmp T_13.1;
T_13.0 ;
    %load/vec4 v0000028e95b28bc0_0;
    %assign/vec4 v0000028e95b29660_0, 0;
    %load/vec4 v0000028e95b29660_0;
    %assign/vec4 v0000028e95b297a0_0, 0;
T_13.1 ;
    %jmp T_13;
    .thread T_13;
    .scope S_0000028e95b2c550;
T_14 ;
    %wait E_0000028e95b2fea0;
    %load/vec4 v0000028e95b29020_0;
    %nor/r;
    %flag_set/vec4 8;
    %jmp/0xz  T_14.0, 8;
    %pushi/vec4 0, 0, 2;
    %assign/vec4 v0000028e95b28b20_0, 0;
    %pushi/vec4 0, 0, 4;
    %assign/vec4 v0000028e95b290c0_0, 0;
    %pushi/vec4 0, 0, 4;
    %assign/vec4 v0000028e95b28d00_0, 0;
    %pushi/vec4 0, 0, 8;
    %assign/vec4 v0000028e95b283a0_0, 0;
    %pushi/vec4 0, 0, 2;
    %assign/vec4 v0000028e95b28940_0, 0;
    %pushi/vec4 0, 0, 8;
    %assign/vec4 v0000028e95b29520_0, 0;
    %pushi/vec4 0, 0, 1;
    %assign/vec4 v0000028e95b29d40_0, 0;
    %jmp T_14.1;
T_14.0 ;
    %pushi/vec4 0, 0, 1;
    %assign/vec4 v0000028e95b29d40_0, 0;
    %load/vec4 v0000028e95b28b20_0;
    %dup/vec4;
    %pushi/vec4 0, 0, 2;
    %cmp/u;
    %jmp/1 T_14.2, 6;
    %dup/vec4;
    %pushi/vec4 1, 0, 2;
    %cmp/u;
    %jmp/1 T_14.3, 6;
    %dup/vec4;
    %pushi/vec4 2, 0, 2;
    %cmp/u;
    %jmp/1 T_14.4, 6;
    %dup/vec4;
    %pushi/vec4 3, 0, 2;
    %cmp/u;
    %jmp/1 T_14.5, 6;
    %jmp T_14.6;
T_14.2 ;
    %load/vec4 v0000028e95b297a0_0;
    %cmpi/e 0, 0, 1;
    %jmp/0xz  T_14.7, 4;
    %load/vec4 v0000028e95b28940_0;
    %cmpi/e 1, 0, 2;
    %jmp/0xz  T_14.9, 4;
    %pushi/vec4 1, 0, 2;
    %assign/vec4 v0000028e95b28b20_0, 0;
    %pushi/vec4 0, 0, 4;
    %assign/vec4 v0000028e95b290c0_0, 0;
    %pushi/vec4 0, 0, 2;
    %assign/vec4 v0000028e95b28940_0, 0;
    %jmp T_14.10;
T_14.9 ;
    %load/vec4 v0000028e95b28940_0;
    %addi 1, 0, 2;
    %assign/vec4 v0000028e95b28940_0, 0;
T_14.10 ;
    %jmp T_14.8;
T_14.7 ;
    %pushi/vec4 0, 0, 2;
    %assign/vec4 v0000028e95b28940_0, 0;
T_14.8 ;
    %jmp T_14.6;
T_14.3 ;
    %load/vec4 v0000028e95b28da0_0;
    %flag_set/vec4 8;
    %jmp/0xz  T_14.11, 8;
    %load/vec4 v0000028e95b290c0_0;
    %cmpi/e 7, 0, 4;
    %jmp/0xz  T_14.13, 4;
    %load/vec4 v0000028e95b297a0_0;
    %cmpi/e 0, 0, 1;
    %jmp/0xz  T_14.15, 4;
    %pushi/vec4 2, 0, 2;
    %assign/vec4 v0000028e95b28b20_0, 0;
    %pushi/vec4 0, 0, 4;
    %assign/vec4 v0000028e95b290c0_0, 0;
    %pushi/vec4 0, 0, 4;
    %assign/vec4 v0000028e95b28d00_0, 0;
    %jmp T_14.16;
T_14.15 ;
    %pushi/vec4 0, 0, 2;
    %assign/vec4 v0000028e95b28b20_0, 0;
    %pushi/vec4 0, 0, 2;
    %assign/vec4 v0000028e95b28940_0, 0;
T_14.16 ;
    %jmp T_14.14;
T_14.13 ;
    %load/vec4 v0000028e95b290c0_0;
    %addi 1, 0, 4;
    %assign/vec4 v0000028e95b290c0_0, 0;
T_14.14 ;
T_14.11 ;
    %jmp T_14.6;
T_14.4 ;
    %load/vec4 v0000028e95b28da0_0;
    %flag_set/vec4 8;
    %jmp/0xz  T_14.17, 8;
    %load/vec4 v0000028e95b290c0_0;
    %cmpi/e 15, 0, 4;
    %jmp/0xz  T_14.19, 4;
    %pushi/vec4 0, 0, 4;
    %assign/vec4 v0000028e95b290c0_0, 0;
    %load/vec4 v0000028e95b297a0_0;
    %load/vec4 v0000028e95b283a0_0;
    %parti/s 7, 1, 2;
    %concat/vec4; draw_concat_vec4
    %assign/vec4 v0000028e95b283a0_0, 0;
    %load/vec4 v0000028e95b28d00_0;
    %cmpi/e 7, 0, 4;
    %jmp/0xz  T_14.21, 4;
    %pushi/vec4 0, 0, 4;
    %assign/vec4 v0000028e95b28d00_0, 0;
    %pushi/vec4 3, 0, 2;
    %assign/vec4 v0000028e95b28b20_0, 0;
    %jmp T_14.22;
T_14.21 ;
    %load/vec4 v0000028e95b28d00_0;
    %addi 1, 0, 4;
    %assign/vec4 v0000028e95b28d00_0, 0;
T_14.22 ;
    %jmp T_14.20;
T_14.19 ;
    %load/vec4 v0000028e95b290c0_0;
    %addi 1, 0, 4;
    %assign/vec4 v0000028e95b290c0_0, 0;
T_14.20 ;
T_14.17 ;
    %jmp T_14.6;
T_14.5 ;
    %load/vec4 v0000028e95b28da0_0;
    %flag_set/vec4 8;
    %jmp/0xz  T_14.23, 8;
    %load/vec4 v0000028e95b290c0_0;
    %cmpi/e 15, 0, 4;
    %jmp/0xz  T_14.25, 4;
    %pushi/vec4 0, 0, 2;
    %assign/vec4 v0000028e95b28b20_0, 0;
    %pushi/vec4 0, 0, 4;
    %assign/vec4 v0000028e95b290c0_0, 0;
    %pushi/vec4 0, 0, 2;
    %assign/vec4 v0000028e95b28940_0, 0;
    %load/vec4 v0000028e95b297a0_0;
    %cmpi/e 1, 0, 1;
    %jmp/0xz  T_14.27, 4;
    %load/vec4 v0000028e95b283a0_0;
    %assign/vec4 v0000028e95b29520_0, 0;
    %pushi/vec4 1, 0, 1;
    %assign/vec4 v0000028e95b29d40_0, 0;
T_14.27 ;
    %jmp T_14.26;
T_14.25 ;
    %load/vec4 v0000028e95b290c0_0;
    %addi 1, 0, 4;
    %assign/vec4 v0000028e95b290c0_0, 0;
T_14.26 ;
T_14.23 ;
    %jmp T_14.6;
T_14.6 ;
    %pop/vec4 1;
T_14.1 ;
    %jmp T_14;
    .thread T_14;
    .scope S_0000028e95abe1d0;
T_15 ;
    %pushi/vec4 0, 0, 1;
    %store/vec4 v0000028e95b27f40_0, 0, 1;
T_15.0 ;
    %delay 5000, 0;
    %load/vec4 v0000028e95b27f40_0;
    %inv;
    %store/vec4 v0000028e95b27f40_0, 0, 1;
    %jmp T_15.0;
    %end;
    .thread T_15;
    .scope S_0000028e95abe1d0;
T_16 ;
    %pushi/vec4 0, 0, 1;
    %store/vec4 v0000028e95ac46f0_0, 0, 1;
    %pushi/vec4 0, 0, 1;
    %store/vec4 v0000028e95ac3ed0_0, 0, 1;
    %pushi/vec4 0, 0, 8;
    %store/vec4 v0000028e95b28580_0, 0, 8;
    %pushi/vec4 1, 0, 1;
    %store/vec4 v0000028e95ac4970_0, 0, 1;
    %alloc S_0000028e95a92ce0;
    %fork TD_uart_top_tb.reset_dut, S_0000028e95a92ce0;
    %join;
    %free S_0000028e95a92ce0;
    %alloc S_0000028e95ac0f00;
    %load/vec4 v0000028e95ac4470_0;
    %pushi/vec4 1, 0, 1;
    %cmp/e;
    %flag_get/vec4 6;
    %store/vec4 v0000028e95b28f80_0, 0, 1;
    %pushi/str "tx idle high after reset";
    %store/str v0000028e95b29480_0;
    %fork TD_uart_top_tb.check, S_0000028e95ac0f00;
    %join;
    %free S_0000028e95ac0f00;
    %alloc S_0000028e95ac0f00;
    %load/vec4 v0000028e95ac3c50_0;
    %pushi/vec4 0, 0, 1;
    %cmp/e;
    %flag_get/vec4 6;
    %store/vec4 v0000028e95b28f80_0, 0, 1;
    %pushi/str "tx_busy low after reset";
    %store/str v0000028e95b29480_0;
    %fork TD_uart_top_tb.check, S_0000028e95ac0f00;
    %join;
    %free S_0000028e95ac0f00;
    %alloc S_0000028e95ac0f00;
    %load/vec4 v0000028e95ac43d0_0;
    %pushi/vec4 0, 0, 1;
    %cmp/e;
    %flag_get/vec4 6;
    %store/vec4 v0000028e95b28f80_0, 0, 1;
    %pushi/str "rx_valid low after reset";
    %store/str v0000028e95b29480_0;
    %fork TD_uart_top_tb.check, S_0000028e95ac0f00;
    %join;
    %free S_0000028e95ac0f00;
    %fork t_1, S_0000028e95abe1d0;
    %fork t_2, S_0000028e95abe1d0;
    %join;
    %join;
    %jmp t_0;
t_1 ;
    %alloc S_0000028e95b35c40;
    %pushi/vec4 165, 0, 8;
    %store/vec4 v0000028e95b27ea0_0, 0, 8;
    %fork TD_uart_top_tb.pulse_write, S_0000028e95b35c40;
    %join;
    %free S_0000028e95b35c40;
    %end;
t_2 ;
    %alloc S_0000028e95b35ab0;
    %pushi/vec4 165, 0, 8;
    %store/vec4 v0000028e95b29ac0_0, 0, 8;
    %fork TD_uart_top_tb.expect_tx_frame, S_0000028e95b35ab0;
    %join;
    %free S_0000028e95b35ab0;
    %end;
    .scope S_0000028e95abe1d0;
t_0 ;
    %alloc S_0000028e95ac0f00;
    %load/vec4 v0000028e95ac3c50_0;
    %pushi/vec4 0, 0, 1;
    %cmp/e;
    %flag_get/vec4 6;
    %store/vec4 v0000028e95b28f80_0, 0, 1;
    %pushi/str "tx_busy low after transmit";
    %store/str v0000028e95b29480_0;
    %fork TD_uart_top_tb.check, S_0000028e95ac0f00;
    %join;
    %free S_0000028e95ac0f00;
    %fork t_4, S_0000028e95abe1d0;
    %fork t_5, S_0000028e95abe1d0;
    %join;
    %join;
    %jmp t_3;
t_4 ;
    %alloc S_0000028e95b24a10;
    %pushi/vec4 60, 0, 8;
    %store/vec4 v0000028e95b29c00_0, 0, 8;
    %fork TD_uart_top_tb.drive_rx_byte, S_0000028e95b24a10;
    %join;
    %free S_0000028e95b24a10;
    %end;
t_5 ;
    %alloc S_0000028e95ae2070;
    %pushi/vec4 60, 0, 8;
    %store/vec4 v0000028e95b28120_0, 0, 8;
    %fork TD_uart_top_tb.expect_rx_byte, S_0000028e95ae2070;
    %join;
    %free S_0000028e95ae2070;
    %end;
    .scope S_0000028e95abe1d0;
t_3 ;
    %fork t_7, S_0000028e95abe1d0;
    %fork t_8, S_0000028e95abe1d0;
    %fork t_9, S_0000028e95abe1d0;
    %join;
    %join;
    %join;
    %jmp t_6;
t_7 ;
    %alloc S_0000028e95b35c40;
    %pushi/vec4 102, 0, 8;
    %store/vec4 v0000028e95b27ea0_0, 0, 8;
    %fork TD_uart_top_tb.pulse_write, S_0000028e95b35c40;
    %join;
    %free S_0000028e95b35c40;
    %end;
t_8 ;
T_16.0 ;
    %load/vec4 v0000028e95ac3c50_0;
    %pushi/vec4 1, 0, 1;
    %cmp/e;
    %flag_get/vec4 6;
    %cmpi/ne 1, 0, 1;
    %jmp/0xz T_16.1, 6;
    %wait E_0000028e95b308a0;
    %jmp T_16.0;
T_16.1 ;
    %pushi/vec4 16, 0, 32;
T_16.2 %dup/vec4;
    %pushi/vec4 0, 0, 32;
    %cmp/s;
    %jmp/1xz T_16.3, 5;
    %jmp/1 T_16.3, 4;
    %pushi/vec4 1, 0, 32;
    %sub;
    %wait E_0000028e95b30960;
    %jmp T_16.2;
T_16.3 ;
    %pop/vec4 1;
    %wait E_0000028e95b309e0;
    %pushi/vec4 153, 0, 8;
    %store/vec4 v0000028e95b28580_0, 0, 8;
    %pushi/vec4 1, 0, 1;
    %store/vec4 v0000028e95ac3ed0_0, 0, 1;
    %wait E_0000028e95b309e0;
    %pushi/vec4 0, 0, 1;
    %store/vec4 v0000028e95ac3ed0_0, 0, 1;
    %end;
t_9 ;
    %alloc S_0000028e95b35ab0;
    %pushi/vec4 102, 0, 8;
    %store/vec4 v0000028e95b29ac0_0, 0, 8;
    %fork TD_uart_top_tb.expect_tx_frame, S_0000028e95b35ab0;
    %join;
    %free S_0000028e95b35ab0;
    %end;
    .scope S_0000028e95abe1d0;
t_6 ;
    %alloc S_0000028e95a92e70;
    %pushi/vec4 64, 0, 32;
    %store/vec4 v0000028e95b28300_0, 0, 32;
    %fork TD_uart_top_tb.wait_cycles, S_0000028e95a92e70;
    %join;
    %free S_0000028e95a92e70;
    %alloc S_0000028e95ac0f00;
    %load/vec4 v0000028e95ac3c50_0;
    %pushi/vec4 0, 0, 1;
    %cmp/e;
    %flag_get/vec4 6;
    %store/vec4 v0000028e95b28f80_0, 0, 1;
    %pushi/str "busy write rejected without extending transmit";
    %store/str v0000028e95b29480_0;
    %fork TD_uart_top_tb.check, S_0000028e95ac0f00;
    %join;
    %free S_0000028e95ac0f00;
    %alloc S_0000028e95ac0f00;
    %load/vec4 v0000028e95ac4470_0;
    %pushi/vec4 1, 0, 1;
    %cmp/e;
    %flag_get/vec4 6;
    %store/vec4 v0000028e95b28f80_0, 0, 1;
    %pushi/str "tx returns idle high after rejected busy write";
    %store/str v0000028e95b29480_0;
    %fork TD_uart_top_tb.check, S_0000028e95ac0f00;
    %join;
    %free S_0000028e95ac0f00;
    %alloc S_0000028e95a92ce0;
    %fork TD_uart_top_tb.reset_dut, S_0000028e95a92ce0;
    %join;
    %free S_0000028e95a92ce0;
    %wait E_0000028e95b309e0;
    %pushi/vec4 199, 0, 8;
    %store/vec4 v0000028e95b28580_0, 0, 8;
    %pushi/vec4 1, 0, 1;
    %store/vec4 v0000028e95ac3ed0_0, 0, 1;
    %wait E_0000028e95b309e0;
    %pushi/vec4 0, 0, 1;
    %store/vec4 v0000028e95ac3ed0_0, 0, 1;
T_16.4 ;
    %load/vec4 v0000028e95ac3c50_0;
    %pushi/vec4 1, 0, 1;
    %cmp/e;
    %flag_get/vec4 6;
    %cmpi/ne 1, 0, 1;
    %jmp/0xz T_16.5, 6;
    %wait E_0000028e95b308a0;
    %jmp T_16.4;
T_16.5 ;
    %pushi/vec4 16, 0, 32;
T_16.6 %dup/vec4;
    %pushi/vec4 0, 0, 32;
    %cmp/s;
    %jmp/1xz T_16.7, 5;
    %jmp/1 T_16.7, 4;
    %pushi/vec4 1, 0, 32;
    %sub;
    %wait E_0000028e95b30960;
    %jmp T_16.6;
T_16.7 ;
    %pop/vec4 1;
    %pushi/vec4 0, 0, 1;
    %store/vec4 v0000028e95ac46f0_0, 0, 1;
    %alloc S_0000028e95a92e70;
    %pushi/vec4 3, 0, 32;
    %store/vec4 v0000028e95b28300_0, 0, 32;
    %fork TD_uart_top_tb.wait_cycles, S_0000028e95a92e70;
    %join;
    %free S_0000028e95a92e70;
    %pushi/vec4 1, 0, 1;
    %store/vec4 v0000028e95ac46f0_0, 0, 1;
    %alloc S_0000028e95a92e70;
    %pushi/vec4 4, 0, 32;
    %store/vec4 v0000028e95b28300_0, 0, 32;
    %fork TD_uart_top_tb.wait_cycles, S_0000028e95a92e70;
    %join;
    %free S_0000028e95a92e70;
    %alloc S_0000028e95ac0f00;
    %load/vec4 v0000028e95ac3c50_0;
    %pushi/vec4 0, 0, 1;
    %cmp/e;
    %flag_get/vec4 6;
    %store/vec4 v0000028e95b28f80_0, 0, 1;
    %pushi/str "reset clears busy during TX";
    %store/str v0000028e95b29480_0;
    %fork TD_uart_top_tb.check, S_0000028e95ac0f00;
    %join;
    %free S_0000028e95ac0f00;
    %alloc S_0000028e95ac0f00;
    %load/vec4 v0000028e95ac4470_0;
    %pushi/vec4 1, 0, 1;
    %cmp/e;
    %flag_get/vec4 6;
    %store/vec4 v0000028e95b28f80_0, 0, 1;
    %pushi/str "reset drives tx idle high during TX";
    %store/str v0000028e95b29480_0;
    %fork TD_uart_top_tb.check, S_0000028e95ac0f00;
    %join;
    %free S_0000028e95ac0f00;
    %alloc S_0000028e95ac0f00;
    %load/vec4 v0000028e95ac43d0_0;
    %pushi/vec4 0, 0, 1;
    %cmp/e;
    %flag_get/vec4 6;
    %store/vec4 v0000028e95b28f80_0, 0, 1;
    %pushi/str "reset clears rx_valid during TX";
    %store/str v0000028e95b29480_0;
    %fork TD_uart_top_tb.check, S_0000028e95ac0f00;
    %join;
    %free S_0000028e95ac0f00;
    %alloc S_0000028e95b257c0;
    %pushi/vec4 1, 0, 32;
    %store/vec4 v0000028e95b29340_0, 0, 32;
    %fork TD_uart_top_tb.drive_rx_glitch, S_0000028e95b257c0;
    %join;
    %free S_0000028e95b257c0;
    %alloc S_0000028e95ae1ee0;
    %pushi/vec4 64, 0, 32;
    %store/vec4 v0000028e95b284e0_0, 0, 32;
    %fork TD_uart_top_tb.ensure_no_rx_valid, S_0000028e95ae1ee0;
    %join;
    %free S_0000028e95ae1ee0;
    %alloc S_0000028e95b25630;
    %pushi/vec4 94, 0, 8;
    %store/vec4 v0000028e95b28c60_0, 0, 8;
    %pushi/vec4 0, 0, 1;
    %store/vec4 v0000028e95b295c0_0, 0, 1;
    %fork TD_uart_top_tb.drive_rx_frame, S_0000028e95b25630;
    %join;
    %free S_0000028e95b25630;
    %alloc S_0000028e95ae1ee0;
    %pushi/vec4 128, 0, 32;
    %store/vec4 v0000028e95b284e0_0, 0, 32;
    %fork TD_uart_top_tb.ensure_no_rx_valid, S_0000028e95ae1ee0;
    %join;
    %free S_0000028e95ae1ee0;
    %alloc S_0000028e95b25630;
    %pushi/vec4 94, 0, 8;
    %store/vec4 v0000028e95b28c60_0, 0, 8;
    %pushi/vec4 1, 0, 1;
    %store/vec4 v0000028e95b295c0_0, 0, 1;
    %fork TD_uart_top_tb.drive_rx_frame, S_0000028e95b25630;
    %join;
    %free S_0000028e95b25630;
    %alloc S_0000028e95ae2070;
    %pushi/vec4 94, 0, 8;
    %store/vec4 v0000028e95b28120_0, 0, 8;
    %fork TD_uart_top_tb.expect_rx_byte, S_0000028e95ae2070;
    %join;
    %free S_0000028e95ae2070;
    %fork t_11, S_0000028e95abe1d0;
    %fork t_12, S_0000028e95abe1d0;
    %join;
    %join;
    %jmp t_10;
t_11 ;
    %alloc S_0000028e95b24a10;
    %pushi/vec4 163, 0, 8;
    %store/vec4 v0000028e95b29c00_0, 0, 8;
    %fork TD_uart_top_tb.drive_rx_byte, S_0000028e95b24a10;
    %join;
    %free S_0000028e95b24a10;
    %end;
t_12 ;
    %pushi/vec4 80, 0, 32;
T_16.8 %dup/vec4;
    %pushi/vec4 0, 0, 32;
    %cmp/s;
    %jmp/1xz T_16.9, 5;
    %jmp/1 T_16.9, 4;
    %pushi/vec4 1, 0, 32;
    %sub;
    %wait E_0000028e95b30960;
    %jmp T_16.8;
T_16.9 ;
    %pop/vec4 1;
    %pushi/vec4 0, 0, 1;
    %store/vec4 v0000028e95ac46f0_0, 0, 1;
    %alloc S_0000028e95a92e70;
    %pushi/vec4 3, 0, 32;
    %store/vec4 v0000028e95b28300_0, 0, 32;
    %fork TD_uart_top_tb.wait_cycles, S_0000028e95a92e70;
    %join;
    %free S_0000028e95a92e70;
    %pushi/vec4 1, 0, 1;
    %store/vec4 v0000028e95ac46f0_0, 0, 1;
    %end;
    .scope S_0000028e95abe1d0;
t_10 ;
    %alloc S_0000028e95a92e70;
    %pushi/vec4 2, 0, 32;
    %store/vec4 v0000028e95b28300_0, 0, 32;
    %fork TD_uart_top_tb.wait_cycles, S_0000028e95a92e70;
    %join;
    %free S_0000028e95a92e70;
    %alloc S_0000028e95ac0f00;
    %load/vec4 v0000028e95ac43d0_0;
    %pushi/vec4 0, 0, 1;
    %cmp/e;
    %flag_get/vec4 6;
    %store/vec4 v0000028e95b28f80_0, 0, 1;
    %pushi/str "reset clears rx_valid during RX";
    %store/str v0000028e95b29480_0;
    %fork TD_uart_top_tb.check, S_0000028e95ac0f00;
    %join;
    %free S_0000028e95ac0f00;
    %fork t_14, S_0000028e95b190a0;
    %jmp t_13;
    .scope S_0000028e95b190a0;
t_14 ;
    %pushi/vec4 0, 0, 32;
    %store/vec4 v0000028e95b28620_0, 0, 32;
T_16.10 ;
    %load/vec4 v0000028e95b28620_0;
    %cmpi/s 4, 0, 32;
    %jmp/0xz T_16.11, 5;
    %fork t_16, S_0000028e95b190a0;
    %fork t_17, S_0000028e95b190a0;
    %fork t_18, S_0000028e95b190a0;
    %fork t_19, S_0000028e95b190a0;
    %join;
    %join;
    %join;
    %join;
    %jmp t_15;
t_16 ;
    %alloc S_0000028e95b35c40;
    %pushi/vec4 64, 0, 8;
    %load/vec4 v0000028e95b28620_0;
    %parti/s 8, 0, 2;
    %add;
    %store/vec4 v0000028e95b27ea0_0, 0, 8;
    %fork TD_uart_top_tb.pulse_write, S_0000028e95b35c40;
    %join;
    %free S_0000028e95b35c40;
    %end;
t_17 ;
    %alloc S_0000028e95b24a10;
    %pushi/vec4 128, 0, 8;
    %load/vec4 v0000028e95b28620_0;
    %parti/s 8, 0, 2;
    %add;
    %store/vec4 v0000028e95b29c00_0, 0, 8;
    %fork TD_uart_top_tb.drive_rx_byte, S_0000028e95b24a10;
    %join;
    %free S_0000028e95b24a10;
    %end;
t_18 ;
    %alloc S_0000028e95b35ab0;
    %pushi/vec4 64, 0, 8;
    %load/vec4 v0000028e95b28620_0;
    %parti/s 8, 0, 2;
    %add;
    %store/vec4 v0000028e95b29ac0_0, 0, 8;
    %fork TD_uart_top_tb.expect_tx_frame, S_0000028e95b35ab0;
    %join;
    %free S_0000028e95b35ab0;
    %end;
t_19 ;
    %alloc S_0000028e95ae2070;
    %pushi/vec4 128, 0, 8;
    %load/vec4 v0000028e95b28620_0;
    %parti/s 8, 0, 2;
    %add;
    %store/vec4 v0000028e95b28120_0, 0, 8;
    %fork TD_uart_top_tb.expect_rx_byte, S_0000028e95ae2070;
    %join;
    %free S_0000028e95ae2070;
    %end;
    .scope S_0000028e95b190a0;
t_15 ;
    ; show_stmt_assign_vector: Get l-value for compressed += operand
    %load/vec4 v0000028e95b28620_0;
    %pushi/vec4 1, 0, 32;
    %add;
    %cast2;
    %store/vec4 v0000028e95b28620_0, 0, 32;
    %jmp T_16.10;
T_16.11 ;
    %end;
    .scope S_0000028e95abe1d0;
t_13 %join;
    %fork t_21, S_0000028e95abe1d0;
    %fork t_22, S_0000028e95abe1d0;
    %fork t_23, S_0000028e95abe1d0;
    %fork t_24, S_0000028e95abe1d0;
    %join;
    %join;
    %join;
    %join;
    %jmp t_20;
t_21 ;
    %alloc S_0000028e95b35c40;
    %pushi/vec4 90, 0, 8;
    %store/vec4 v0000028e95b27ea0_0, 0, 8;
    %fork TD_uart_top_tb.pulse_write, S_0000028e95b35c40;
    %join;
    %free S_0000028e95b35c40;
    %end;
t_22 ;
    %alloc S_0000028e95b24a10;
    %pushi/vec4 195, 0, 8;
    %store/vec4 v0000028e95b29c00_0, 0, 8;
    %fork TD_uart_top_tb.drive_rx_byte, S_0000028e95b24a10;
    %join;
    %free S_0000028e95b24a10;
    %end;
t_23 ;
T_16.12 ;
    %load/vec4 v0000028e95ac3c50_0;
    %pushi/vec4 1, 0, 1;
    %cmp/e;
    %flag_get/vec4 6;
    %cmpi/ne 1, 0, 1;
    %jmp/0xz T_16.13, 6;
    %wait E_0000028e95b308a0;
    %jmp T_16.12;
T_16.13 ;
    %delay 1000, 0;
    %alloc S_0000028e95ac0f00;
    %load/vec4 v0000028e95ac3c50_0;
    %pushi/vec4 1, 0, 1;
    %cmp/e;
    %flag_get/vec4 6;
    %store/vec4 v0000028e95b28f80_0, 0, 1;
    %pushi/str "tx busy during full duplex";
    %store/str v0000028e95b29480_0;
    %fork TD_uart_top_tb.check, S_0000028e95ac0f00;
    %join;
    %free S_0000028e95ac0f00;
    %end;
t_24 ;
    %alloc S_0000028e95ae2070;
    %pushi/vec4 195, 0, 8;
    %store/vec4 v0000028e95b28120_0, 0, 8;
    %fork TD_uart_top_tb.expect_rx_byte, S_0000028e95ae2070;
    %join;
    %free S_0000028e95ae2070;
    %end;
    .scope S_0000028e95abe1d0;
t_20 ;
    %alloc S_0000028e95ac0f00;
    %load/vec4 v0000028e95ac3c50_0;
    %pushi/vec4 0, 0, 1;
    %cmp/e;
    %flag_get/vec4 6;
    %store/vec4 v0000028e95b28f80_0, 0, 1;
    %pushi/str "tx_busy low after full duplex frame";
    %store/str v0000028e95b29480_0;
    %fork TD_uart_top_tb.check, S_0000028e95ac0f00;
    %join;
    %free S_0000028e95ac0f00;
    %alloc S_0000028e95ac0f00;
    %load/vec4 v0000028e95ac4470_0;
    %pushi/vec4 1, 0, 1;
    %cmp/e;
    %flag_get/vec4 6;
    %store/vec4 v0000028e95b28f80_0, 0, 1;
    %pushi/str "tx idle high after full duplex frame";
    %store/str v0000028e95b29480_0;
    %fork TD_uart_top_tb.check, S_0000028e95ac0f00;
    %join;
    %free S_0000028e95ac0f00;
    %vpi_call/w 3 307 "$display", "All UART tests passed." {0 0 0};
    %vpi_call/w 3 308 "$finish" {0 0 0};
    %end;
    .thread T_16;
# The file index is used to find the file name in the following table.
:file_names 5;
    "N/A";
    "<interactive>";
    "-";
    "verification/uart_top_tb.sv";
    "uart_top.sv";
